mixed_dual_bank_memory_concurrent__GB0 4F0F0BE0
muxpart__2061_mixed_dual_bank_memory_concurrent 4F0F1560
mixed_dual_bank_memory_concurrent__GB3 1769BC80
mixed_dual_bank_memory_concurrent__GB4 35C46540
mixed_dual_bank_memory_concurrent__GB5 4328CA20
mixed_dual_bank_memory_concurrent__GB6 38EF2400
muxpart__4114_mixed_dual_bank_memory_concurrent 38EF2440
mixed_dual_bank_memory_concurrent__GB9 4360F4A0
mixed_dual_bank_memory_concurrent__GB10 3DB278A0
mixed_dual_bank_memory_concurrent__GB11 46F349E0
mixed_dual_bank_memory_concurrent__GB12 3CDBA680
muxpart__4116_mixed_dual_bank_memory_concurrent 3CDBA6C0
mixed_dual_bank_memory_concurrent__GB15 317563C0
mixed_dual_bank_memory_concurrent__GB16 353354C0
mixed_dual_bank_memory_concurrent__GB17 474DDAC0
mixed_dual_bank_memory_concurrent__GB18 319F9980
muxpart__4117_mixed_dual_bank_memory_concurrent 32B462C0
mixed_dual_bank_memory_concurrent__GB21 4E0A3260
mixed_dual_bank_memory_concurrent__GB22 4E2466C0
mixed_dual_bank_memory_concurrent__GB23 4E0A93C0
mixed_dual_bank_memory_concurrent__GB2 3B069460
mixed_dual_bank_memory_concurrent__GB8 4F063520
mixed_dual_bank_memory_concurrent__GB14 4F0A4160
mixed_dual_bank_memory_concurrent__GB20 5055A560
mixed_dual_bank_memory_concurrent__GB24 4D493D20
fft_1024_sol5_gen2_core__GC0 3C3E4620
fft_1024_sol5_gen2_top__GC0 3C9EAE40
