#-----------------------------------------------------------
# Vivado v2025.2 (64-bit)
# SW Build 6299465 on Fri Nov 14 12:34:56 MST 2025
# IP Build 6300035 on Fri Nov 14 10:48:45 MST 2025
# SharedData Build 6298862 on Thu Nov 13 04:50:51 MST 2025
# Start of session at: Sun Sep 27 19:30:09 2026
# Process ID         : 4777
# Current directory  : /home/digital-1/SRIP2026/Updated-FFT-Processor
# Command line       : vivado -mode batch -source /home/digital-1/SRIP2026/Updated-FFT-Processor/fp16_baseline/vivado_synthesis_fp16.tcl -nojournal -log /home/digital-1/SRIP2026/Updated-FFT-Processor/reports/fp16_baseline/fp16_fft_2_vivado.log -tclargs fp16_fft_2 /home/digital-1/SRIP2026/Updated-FFT-Processor/reports/fp16_baseline/fp16_fft_2_metrics.csv 80.0 /home/digital-1/SRIP2026/Updated-FFT-Processor/fp16_baseline/generated_cores/fp16_fft_2/fp16_fft_2_core.v /home/digital-1/SRIP2026/Updated-FFT-Processor/fp16_baseline/generated_cores/fp16_fft_2/fp16_fft_2_top.v /home/digital-1/SRIP2026/Updated-FFT-Processor/fp16_baseline/verilog_sources xc7a35tcpg236-1 /home/digital-1/SRIP2026/Updated-FFT-Processor/verilog_sources /home/digital-1/SRIP2026/Updated-FFT-Processor/fp16_baseline/verilog_sources/twiddles_fp16_1024.txt
# Log file           : /home/digital-1/SRIP2026/Updated-FFT-Processor/reports/fp16_baseline/fp16_fft_2_vivado.log
# Journal file       : 
# Running On         : localhost.localdomain
# Platform           : RedHatEnterprise
# Operating System   : Red Hat Enterprise Linux release 8.10 (Ootpa)
# Processor Detail   : 12th Gen Intel(R) Core(TM) i9-12900K
# CPU Frequency      : 3200.000 MHz
# CPU Physical cores : 16
# CPU Logical cores  : 24
# Host memory        : 67013 MB
# Swap memory        : 33709 MB
# Total Virtual      : 100723 MB
# Available Virtual  : 96031 MB
#-----------------------------------------------------------
Sourcing tcl script '/home/digital-1/.Xilinx/Vivado/Vivado_init.tcl'
source /home/digital-1/SRIP2026/Updated-FFT-Processor/fp16_baseline/vivado_synthesis_fp16.tcl
# set design_name  [lindex $argv 0]
# set csv_output   [lindex $argv 1]
# set clock_period [lindex $argv 2]
# set core_file    [lindex $argv 3]
# set top_file     [lindex $argv 4]
# set verilog_dir  [lindex $argv 5]
# set fpga_part "xc7a35tcpg236-1"
# if { [llength $argv] >= 7 } {
#     set fpga_part [lindex $argv 6]
# }
# set shared_dir ""
# if { [llength $argv] >= 8 } {
#     set shared_dir [lindex $argv 7]
# }
# set twiddle_file ""
# if { [llength $argv] >= 9 } {
#     set twiddle_file [lindex $argv 8]
# }
# set top_module "${design_name}_top"
# puts "INFO: design_name  = $design_name"
INFO: design_name  = fp16_fft_2
# puts "INFO: top_module   = $top_module"
INFO: top_module   = fp16_fft_2_top
# puts "INFO: clock_period = $clock_period ns"
INFO: clock_period = 80.0 ns
# puts "INFO: target_part  = $fpga_part"
INFO: target_part  = xc7a35tcpg236-1
# puts "INFO: verilog_dir  = $verilog_dir"
INFO: verilog_dir  = /home/digital-1/SRIP2026/Updated-FFT-Processor/fp16_baseline/verilog_sources
# puts "INFO: shared_dir   = $shared_dir"
INFO: shared_dir   = /home/digital-1/SRIP2026/Updated-FFT-Processor/verilog_sources
# if { $twiddle_file ne "" && [file exists $twiddle_file] } {
#     set dest [file join [pwd] [file tail $twiddle_file]]
#     if { [file normalize $twiddle_file] ne [file normalize $dest] } {
#         file copy -force $twiddle_file $dest
#     }
#     puts "INFO: twiddle ROM staged at $dest"
# } else {
#     puts "WARNING: twiddle file not supplied or missing; \$readmemb may fail"
# }
INFO: twiddle ROM staged at /home/digital-1/SRIP2026/Updated-FFT-Processor/twiddles_fp16_1024.txt
# create_project -in_memory -part $fpga_part
WARNING: [Board 49-91] Board repository path '<extracted path>/vivado-boards/new/board_files' does not exist, it will not be used to search board files.
# foreach f [glob -nocomplain ${verilog_dir}/*.v] {
#     if { [string match "*tb_*" [file tail $f]] == 0 } {
#         add_files -norecurse $f
#     }
# }
# if { $shared_dir ne "" } {
#     foreach leaf {agu.v bit_reversal.v} {
#         set p [file join $shared_dir $leaf]
#         if { [file exists $p] } {
#             add_files -norecurse $p
#             puts "INFO: added shared source $p"
#         } else {
#             puts "ERROR: required shared source not found: $p"
#         }
#     }
# }
INFO: added shared source /home/digital-1/SRIP2026/Updated-FFT-Processor/verilog_sources/agu.v
INFO: added shared source /home/digital-1/SRIP2026/Updated-FFT-Processor/verilog_sources/bit_reversal.v
# add_files -norecurse $core_file
# add_files -norecurse $top_file
# set_property include_dirs $verilog_dir [current_fileset]
# set_property top $top_module [current_fileset]
# update_compile_order -fileset sources_1
# synth_design -top $top_module -part $fpga_part -mode out_of_context
Command: synth_design -top fp16_fft_2_top -part xc7a35tcpg236-1 -mode out_of_context
Starting synth_design
Attempting to get a license for feature 'Synthesis' and/or device 'xc7a35t'
INFO: [Common 17-349] Got license for feature 'Synthesis' and/or device 'xc7a35t'
INFO: [Synth 8-7079] Multithreading enabled for synth_design using a maximum of 7 processes.
INFO: [Synth 8-7078] Launching helper process for spawning children vivado processes
INFO: [Synth 8-7075] Helper process launched with PID 4824
---------------------------------------------------------------------------------
Starting Synthesize : Time (s): cpu = 00:00:02 ; elapsed = 00:00:02 . Memory (MB): peak = 2265.238 ; gain = 457.047 ; free physical = 54962 ; free virtual = 90530
---------------------------------------------------------------------------------
INFO: [Synth 8-6157] synthesizing module 'fp16_fft_2_top' [/home/digital-1/SRIP2026/Updated-FFT-Processor/fp16_baseline/generated_cores/fp16_fft_2/fp16_fft_2_top.v:10]
INFO: [Synth 8-6157] synthesizing module 'bit_reverse' [/home/digital-1/SRIP2026/Updated-FFT-Processor/verilog_sources/bit_reversal.v:1]
	Parameter MAX_N bound to: 1024 - type: integer 
	Parameter WIDTH bound to: 11 - type: integer 
INFO: [Synth 8-6155] done synthesizing module 'bit_reverse' (0#1) [/home/digital-1/SRIP2026/Updated-FFT-Processor/verilog_sources/bit_reversal.v:1]
INFO: [Synth 8-6157] synthesizing module 'fp16_fft_2_core' [/home/digital-1/SRIP2026/Updated-FFT-Processor/fp16_baseline/generated_cores/fp16_fft_2/fp16_fft_2_core.v:15]
	Parameter MAX_N bound to: 1024 - type: integer 
	Parameter ADDR_WIDTH bound to: 11 - type: integer 
INFO: [Synth 8-6157] synthesizing module 'dit_fft_agu_streaming' [/home/digital-1/SRIP2026/Updated-FFT-Processor/verilog_sources/agu.v:6]
	Parameter MAX_N bound to: 1024 - type: integer 
	Parameter ADDR_WIDTH bound to: 11 - type: integer 
INFO: [Synth 8-6155] done synthesizing module 'dit_fft_agu_streaming' (0#1) [/home/digital-1/SRIP2026/Updated-FFT-Processor/verilog_sources/agu.v:6]
INFO: [Synth 8-6157] synthesizing module 'twiddle_factor_fp16' [/home/digital-1/SRIP2026/Updated-FFT-Processor/fp16_baseline/verilog_sources/fp16_twiddle_rom.v:16]
	Parameter MAX_N bound to: 1024 - type: integer 
	Parameter ADDR_WIDTH bound to: 11 - type: integer 
INFO: [Synth 8-3876] $readmem data file 'twiddles_fp16_1024.txt' is read successfully [/home/digital-1/SRIP2026/Updated-FFT-Processor/fp16_baseline/verilog_sources/fp16_twiddle_rom.v:32]
INFO: [Synth 8-6155] done synthesizing module 'twiddle_factor_fp16' (0#1) [/home/digital-1/SRIP2026/Updated-FFT-Processor/fp16_baseline/verilog_sources/fp16_twiddle_rom.v:16]
INFO: [Synth 8-6157] synthesizing module 'fp16_dual_bank_memory_concurrent' [/home/digital-1/SRIP2026/Updated-FFT-Processor/fp16_baseline/verilog_sources/fp16_memory.v:15]
	Parameter n bound to: 2 - type: integer 
	Parameter ADDR_WIDTH bound to: 11 - type: integer 
INFO: [Synth 8-6155] done synthesizing module 'fp16_dual_bank_memory_concurrent' (0#1) [/home/digital-1/SRIP2026/Updated-FFT-Processor/fp16_baseline/verilog_sources/fp16_memory.v:15]
INFO: [Synth 8-6157] synthesizing module 'fp16_butterfly_wrapper' [/home/digital-1/SRIP2026/Updated-FFT-Processor/fp16_baseline/verilog_sources/fp16_butterfly.v:60]
INFO: [Synth 8-6157] synthesizing module 'fp16_butterfly_generation_unit' [/home/digital-1/SRIP2026/Updated-FFT-Processor/fp16_baseline/verilog_sources/fp16_butterfly.v:16]
INFO: [Synth 8-6157] synthesizing module 'fp16_cmul' [/home/digital-1/SRIP2026/Updated-FFT-Processor/fp16_baseline/verilog_sources/fp16_multiplier.v:133]
INFO: [Synth 8-6157] synthesizing module 'fp16_mul' [/home/digital-1/SRIP2026/Updated-FFT-Processor/fp16_baseline/verilog_sources/fp16_multiplier.v:16]
INFO: [Synth 8-6155] done synthesizing module 'fp16_mul' (0#1) [/home/digital-1/SRIP2026/Updated-FFT-Processor/fp16_baseline/verilog_sources/fp16_multiplier.v:16]
INFO: [Synth 8-6157] synthesizing module 'fp16_add_sub' [/home/digital-1/SRIP2026/Updated-FFT-Processor/fp16_baseline/verilog_sources/fp16_adder.v:20]
INFO: [Synth 8-6155] done synthesizing module 'fp16_add_sub' (0#1) [/home/digital-1/SRIP2026/Updated-FFT-Processor/fp16_baseline/verilog_sources/fp16_adder.v:20]
INFO: [Synth 8-6155] done synthesizing module 'fp16_cmul' (0#1) [/home/digital-1/SRIP2026/Updated-FFT-Processor/fp16_baseline/verilog_sources/fp16_multiplier.v:133]
INFO: [Synth 8-6157] synthesizing module 'fp16_complex_add_sub' [/home/digital-1/SRIP2026/Updated-FFT-Processor/fp16_baseline/verilog_sources/fp16_adder.v:172]
INFO: [Synth 8-6155] done synthesizing module 'fp16_complex_add_sub' (0#1) [/home/digital-1/SRIP2026/Updated-FFT-Processor/fp16_baseline/verilog_sources/fp16_adder.v:172]
INFO: [Synth 8-6155] done synthesizing module 'fp16_butterfly_generation_unit' (0#1) [/home/digital-1/SRIP2026/Updated-FFT-Processor/fp16_baseline/verilog_sources/fp16_butterfly.v:16]
INFO: [Synth 8-6155] done synthesizing module 'fp16_butterfly_wrapper' (0#1) [/home/digital-1/SRIP2026/Updated-FFT-Processor/fp16_baseline/verilog_sources/fp16_butterfly.v:60]
INFO: [Synth 8-226] default block is never used [/home/digital-1/SRIP2026/Updated-FFT-Processor/fp16_baseline/generated_cores/fp16_fft_2/fp16_fft_2_core.v:251]
INFO: [Synth 8-6155] done synthesizing module 'fp16_fft_2_core' (0#1) [/home/digital-1/SRIP2026/Updated-FFT-Processor/fp16_baseline/generated_cores/fp16_fft_2/fp16_fft_2_core.v:15]
INFO: [Synth 8-6155] done synthesizing module 'fp16_fft_2_top' (0#1) [/home/digital-1/SRIP2026/Updated-FFT-Processor/fp16_baseline/generated_cores/fp16_fft_2/fp16_fft_2_top.v:10]
WARNING: [Synth 8-6014] Unused sequential element r_b0_sub0_b_reg was removed.  [/home/digital-1/SRIP2026/Updated-FFT-Processor/fp16_baseline/verilog_sources/fp16_memory.v:99]
WARNING: [Synth 8-6014] Unused sequential element r_b0_sub1_b_reg was removed.  [/home/digital-1/SRIP2026/Updated-FFT-Processor/fp16_baseline/verilog_sources/fp16_memory.v:117]
WARNING: [Synth 8-6014] Unused sequential element r_b1_sub0_b_reg was removed.  [/home/digital-1/SRIP2026/Updated-FFT-Processor/fp16_baseline/verilog_sources/fp16_memory.v:135]
WARNING: [Synth 8-6014] Unused sequential element r_b1_sub1_b_reg was removed.  [/home/digital-1/SRIP2026/Updated-FFT-Processor/fp16_baseline/verilog_sources/fp16_memory.v:153]
WARNING: [Synth 8-4767] Trying to implement RAM 'b0_sub0_reg' in registers. Block RAM or DRAM implementation is not possible; see log for reasons. [/home/digital-1/SRIP2026/Updated-FFT-Processor/fp16_baseline/verilog_sources/fp16_memory.v:94]
Reason is one or more of the following :
	1: Write port has constant address. 
	2: No valid read/write found for RAM. 
	2: Only 1 word in RAM 
WARNING: [Synth 8-4767] Trying to implement RAM 'b0_sub1_reg' in registers. Block RAM or DRAM implementation is not possible; see log for reasons. [/home/digital-1/SRIP2026/Updated-FFT-Processor/fp16_baseline/verilog_sources/fp16_memory.v:112]
Reason is one or more of the following :
	1: Write port has constant address. 
	2: No valid read/write found for RAM. 
	2: Only 1 word in RAM 
WARNING: [Synth 8-4767] Trying to implement RAM 'b1_sub0_reg' in registers. Block RAM or DRAM implementation is not possible; see log for reasons. [/home/digital-1/SRIP2026/Updated-FFT-Processor/fp16_baseline/verilog_sources/fp16_memory.v:130]
Reason is one or more of the following :
	1: Write port has constant address. 
	2: No valid read/write found for RAM. 
	2: Only 1 word in RAM 
WARNING: [Synth 8-4767] Trying to implement RAM 'b1_sub1_reg' in registers. Block RAM or DRAM implementation is not possible; see log for reasons. [/home/digital-1/SRIP2026/Updated-FFT-Processor/fp16_baseline/verilog_sources/fp16_memory.v:148]
Reason is one or more of the following :
	1: Write port has constant address. 
	2: No valid read/write found for RAM. 
	2: Only 1 word in RAM 
WARNING: [Synth 8-3936] Found unconnected internal register 'prod_norm_reg' and it is trimmed from '22' to '20' bits. [/home/digital-1/SRIP2026/Updated-FFT-Processor/fp16_baseline/verilog_sources/fp16_multiplier.v:73]
WARNING: [Synth 8-3936] Found unconnected internal register 'sig_norm_reg' and it is trimmed from '16' to '13' bits. [/home/digital-1/SRIP2026/Updated-FFT-Processor/fp16_baseline/verilog_sources/fp16_adder.v:99]
WARNING: [Synth 8-7129] Port rst in module fp16_dual_bank_memory_concurrent is either unconnected or has no load
---------------------------------------------------------------------------------
Finished Synthesize : Time (s): cpu = 00:00:03 ; elapsed = 00:00:03 . Memory (MB): peak = 2358.176 ; gain = 549.984 ; free physical = 54854 ; free virtual = 90424
---------------------------------------------------------------------------------
---------------------------------------------------------------------------------
Finished Constraint Validation : Time (s): cpu = 00:00:03 ; elapsed = 00:00:04 . Memory (MB): peak = 2370.051 ; gain = 561.859 ; free physical = 54847 ; free virtual = 90417
---------------------------------------------------------------------------------
---------------------------------------------------------------------------------
Start Loading Part and Timing Information
---------------------------------------------------------------------------------
Loading part: xc7a35tcpg236-1
INFO: [Device 21-403] Loading part xc7a35tcpg236-1
---------------------------------------------------------------------------------
Finished Loading Part and Timing Information : Time (s): cpu = 00:00:03 ; elapsed = 00:00:04 . Memory (MB): peak = 2370.051 ; gain = 561.859 ; free physical = 54847 ; free virtual = 90417
---------------------------------------------------------------------------------
INFO: [Synth 8-802] inferred FSM for state register 'state_reg' in module 'fp16_fft_2_core'
---------------------------------------------------------------------------------------------------
                   State |                     New Encoding |                Previous Encoding 
---------------------------------------------------------------------------------------------------
                 IDLE_ST |                               00 |                               00
                  RUN_ST |                               01 |                               01
                FLUSH_ST |                               10 |                               10
                 DONE_ST |                               11 |                               11
---------------------------------------------------------------------------------------------------
INFO: [Synth 8-3354] encoded FSM with state register 'state_reg' using encoding 'sequential' in module 'fp16_fft_2_core'
---------------------------------------------------------------------------------
Finished RTL Optimization Phase 2 : Time (s): cpu = 00:00:04 ; elapsed = 00:00:04 . Memory (MB): peak = 2402.980 ; gain = 594.789 ; free physical = 54793 ; free virtual = 90381
---------------------------------------------------------------------------------
No constraint files found.
---------------------------------------------------------------------------------
Start RTL Component Statistics 
---------------------------------------------------------------------------------
Detailed RTL Component Info : 
+---Adders : 
	   2 Input   32 Bit       Adders := 2     
	   2 Input   22 Bit       Adders := 4     
	   3 Input   16 Bit       Adders := 6     
	   2 Input   16 Bit       Adders := 6     
	   2 Input   15 Bit       Adders := 6     
	   2 Input   11 Bit       Adders := 15    
	   2 Input   10 Bit       Adders := 1     
	   3 Input    8 Bit       Adders := 4     
	   4 Input    8 Bit       Adders := 4     
	   2 Input    8 Bit       Adders := 8     
	   3 Input    6 Bit       Adders := 6     
	   2 Input    6 Bit       Adders := 14    
	   2 Input    5 Bit       Adders := 26    
	   3 Input    5 Bit       Adders := 6     
	   2 Input    4 Bit       Adders := 1     
+---XORs : 
	   2 Input      1 Bit         XORs := 4     
+---Registers : 
	               32 Bit    Registers := 39    
	               11 Bit    Registers := 27    
	                6 Bit    Registers := 2     
	                1 Bit    Registers := 21    
+---Muxes : 
	   2 Input   32 Bit        Muxes := 18    
	   2 Input   20 Bit        Muxes := 12    
	   2 Input   16 Bit        Muxes := 34    
	   2 Input   15 Bit        Muxes := 6     
	   2 Input   13 Bit        Muxes := 18    
	   2 Input   11 Bit        Muxes := 10    
	   2 Input   10 Bit        Muxes := 16    
	   2 Input    8 Bit        Muxes := 16    
	   2 Input    6 Bit        Muxes := 25    
	   4 Input    6 Bit        Muxes := 1     
	   2 Input    5 Bit        Muxes := 32    
	   2 Input    4 Bit        Muxes := 4     
	   2 Input    3 Bit        Muxes := 2     
	   2 Input    2 Bit        Muxes := 3     
	   4 Input    2 Bit        Muxes := 3     
	   2 Input    1 Bit        Muxes := 214   
	   4 Input    1 Bit        Muxes := 8     
---------------------------------------------------------------------------------
Finished RTL Component Statistics 
---------------------------------------------------------------------------------
---------------------------------------------------------------------------------
Start Part Resource Summary
---------------------------------------------------------------------------------
Part Resources:
DSPs: 90 (col length:60)
BRAMs: 100 (col length: RAMB18 60 RAMB36 30)
---------------------------------------------------------------------------------
Finished Part Resource Summary
---------------------------------------------------------------------------------
No constraint files found.
---------------------------------------------------------------------------------
Start Cross Boundary and Area Optimization
---------------------------------------------------------------------------------
DSP Report: Generating DSP idx_a, operation Mode is: C+A*B.
DSP Report: operator idx_a is absorbed into DSP idx_a.
DSP Report: operator group_offset is absorbed into DSP idx_a.
DSP Report: Generating DSP k, operation Mode is: A*B.
DSP Report: operator k is absorbed into DSP k.
DSP Report: Generating DSP prod, operation Mode is: A*B.
DSP Report: operator prod is absorbed into DSP prod.
DSP Report: Generating DSP prod, operation Mode is: A*B.
DSP Report: operator prod is absorbed into DSP prod.
DSP Report: Generating DSP prod, operation Mode is: A*B.
DSP Report: operator prod is absorbed into DSP prod.
DSP Report: Generating DSP prod, operation Mode is: A*B.
DSP Report: operator prod is absorbed into DSP prod.
WARNING: [Synth 8-7129] Port rst in module fp16_dual_bank_memory_concurrent is either unconnected or has no load
---------------------------------------------------------------------------------
Finished Cross Boundary and Area Optimization : Time (s): cpu = 00:00:25 ; elapsed = 00:00:25 . Memory (MB): peak = 2727.090 ; gain = 918.898 ; free physical = 54458 ; free virtual = 90052
---------------------------------------------------------------------------------
 Sort Area is  prod_4 : 0 0 : 863 863 : Used 1 time 100
 Sort Area is  prod_5 : 0 0 : 863 863 : Used 1 time 100
 Sort Area is  prod_6 : 0 0 : 863 863 : Used 1 time 100
 Sort Area is  prod_7 : 0 0 : 863 863 : Used 1 time 100
 Sort Area is  idx_a_0 : 0 0 : 895 895 : Used 1 time 0
 Sort Area is  k_2 : 0 0 : 863 863 : Used 1 time 0
---------------------------------------------------------------------------------
Start ROM, RAM, DSP, Shift Register and Retiming Reporting
---------------------------------------------------------------------------------

ROM: Preliminary Mapping Report
+--------------------+------------+---------------+----------------+
|Module Name         | RTL Object | Depth x Width | Implemented As | 
+--------------------+------------+---------------+----------------+
|twiddle_factor_fp16 | rom        | 512x31        | LUT            | 
|twiddle_factor_fp16 | p_0_out    | 512x31        | LUT            | 
+--------------------+------------+---------------+----------------+


DSP: Preliminary Mapping Report (see note below. The ' indicates corresponding REG is set)
+----------------------+-------------+--------+--------+--------+--------+--------+------+------+------+------+-------+------+------+
|Module Name           | DSP Mapping | A Size | B Size | C Size | D Size | P Size | AREG | BREG | CREG | DREG | ADREG | MREG | PREG | 
+----------------------+-------------+--------+--------+--------+--------+--------+------+------+------+------+-------+------+------+
|dit_fft_agu_streaming | C+A*B       | 11     | 11     | 11     | -      | 11     | 0    | 0    | 0    | -    | -     | 0    | 0    | 
|dit_fft_agu_streaming | A*B         | 11     | 11     | -      | -      | 22     | 0    | 0    | -    | -    | -     | 0    | 0    | 
|fp16_mul              | A*B         | 11     | 11     | -      | -      | 22     | 0    | 0    | -    | -    | -     | 0    | 0    | 
|fp16_mul              | A*B         | 11     | 11     | -      | -      | 22     | 0    | 0    | -    | -    | -     | 0    | 0    | 
|fp16_mul              | A*B         | 11     | 11     | -      | -      | 22     | 0    | 0    | -    | -    | -     | 0    | 0    | 
|fp16_mul              | A*B         | 11     | 11     | -      | -      | 22     | 0    | 0    | -    | -    | -     | 0    | 0    | 
+----------------------+-------------+--------+--------+--------+--------+--------+------+------+------+------+-------+------+------+

Note: The table above is a preliminary report that shows the DSPs inferred at the current stage of the synthesis flow. Some DSP may be reimplemented as non DSP primitives later in the synthesis flow. Multiple instantiated DSPs are reported only once.
---------------------------------------------------------------------------------
Finished ROM, RAM, DSP, Shift Register and Retiming Reporting
---------------------------------------------------------------------------------
No constraint files found.
---------------------------------------------------------------------------------
Start Timing Optimization
---------------------------------------------------------------------------------
---------------------------------------------------------------------------------
Finished Timing Optimization : Time (s): cpu = 00:00:25 ; elapsed = 00:00:25 . Memory (MB): peak = 2727.090 ; gain = 918.898 ; free physical = 54458 ; free virtual = 90052
---------------------------------------------------------------------------------
---------------------------------------------------------------------------------
Start Technology Mapping
---------------------------------------------------------------------------------
---------------------------------------------------------------------------------
Finished Technology Mapping : Time (s): cpu = 00:00:26 ; elapsed = 00:00:26 . Memory (MB): peak = 2727.090 ; gain = 918.898 ; free physical = 54458 ; free virtual = 90052
---------------------------------------------------------------------------------
---------------------------------------------------------------------------------
Start IO Insertion
---------------------------------------------------------------------------------
---------------------------------------------------------------------------------
Start Flattening Before IO Insertion
---------------------------------------------------------------------------------
---------------------------------------------------------------------------------
Finished Flattening Before IO Insertion
---------------------------------------------------------------------------------
---------------------------------------------------------------------------------
Start Final Netlist Cleanup
---------------------------------------------------------------------------------
---------------------------------------------------------------------------------
Finished Final Netlist Cleanup
---------------------------------------------------------------------------------
---------------------------------------------------------------------------------
Finished IO Insertion : Time (s): cpu = 00:00:27 ; elapsed = 00:00:27 . Memory (MB): peak = 2727.090 ; gain = 918.898 ; free physical = 54450 ; free virtual = 90045
---------------------------------------------------------------------------------
---------------------------------------------------------------------------------
Start Renaming Generated Instances
---------------------------------------------------------------------------------
---------------------------------------------------------------------------------
Finished Renaming Generated Instances : Time (s): cpu = 00:00:27 ; elapsed = 00:00:27 . Memory (MB): peak = 2727.090 ; gain = 918.898 ; free physical = 54450 ; free virtual = 90045
---------------------------------------------------------------------------------
---------------------------------------------------------------------------------
Start Rebuilding User Hierarchy
---------------------------------------------------------------------------------
---------------------------------------------------------------------------------
Finished Rebuilding User Hierarchy : Time (s): cpu = 00:00:27 ; elapsed = 00:00:28 . Memory (MB): peak = 2727.090 ; gain = 918.898 ; free physical = 54450 ; free virtual = 90045
---------------------------------------------------------------------------------
---------------------------------------------------------------------------------
Start Renaming Generated Ports
---------------------------------------------------------------------------------
---------------------------------------------------------------------------------
Finished Renaming Generated Ports : Time (s): cpu = 00:00:27 ; elapsed = 00:00:28 . Memory (MB): peak = 2727.090 ; gain = 918.898 ; free physical = 54450 ; free virtual = 90045
---------------------------------------------------------------------------------
---------------------------------------------------------------------------------
Start Handling Custom Attributes
---------------------------------------------------------------------------------
---------------------------------------------------------------------------------
Finished Handling Custom Attributes : Time (s): cpu = 00:00:27 ; elapsed = 00:00:28 . Memory (MB): peak = 2727.090 ; gain = 918.898 ; free physical = 54450 ; free virtual = 90045
---------------------------------------------------------------------------------
---------------------------------------------------------------------------------
Start Renaming Generated Nets
---------------------------------------------------------------------------------
---------------------------------------------------------------------------------
Finished Renaming Generated Nets : Time (s): cpu = 00:00:27 ; elapsed = 00:00:28 . Memory (MB): peak = 2727.090 ; gain = 918.898 ; free physical = 54450 ; free virtual = 90045
---------------------------------------------------------------------------------
---------------------------------------------------------------------------------
Start ROM, RAM, DSP, Shift Register and Retiming Reporting
---------------------------------------------------------------------------------

Static Shift Register Report:
+---------------+--------------------------------+--------+-------+--------------+--------------------+-------------------+--------+---------+
|Module Name    | RTL Name                       | Length | Width | Reset Signal | Pull out first Reg | Pull out last Reg | SRL16E | SRLC32E | 
+---------------+--------------------------------+--------+-------+--------------+--------------------+-------------------+--------+---------+
|fp16_fft_2_top | core/A_32_pipe_reg[9][31]      | 10     | 32    | NO           | NO                 | NO                | 32     | 0       | 
|fp16_fft_2_top | core/B_32_pipe_reg[9][31]      | 10     | 32    | NO           | NO                 | NO                | 32     | 0       | 
|fp16_fft_2_top | core/wr_addr_a_pipe_reg[10][0] | 11     | 1     | YES          | NO                 | YES               | 1      | 0       | 
|fp16_fft_2_top | core/wr_addr_b_pipe_reg[10][0] | 11     | 1     | YES          | NO                 | YES               | 1      | 0       | 
|fp16_fft_2_top | core/twiddle_pipe_reg[10][31]  | 11     | 2     | YES          | NO                 | YES               | 2      | 0       | 
|fp16_fft_2_top | core/wr_en_pipe_reg[10]        | 11     | 1     | YES          | NO                 | YES               | 1      | 0       | 
+---------------+--------------------------------+--------+-------+--------------+--------------------+-------------------+--------+---------+

---------------------------------------------------------------------------------
Finished ROM, RAM, DSP, Shift Register and Retiming Reporting
---------------------------------------------------------------------------------
---------------------------------------------------------------------------------
Start Writing Synthesis Report
---------------------------------------------------------------------------------

DSP Final Report (the ' indicates corresponding REG is set)
+----------------------+-------------+--------+--------+--------+--------+--------+------+------+------+------+-------+------+------+
|Module Name           | DSP Mapping | A Size | B Size | C Size | D Size | P Size | AREG | BREG | CREG | DREG | ADREG | MREG | PREG | 
+----------------------+-------------+--------+--------+--------+--------+--------+------+------+------+------+-------+------+------+
|dit_fft_agu_streaming | C+A*B       | 11     | 11     | 11     | -      | 11     | 0    | 0    | 0    | -    | -     | 0    | 0    | 
|dit_fft_agu_streaming | A*B         | 11     | 2      | -      | -      | 22     | 0    | 0    | -    | -    | -     | 0    | 0    | 
|fp16_mul              | A*B         | 11     | 11     | -      | -      | 22     | 0    | 0    | -    | -    | -     | 0    | 0    | 
|fp16_mul              | A*B         | 11     | 11     | -      | -      | 22     | 0    | 0    | -    | -    | -     | 0    | 0    | 
+----------------------+-------------+--------+--------+--------+--------+--------+------+------+------+------+-------+------+------+


Report BlackBoxes: 
+-+--------------+----------+
| |BlackBox name |Instances |
+-+--------------+----------+
+-+--------------+----------+

Report Cell Usage: 
+------+--------+------+
|      |Cell    |Count |
+------+--------+------+
|1     |CARRY4  |    80|
|2     |DSP48E1 |     4|
|3     |LUT1    |     7|
|4     |LUT2    |   177|
|5     |LUT3    |   314|
|6     |LUT4    |   303|
|7     |LUT5    |   662|
|8     |LUT6    |  1215|
|9     |MUXF7   |    14|
|10    |SRL16E  |    69|
|11    |FDCE    |    78|
|12    |FDPE    |     1|
|13    |FDRE    |   264|
+------+--------+------+

Report Instance Areas: 
+------+---------------------+---------------------------------+------+
|      |Instance             |Module                           |Cells |
+------+---------------------+---------------------------------+------+
|1     |top                  |                                 |  3188|
|2     |  core               |fp16_fft_2_core                  |  3187|
|3     |    agu              |dit_fft_agu_streaming            |   168|
|4     |    mem              |fp16_dual_bank_memory_concurrent |   332|
|5     |    shared_bf        |fp16_butterfly_wrapper           |  2560|
|6     |      bf             |fp16_butterfly_generation_unit   |  2560|
|7     |        adder_inst   |fp16_complex_add_sub             |   205|
|8     |          adder_imag |fp16_add_sub_3                   |    99|
|9     |          adder_real |fp16_add_sub_4                   |   106|
|10    |        cmul_inst    |fp16_cmul                        |  2096|
|11    |          m1         |fp16_mul                         |  1054|
|12    |          m4         |fp16_mul_2                       |  1042|
|13    |        sub_inst     |fp16_complex_add_sub_0           |   259|
|14    |          adder_imag |fp16_add_sub                     |   130|
|15    |          adder_real |fp16_add_sub_1                   |   129|
+------+---------------------+---------------------------------+------+
---------------------------------------------------------------------------------
Finished Writing Synthesis Report : Time (s): cpu = 00:00:27 ; elapsed = 00:00:28 . Memory (MB): peak = 2727.090 ; gain = 918.898 ; free physical = 54450 ; free virtual = 90045
---------------------------------------------------------------------------------
Synthesis finished with 0 errors, 0 critical warnings and 12 warnings.
Synthesis Optimization Runtime : Time (s): cpu = 00:00:27 ; elapsed = 00:00:28 . Memory (MB): peak = 2727.090 ; gain = 918.898 ; free physical = 54450 ; free virtual = 90045
Synthesis Optimization Complete : Time (s): cpu = 00:00:27 ; elapsed = 00:00:28 . Memory (MB): peak = 2727.098 ; gain = 918.898 ; free physical = 54450 ; free virtual = 90045
INFO: [Project 1-571] Translating synthesized netlist
Netlist sorting complete. Time (s): cpu = 00:00:00.02 ; elapsed = 00:00:00.02 . Memory (MB): peak = 2727.098 ; gain = 0.000 ; free physical = 54620 ; free virtual = 90214
INFO: [Netlist 29-17] Analyzing 98 Unisim elements for replacement
INFO: [Netlist 29-28] Unisim Transformation completed in 0 CPU seconds
INFO: [Project 1-570] Preparing netlist for logic optimization
INFO: [Opt 31-138] Pushed 0 inverter(s) to 0 load pin(s).
Netlist sorting complete. Time (s): cpu = 00:00:00 ; elapsed = 00:00:00 . Memory (MB): peak = 2856.766 ; gain = 0.000 ; free physical = 54538 ; free virtual = 90142
INFO: [Project 1-111] Unisim Transformation Summary:
No Unisim elements were transformed.

Synth Design complete | Checksum: b4b66709
INFO: [Common 17-83] Releasing license: Synthesis
40 Infos, 12 Warnings, 0 Critical Warnings and 0 Errors encountered.
synth_design completed successfully
synth_design: Time (s): cpu = 00:00:30 ; elapsed = 00:00:29 . Memory (MB): peak = 2856.801 ; gain = 1048.609 ; free physical = 54538 ; free virtual = 90142
INFO: [Common 17-2834] synth_design peak Physical Memory [PSS] (MB): overall = 2149.775; main = 2058.438; forked = 353.345
INFO: [Common 17-2834] synth_design peak Virtual Memory [VSS] (MB): overall = 4368.211; main = 2856.770; forked = 1641.117
# create_clock -period $clock_period -name clk [get_ports clk]
# set util_rpt_file "/tmp/${design_name}_util.rpt"
# report_utilization -file $util_rpt_file
# set lut_count 0
# set lutram_count 0
# set content ""
# if {[file exists $util_rpt_file]} {
#     set fp [open $util_rpt_file r]
#     set content [read $fp]
#     close $fp
# 
#     # Logic LUTs
#     foreach line [split $content "\n"] {
#         if {[regexp {^\|\s*(CLB LUTs|Slice LUTs|Slice LUTs\*)\s*\|\s*(\d+)\s*\|} $line -> _lbl val]} {
#             set lut_count [string trim $val]
#             break
#         }
#     }
#     # Memory LUTs (LUTRAMs)
#     foreach line [split $content "\n"] {
#         if {[regexp {^\|\s*LUT as Memory\s*\|\s*(\d+)\s*\|} $line -> val]} {
#             set lutram_count [string trim $val]
#             break
#         }
#     }
# 
#     # Fallback for older Vivado versions
#     if {$lut_count == 0} {
#         set lut_logic 0; set lut_mem 0
#         foreach line [split $content "\n"] {
#             if {[regexp {^\|\s*LUT as Logic\s*\|\s*(\d+)\s*\|} $line -> val]} { set lut_logic [string trim $val] }
#             if {[regexp {^\|\s*LUT as Memory\s*\|\s*(\d+)\s*\|} $line -> val]} { set lut_mem [string trim $val] }
#         }
#         set lut_count [expr {$lut_logic + $lut_mem}]
#         set lutram_count $lut_mem
#     }
# }
# set dsp_count 0
# foreach line [split $content "\n"] {
#     if {[regexp {^\|\s*(DSPs|DSP48E\w*)\s*\|\s*(\d+)\s*\|} $line -> _lbl val]} {
#         set dsp_count [string trim $val]
#         break
#     }
# }
# set bram_count 0
# foreach line [split $content "\n"] {
#     if {[regexp {^\|\s*Block RAM Tile\s*\|\s*(\d+)\s*\|} $line -> val]} {
#         set bram_count [string trim $val]; break
#     }
# }
# if {$bram_count == 0} {
#     set bram36 0; set bram18 0
#     foreach line [split $content "\n"] {
#         if {[regexp {^\|\s*RAMB36/FIFO\s*\|\s*(\d+)\s*\|} $line -> val]} { set bram36 [string trim $val] }
#         if {[regexp {^\|\s*RAMB18\s*\|\s*(\d+)\s*\|} $line -> val]}       { set bram18 [string trim $val] }
#     }
#     set bram_count [expr {$bram36 + int(ceil($bram18 / 2.0))}]
# }
# set ff_count 0
# foreach line [split $content "\n"] {
#     if {[regexp {^\|\s*(CLB Registers|Slice Registers|Register as Flip Flop)\s*\|\s*(\d+)\s*\|} $line -> _lbl val]} {
#         set ff_count [string trim $val]; break
#     }
# }
# set io_count 0
# foreach line [split $content "\n"] {
#     if {[regexp {^\|\s*Bonded IOB\s*\|\s*(\d+)\s*\|} $line -> val]} {
#         set io_count [string trim $val]; break
#     }
# }
# set power_rpt_file "/tmp/${design_name}_power.rpt"
# report_power -file $power_rpt_file
Command: report_power -file /tmp/fp16_fft_2_power.rpt
INFO: [Timing 38-35] Done setting XDC timing constraints.
Running Vector-less Activity Propagation...
WARNING: [Timing 38-242] The property HD.CLK_SRC of clock port "clk" is not set. In out-of-context mode, this prevents timing estimation for clock delay/skew
Resolution: Set the HD.CLK_SRC property of the out-of-context port to the location of the clock buffer instance in the top-level design

Finished Running Vector-less Activity Propagation
1 Infos, 1 Warnings, 0 Critical Warnings and 0 Errors encountered.
report_power completed successfully
# set total_power 0.0
# if {[file exists $power_rpt_file]} {
#     set fp [open $power_rpt_file r]
#     set content [read $fp]
#     close $fp
#     foreach line [split $content "\n"] {
#         if {[regexp {Total On-Chip Power \(W\)\s*\|\s*([0-9.]+)} $line -> val]} {
#             set total_power [string trim $val]
#             break
#         }
#     }
# }
# set timing_rpt_file "/tmp/${design_name}_timing.rpt"
# report_timing_summary -file $timing_rpt_file -delay_type max -max_paths 10
INFO: [Timing 38-91] UpdateTimingParams: Speed grade: -1, Delay Type: max.
INFO: [Timing 38-191] Multithreading enabled for timing update using a maximum of 8 CPUs
# set wns "N/A"
# set critical_path_delay 100.0   
# if {[file exists $timing_rpt_file]} {
#     set fp [open $timing_rpt_file r]
#     set content [read $fp]
#     close $fp
# 
#     if {[regexp {WNS\(ns\)[^\n]*\n[^\n]*\n\s*([-0-9.]+)} $content -> val]} {
#         set wns [string trim $val]
#     }
# 
#     if {[regexp {Data Path Delay:\s+([0-9.]+)ns} $content -> path_delay]} {
#         set critical_path_delay [string trim $path_delay]
#     } elseif {$wns != "N/A"} {
#         set wns_val [expr {double($wns)}]
#         set critical_path_delay [expr {$clock_period - $wns_val}]
#     }
# }
# set csv_dir [file dirname $csv_output]
# file mkdir $csv_dir
# set fp [open $csv_output w]
# puts $fp "Metric,Value"
# puts $fp "design_name,$design_name"
# puts $fp "top_module,$top_module"
# puts $fp "lut_count,$lut_count"
# puts $fp "lutram_count,$lutram_count"
# puts $fp "dsp_count,$dsp_count"
# puts $fp "bram_count,$bram_count"
# puts $fp "ff_count,$ff_count"
# puts $fp "io_count,$io_count"
# puts $fp "total_power_w,$total_power"
# puts $fp "wns_ns,$wns"
# puts $fp "critical_path_delay_ns,$critical_path_delay"
# puts $fp "clock_period_ns,$clock_period"
# close $fp
# puts stdout "INFO: Synthesis complete  : $design_name"
INFO: Synthesis complete  : fp16_fft_2
# puts stdout "INFO:   LUTs             = $lut_count"
INFO:   LUTs             = 2346
# puts stdout "INFO:   LUTRAMs          = $lutram_count"
INFO:   LUTRAMs          = 69
# puts stdout "INFO:   DSPs             = $dsp_count"
INFO:   DSPs             = 4
# puts stdout "INFO:   BRAMs            = $bram_count"
INFO:   BRAMs            = 0
# puts stdout "INFO:   FFs              = $ff_count"
INFO:   FFs              = 343
# puts stdout "INFO:   Power            = $total_power W"
INFO:   Power            = 0.074 W
# puts stdout "INFO:   WNS              = $wns ns"
INFO:   WNS              = 20.510 ns
# puts stdout "INFO:   Crit Path Delay  = $critical_path_delay ns"
INFO:   Crit Path Delay  = 59.435 ns
# puts stdout "INFO:   CSV              = $csv_output"
INFO:   CSV              = /home/digital-1/SRIP2026/Updated-FFT-Processor/reports/fp16_baseline/fp16_fft_2_metrics.csv
INFO: [Common 17-206] Exiting Vivado at Sun Sep 27 19:30:45 2026...
