Chromosome sizes for different FFT sizes:
  FFT-8   :  3 stages x 2 =   6 genes
  FFT-16  :  4 stages x 2 =   8 genes
  FFT-32  :  5 stages x 2 =  10 genes
  FFT-64  :  6 stages x 2 =  12 genes
  FFT-128 :  7 stages x 2 =  14 genes
  FFT-256 :  8 stages x 2 =  16 genes
  FFT-512 :  9 stages x 2 =  18 genes
  FFT-1024: 10 stages x 2 =  20 genes
[2026-09-26 02:21:46] [INFO] Initialized directory structure
[2026-09-26 02:21:46] [INFO] Setting up Verilog source files
[2026-09-26 02:21:46] [INFO] 
============================================================
[2026-09-26 02:21:46] [INFO] Starting optimisation for 4-point FFT
[2026-09-26 02:21:46] [INFO] ============================================================

[2026-09-26 02:21:46] [INFO] Initialized FFT-4 problem: 3 objectives (energy/transform, SQNR error^2, latency); area is a constraint
[2026-09-26 02:21:46] [INFO] NSGA-II Configuration:
[2026-09-26 02:21:46] [INFO]   Population size : 30
[2026-09-26 02:21:46] [INFO]   Generations     : 100
[2026-09-26 02:21:46] [INFO]   Crossover rate  : 0.9
[2026-09-26 02:21:46] [INFO]   Mutation rate   : 0.05
[2026-09-26 02:21:46] [INFO]   Objectives      : 3  (Energy/transform, SQNR, CritDelay); area is a constraint
[2026-09-26 02:21:46] [INFO]   Parallel threads: 8
[2026-09-26 02:21:46] [INFO]   Clock target    : 80.0 ns
[2026-09-26 02:21:46] [GEN] === Generation 0 ===
[2026-09-26 02:21:46] [INFO] Evaluating solution 0: [0, 0, 0, 0]
[2026-09-26 02:21:46] [INFO] Evaluating solution 1: [1, 1, 1, 1][2026-09-26 02:21:46] [INFO] Evaluating solution 2: [1, 1, 0, 0]

[2026-09-26 02:21:46] [INFO] Running Vivado SAIF + power passes for fft_4_sol0_gen1
[2026-09-26 02:21:46] [INFO] Evaluating solution 3: [0, 0, 1, 1]
[2026-09-26 02:21:46] [INFO] Running Vivado SAIF + power passes for fft_4_sol1_gen1
[2026-09-26 02:21:46] [INFO] Evaluating solution 4: [1, 0, 1, 0]
[2026-09-26 02:21:46] [INFO] Evaluating solution 5: [0, 1, 0, 1]
[2026-09-26 02:21:46] [INFO] Running Vivado SAIF + power passes for fft_4_sol2_gen1
[2026-09-26 02:21:46] [INFO] Evaluating solution 6: [1, 1, 1, 0]
[2026-09-26 02:21:46] [INFO] Evaluating solution 7: [1, 0, 0, 0]
[2026-09-26 02:21:46] [INFO] Running Vivado SAIF + power passes for fft_4_sol5_gen1
[2026-09-26 02:21:46] [INFO] Running Vivado SAIF + power passes for fft_4_sol6_gen1
[2026-09-26 02:21:46] [INFO] Running Vivado SAIF + power passes for fft_4_sol7_gen1
[2026-09-26 02:21:46] [INFO] Running Vivado SAIF + power passes for fft_4_sol4_gen1
[2026-09-26 02:21:46] [INFO] Running Vivado SAIF + power passes for fft_4_sol3_gen1

-------------------------------------------------------
  Pipelined Metrics Breakdown - fft_4_sol0_gen1
  > Avg FFT Execution Time : 31 clock cycles
  > Total Simulation Time  : 528 clock cycles
  > Golden reference       : FP4 input quantisation
-------------------------------------------------------
  Impulse                     inf dB (Exact)
  Single Tone                 inf dB (Exact)
  Multi-Tone                  inf dB (Exact)
  Chirp (LFM)                      4.77 dB
  Sinusoid (complex)          inf dB (Exact)
  Step Function               inf dB (Exact)
  Gaussian Pulse              inf dB (Exact)
  Radar Pulsed Sinusoid       inf dB (Exact)
  Radar Clutter + Target           3.01 dB
  Radar Barker-13 Pulse       inf dB (Exact)
  Radar Doppler Burst         inf dB (Exact)
-------------------------------------------------------
[2026-09-26 02:23:04] [INFO] Solution 0: E=6510.0 pJ/xfrm (dyn=0.0210W saif=1 chksum=1), A=406 LUTs, LUTRAM=25, DSP=6, BRAM=4, FF=100, SQNR=82.53dB, CritDelay=15.811ns -> NormLat=0.198x, ExecCycles=31, TotSimCycles=528
[2026-09-26 02:23:04] [INFO] Evaluating solution 8: [1, 0, 1, 1]
[2026-09-26 02:23:04] [INFO] Running Vivado SAIF + power passes for fft_4_sol8_gen1

-------------------------------------------------------
  Pipelined Metrics Breakdown - fft_4_sol7_gen1
  > Avg FFT Execution Time : 31 clock cycles
  > Total Simulation Time  : 528 clock cycles
  > Golden reference       : FP4 input quantisation
-------------------------------------------------------
  Impulse                     inf dB (Exact)
  Single Tone                 inf dB (Exact)
  Multi-Tone                  inf dB (Exact)
  Chirp (LFM)                      4.77 dB
  Sinusoid (complex)          inf dB (Exact)
  Step Function               inf dB (Exact)
  Gaussian Pulse              inf dB (Exact)
  Radar Pulsed Sinusoid       inf dB (Exact)
  Radar Clutter + Target           3.01 dB
  Radar Barker-13 Pulse       inf dB (Exact)
  Radar Doppler Burst         inf dB (Exact)
-------------------------------------------------------
[2026-09-26 02:23:16] [INFO] Solution 7: E=6820.0 pJ/xfrm (dyn=0.0220W saif=1 chksum=1), A=806 LUTs, LUTRAM=46, DSP=10, BRAM=4, FF=118, SQNR=82.53dB, CritDelay=28.155ns -> NormLat=0.352x, ExecCycles=31, TotSimCycles=528
[2026-09-26 02:23:16] [INFO] Evaluating solution 9: [1, 0, 0, 1]
[2026-09-26 02:23:16] [INFO] Running Vivado SAIF + power passes for fft_4_sol9_gen1

-------------------------------------------------------
  Pipelined Metrics Breakdown - fft_4_sol4_gen1
  > Avg FFT Execution Time : 31 clock cycles
  > Total Simulation Time  : 528 clock cycles
  > Golden reference       : FP4 input quantisation
-------------------------------------------------------
  Impulse                     inf dB (Exact)
  Single Tone                 inf dB (Exact)
  Multi-Tone                  inf dB (Exact)
  Chirp (LFM)                      4.77 dB
  Sinusoid (complex)          inf dB (Exact)
  Step Function               inf dB (Exact)
  Gaussian Pulse              inf dB (Exact)
  Radar Pulsed Sinusoid       inf dB (Exact)
  Radar Clutter + Target           3.01 dB
  Radar Barker-13 Pulse       inf dB (Exact)
  Radar Doppler Burst         inf dB (Exact)
-------------------------------------------------------
[2026-09-26 02:23:17] [INFO] Solution 4: E=6820.0 pJ/xfrm (dyn=0.0220W saif=1 chksum=1), A=811 LUTs, LUTRAM=45, DSP=10, BRAM=4, FF=116, SQNR=82.53dB, CritDelay=28.073ns -> NormLat=0.351x, ExecCycles=31, TotSimCycles=528
[2026-09-26 02:23:17] [INFO] Evaluating solution 10: [0, 0, 1, 0]
[2026-09-26 02:23:17] [INFO] Running Vivado SAIF + power passes for fft_4_sol10_gen1

-------------------------------------------------------
  Pipelined Metrics Breakdown - fft_4_sol1_gen1
  > Avg FFT Execution Time : 31 clock cycles
  > Total Simulation Time  : 528 clock cycles
  > Golden reference       : FP8 input quantisation
-------------------------------------------------------
  Impulse                     inf dB (Exact)
  Single Tone                 inf dB (Exact)
  Multi-Tone                  inf dB (Exact)
  Chirp (LFM)                 inf dB (Exact)
  Sinusoid (complex)          inf dB (Exact)
  Step Function               inf dB (Exact)
  Gaussian Pulse                  23.10 dB
  Radar Pulsed Sinusoid       inf dB (Exact)
  Radar Clutter + Target      inf dB (Exact)
  Radar Barker-13 Pulse       inf dB (Exact)
  Radar Doppler Burst             25.67 dB
-------------------------------------------------------
[2026-09-26 02:23:25] [INFO] Solution 1: E=8990.0 pJ/xfrm (dyn=0.0290W saif=1 chksum=1), A=1189 LUTs, LUTRAM=59, DSP=10, BRAM=4, FF=111, SQNR=86.25dB, CritDelay=35.881ns -> NormLat=0.449x, ExecCycles=31, TotSimCycles=528
[2026-09-26 02:23:25] [INFO] Evaluating solution 11: [1, 1, 0, 1]
[2026-09-26 02:23:25] [INFO] Running Vivado SAIF + power passes for fft_4_sol11_gen1

-------------------------------------------------------
  Pipelined Metrics Breakdown - fft_4_sol3_gen1
  > Avg FFT Execution Time : 31 clock cycles
  > Total Simulation Time  : 528 clock cycles
  > Golden reference       : FP4 input quantisation
-------------------------------------------------------
  Impulse                     inf dB (Exact)
  Single Tone                 inf dB (Exact)
  Multi-Tone                  inf dB (Exact)
  Chirp (LFM)                      4.77 dB
  Sinusoid (complex)          inf dB (Exact)
  Step Function               inf dB (Exact)
  Gaussian Pulse              inf dB (Exact)
  Radar Pulsed Sinusoid       inf dB (Exact)
  Radar Clutter + Target           3.01 dB
  Radar Barker-13 Pulse       inf dB (Exact)
  Radar Doppler Burst         inf dB (Exact)
-------------------------------------------------------
[2026-09-26 02:23:26] [INFO] Solution 3: E=8680.0 pJ/xfrm (dyn=0.0280W saif=1 chksum=1), A=1243 LUTs, LUTRAM=60, DSP=10, BRAM=4, FF=122, SQNR=82.53dB, CritDelay=35.887ns -> NormLat=0.449x, ExecCycles=31, TotSimCycles=528
[2026-09-26 02:23:26] [INFO] Evaluating solution 12: [0, 0, 0, 1]
[2026-09-26 02:23:26] [INFO] Running Vivado SAIF + power passes for fft_4_sol12_gen1

-------------------------------------------------------
  Pipelined Metrics Breakdown - fft_4_sol2_gen1
  > Avg FFT Execution Time : 31 clock cycles
  > Total Simulation Time  : 528 clock cycles
  > Golden reference       : FP8 input quantisation
-------------------------------------------------------
  Impulse                     inf dB (Exact)
  Single Tone                 inf dB (Exact)
  Multi-Tone                  inf dB (Exact)
  Chirp (LFM)                     12.30 dB
  Sinusoid (complex)          inf dB (Exact)
  Step Function               inf dB (Exact)
  Gaussian Pulse                  11.14 dB
  Radar Pulsed Sinusoid       inf dB (Exact)
  Radar Clutter + Target          -2.50 dB
  Radar Barker-13 Pulse       inf dB (Exact)
  Radar Doppler Burst              3.01 dB
-------------------------------------------------------
[2026-09-26 02:23:26] [INFO] Solution 2: E=7130.0 pJ/xfrm (dyn=0.0230W saif=1 chksum=1), A=1236 LUTs, LUTRAM=60, DSP=10, BRAM=4, FF=122, SQNR=65.81dB, CritDelay=35.887ns -> NormLat=0.449x, ExecCycles=31, TotSimCycles=528
[2026-09-26 02:23:26] [INFO] Evaluating solution 13: [0, 1, 1, 1]
[2026-09-26 02:23:26] [INFO] Running Vivado SAIF + power passes for fft_4_sol13_gen1

-------------------------------------------------------
  Pipelined Metrics Breakdown - fft_4_sol5_gen1
  > Avg FFT Execution Time : 31 clock cycles
  > Total Simulation Time  : 528 clock cycles
  > Golden reference       : FP8 input quantisation
-------------------------------------------------------
  Impulse                     inf dB (Exact)
  Single Tone                     19.91 dB
  Multi-Tone                      16.16 dB
  Chirp (LFM)                      2.92 dB
  Sinusoid (complex)              16.16 dB
  Step Function                   18.15 dB
  Gaussian Pulse                  12.30 dB
  Radar Pulsed Sinusoid           16.90 dB
  Radar Clutter + Target           3.30 dB
  Radar Barker-13 Pulse           16.16 dB
  Radar Doppler Burst             14.37 dB
-------------------------------------------------------
[2026-09-26 02:23:30] [INFO] Solution 5: E=8370.0 pJ/xfrm (dyn=0.0270W saif=1 chksum=1), A=777 LUTs, LUTRAM=42, DSP=6, BRAM=4, FF=105, SQNR=21.48dB, CritDelay=24.976ns -> NormLat=0.312x, ExecCycles=31, TotSimCycles=528

-------------------------------------------------------
  Pipelined Metrics Breakdown - fft_4_sol6_gen1
  > Avg FFT Execution Time : 31 clock cycles
  > Total Simulation Time  : 528 clock cycles
  > Golden reference       : FP8 input quantisation
-------------------------------------------------------
  Impulse                     inf dB (Exact)
  Single Tone                 inf dB (Exact)
  Multi-Tone                  inf dB (Exact)
  Chirp (LFM)                     12.30 dB
  Sinusoid (complex)          inf dB (Exact)
  Step Function               inf dB (Exact)
  Gaussian Pulse                  11.14 dB
  Radar Pulsed Sinusoid       inf dB (Exact)
  Radar Clutter + Target          -2.50 dB
  Radar Barker-13 Pulse       inf dB (Exact)
  Radar Doppler Burst              3.01 dB
-------------------------------------------------------
[2026-09-26 02:23:55] [INFO] Solution 6: E=7130.0 pJ/xfrm (dyn=0.0230W saif=1 chksum=1), A=1307 LUTs, LUTRAM=60, DSP=10, BRAM=4, FF=122, SQNR=65.81dB, CritDelay=34.955ns -> NormLat=0.437x, ExecCycles=31, TotSimCycles=528

-------------------------------------------------------
  Pipelined Metrics Breakdown - fft_4_sol10_gen1
  > Avg FFT Execution Time : 31 clock cycles
  > Total Simulation Time  : 528 clock cycles
  > Golden reference       : FP4 input quantisation
-------------------------------------------------------
  Impulse                     inf dB (Exact)
  Single Tone                 inf dB (Exact)
  Multi-Tone                  inf dB (Exact)
  Chirp (LFM)                      4.77 dB
  Sinusoid (complex)          inf dB (Exact)
  Step Function               inf dB (Exact)
  Gaussian Pulse              inf dB (Exact)
  Radar Pulsed Sinusoid       inf dB (Exact)
  Radar Clutter + Target           3.01 dB
  Radar Barker-13 Pulse       inf dB (Exact)
  Radar Doppler Burst         inf dB (Exact)
-------------------------------------------------------
[2026-09-26 02:24:43] [INFO] Solution 10: E=6820.0 pJ/xfrm (dyn=0.0220W saif=1 chksum=1), A=806 LUTs, LUTRAM=46, DSP=10, BRAM=4, FF=118, SQNR=82.53dB, CritDelay=28.155ns -> NormLat=0.352x, ExecCycles=31, TotSimCycles=528

-------------------------------------------------------
  Pipelined Metrics Breakdown - fft_4_sol12_gen1
  > Avg FFT Execution Time : 31 clock cycles
  > Total Simulation Time  : 528 clock cycles
  > Golden reference       : FP4 input quantisation
-------------------------------------------------------
  Impulse                     inf dB (Exact)
  Single Tone                 inf dB (Exact)
  Multi-Tone                  inf dB (Exact)
  Chirp (LFM)                      4.77 dB
  Sinusoid (complex)          inf dB (Exact)
  Step Function               inf dB (Exact)
  Gaussian Pulse              inf dB (Exact)
  Radar Pulsed Sinusoid       inf dB (Exact)
  Radar Clutter + Target           3.01 dB
  Radar Barker-13 Pulse       inf dB (Exact)
  Radar Doppler Burst         inf dB (Exact)
-------------------------------------------------------
[2026-09-26 02:25:04] [INFO] Solution 12: E=8060.0 pJ/xfrm (dyn=0.0260W saif=1 chksum=1), A=810 LUTs, LUTRAM=43, DSP=6, BRAM=4, FF=112, SQNR=82.53dB, CritDelay=24.983ns -> NormLat=0.312x, ExecCycles=31, TotSimCycles=528

-------------------------------------------------------
  Pipelined Metrics Breakdown - fft_4_sol8_gen1
  > Avg FFT Execution Time : 31 clock cycles
  > Total Simulation Time  : 528 clock cycles
  > Golden reference       : FP4 input quantisation
-------------------------------------------------------
  Impulse                     inf dB (Exact)
  Single Tone                 inf dB (Exact)
  Multi-Tone                  inf dB (Exact)
  Chirp (LFM)                      4.77 dB
  Sinusoid (complex)          inf dB (Exact)
  Step Function               inf dB (Exact)
  Gaussian Pulse              inf dB (Exact)
  Radar Pulsed Sinusoid       inf dB (Exact)
  Radar Clutter + Target           3.01 dB
  Radar Barker-13 Pulse       inf dB (Exact)
  Radar Doppler Burst         inf dB (Exact)
-------------------------------------------------------
[2026-09-26 02:25:08] [INFO] Solution 8: E=8680.0 pJ/xfrm (dyn=0.0280W saif=1 chksum=1), A=1314 LUTs, LUTRAM=60, DSP=10, BRAM=4, FF=122, SQNR=82.53dB, CritDelay=34.955ns -> NormLat=0.437x, ExecCycles=31, TotSimCycles=528

-------------------------------------------------------
  Pipelined Metrics Breakdown - fft_4_sol9_gen1
  > Avg FFT Execution Time : 31 clock cycles
  > Total Simulation Time  : 528 clock cycles
  > Golden reference       : FP4 input quantisation
-------------------------------------------------------
  Impulse                     inf dB (Exact)
  Single Tone                 inf dB (Exact)
  Multi-Tone                  inf dB (Exact)
  Chirp (LFM)                      4.77 dB
  Sinusoid (complex)          inf dB (Exact)
  Step Function               inf dB (Exact)
  Gaussian Pulse              inf dB (Exact)
  Radar Pulsed Sinusoid       inf dB (Exact)
  Radar Clutter + Target           3.01 dB
  Radar Barker-13 Pulse       inf dB (Exact)
  Radar Doppler Burst         inf dB (Exact)
-------------------------------------------------------
[2026-09-26 02:25:18] [INFO] Solution 9: E=8370.0 pJ/xfrm (dyn=0.0270W saif=1 chksum=1), A=1313 LUTs, LUTRAM=60, DSP=10, BRAM=4, FF=122, SQNR=82.53dB, CritDelay=34.585ns -> NormLat=0.432x, ExecCycles=31, TotSimCycles=528

-------------------------------------------------------
  Pipelined Metrics Breakdown - fft_4_sol13_gen1
  > Avg FFT Execution Time : 31 clock cycles
  > Total Simulation Time  : 528 clock cycles
  > Golden reference       : FP8 input quantisation
-------------------------------------------------------
  Impulse                     inf dB (Exact)
  Single Tone                     19.91 dB
  Multi-Tone                      19.91 dB
  Chirp (LFM)                      5.89 dB
  Sinusoid (complex)              19.91 dB
  Step Function                   19.91 dB
  Gaussian Pulse                  12.68 dB
  Radar Pulsed Sinusoid           19.91 dB
  Radar Clutter + Target           5.95 dB
  Radar Barker-13 Pulse           19.91 dB
  Radar Doppler Burst             16.92 dB
-------------------------------------------------------
[2026-09-26 02:25:28] [INFO] Solution 13: E=8990.0 pJ/xfrm (dyn=0.0290W saif=1 chksum=1), A=1235 LUTs, LUTRAM=60, DSP=10, BRAM=4, FF=113, SQNR=23.72dB, CritDelay=35.046ns -> NormLat=0.438x, ExecCycles=31, TotSimCycles=528

-------------------------------------------------------
  Pipelined Metrics Breakdown - fft_4_sol11_gen1
  > Avg FFT Execution Time : 31 clock cycles
  > Total Simulation Time  : 528 clock cycles
  > Golden reference       : FP8 input quantisation
-------------------------------------------------------
  Impulse                     inf dB (Exact)
  Single Tone                 inf dB (Exact)
  Multi-Tone                      19.91 dB
  Chirp (LFM)                     16.95 dB
  Sinusoid (complex)              19.91 dB
  Step Function                   19.91 dB
  Gaussian Pulse                  14.07 dB
  Radar Pulsed Sinusoid           19.91 dB
  Radar Clutter + Target          21.96 dB
  Radar Barker-13 Pulse           19.91 dB
  Radar Doppler Burst              7.04 dB
-------------------------------------------------------
[2026-09-26 02:25:28] [INFO] Solution 11: E=8990.0 pJ/xfrm (dyn=0.0290W saif=1 chksum=1), A=1235 LUTs, LUTRAM=60, DSP=10, BRAM=4, FF=113, SQNR=32.69dB, CritDelay=35.046ns -> NormLat=0.438x, ExecCycles=31, TotSimCycles=528
[2026-09-26 02:25:28] [INFO] Generation 0 complete
==========================================================================================
n_gen  |  n_eval  | n_nds  |     cv_min    |     cv_avg    |      eps      |   indicator  
==========================================================================================
     1 |       14 |      1 |  0.000000E+00 |  0.000000E+00 |             - |             -
[2026-09-26 02:25:28] [GEN] === Generation 1 ===
[2026-09-26 02:25:28] [INFO] Evaluating solution 0: [0, 1, 0, 0]
[2026-09-26 02:25:28] [INFO] Evaluating solution 1: [0, 1, 1, 0]
[2026-09-26 02:25:28] [INFO] Running Vivado SAIF + power passes for fft_4_sol0_gen2
[2026-09-26 02:25:28] [INFO] Running Vivado SAIF + power passes for fft_4_sol1_gen2

-------------------------------------------------------
  Pipelined Metrics Breakdown - fft_4_sol0_gen2
  > Avg FFT Execution Time : 31 clock cycles
  > Total Simulation Time  : 528 clock cycles
  > Golden reference       : FP8 input quantisation
-------------------------------------------------------
  Impulse                     inf dB (Exact)
  Single Tone                 inf dB (Exact)
  Multi-Tone                  inf dB (Exact)
  Chirp (LFM)                      2.76 dB
  Sinusoid (complex)          inf dB (Exact)
  Step Function               inf dB (Exact)
  Gaussian Pulse                  11.14 dB
  Radar Pulsed Sinusoid       inf dB (Exact)
  Radar Clutter + Target           2.55 dB
  Radar Barker-13 Pulse       inf dB (Exact)
  Radar Doppler Burst         inf dB (Exact)
-------------------------------------------------------
[2026-09-26 02:26:56] [INFO] Solution 0: E=7130.0 pJ/xfrm (dyn=0.0230W saif=1 chksum=1), A=805 LUTs, LUTRAM=43, DSP=6, BRAM=4, FF=112, SQNR=74.22dB, CritDelay=24.983ns -> NormLat=0.312x, ExecCycles=31, TotSimCycles=528

-------------------------------------------------------
  Pipelined Metrics Breakdown - fft_4_sol1_gen2
  > Avg FFT Execution Time : 31 clock cycles
  > Total Simulation Time  : 528 clock cycles
  > Golden reference       : FP8 input quantisation
-------------------------------------------------------
  Impulse                     inf dB (Exact)
  Single Tone                 inf dB (Exact)
  Multi-Tone                  inf dB (Exact)
  Chirp (LFM)                      2.76 dB
  Sinusoid (complex)          inf dB (Exact)
  Step Function               inf dB (Exact)
  Gaussian Pulse                  11.14 dB
  Radar Pulsed Sinusoid       inf dB (Exact)
  Radar Clutter + Target           2.55 dB
  Radar Barker-13 Pulse       inf dB (Exact)
  Radar Doppler Burst         inf dB (Exact)
-------------------------------------------------------
[2026-09-26 02:27:16] [INFO] Solution 1: E=7130.0 pJ/xfrm (dyn=0.0230W saif=1 chksum=1), A=1306 LUTs, LUTRAM=60, DSP=10, BRAM=4, FF=122, SQNR=74.22dB, CritDelay=34.585ns -> NormLat=0.432x, ExecCycles=31, TotSimCycles=528
[2026-09-26 02:27:16] [INFO] Generation 1 complete
     2 |       16 |      1 |  0.000000E+00 |  0.000000E+00 |  0.000000E+00 |             f
     3 |       16 |      1 |  0.000000E+00 |  0.000000E+00 |  0.000000E+00 |             f
[2026-09-26 02:27:16] [INFO] Optimisation complete for 4-point FFT
[2026-09-26 02:27:16] [INFO] Saving optimization results...
[2026-09-26 02:27:16] [INFO] Summary saved → ./results/fft_4/summary.txt
[2026-09-26 02:27:16] [INFO] Solution CSV saved → ./results/fft_4/all_solutions_fft4.csv  (16 rows)
[2026-09-26 02:27:17] [INFO] All-generations CSV saved → ./results/fft_4/all_generations_fft4.csv  (16 solutions)
[2026-09-26 02:27:17] [INFO] Compressed 16 solution log(s) → ./results/fft_4/solution_logs_fft4.zip
[2026-09-26 02:27:17] [INFO] RTL zip: 80 file(s) → ./results/fft_4/rtl_fft4.zip
[2026-09-26 02:27:17] [INFO] Results saved to ./results/fft_4  (Pareto front: 1 solutions)
