#-----------------------------------------------------------
# Vivado v2025.2 (64-bit)
# SW Build 6299465 on Fri Nov 14 12:34:56 MST 2025
# IP Build 6300035 on Fri Nov 14 10:48:45 MST 2025
# SharedData Build 6298862 on Thu Nov 13 04:50:51 MST 2025
# Start of session at: Mon Jun 22 19:59:43 2026
# Process ID         : 1520246
# Current directory  : /home/digital-1/SRIP2026/Updated-FFT-Processor
# Command line       : vivado -mode batch -source ./vivado_synthesis.tcl -tclargs fft_1024_sol11_gen802 ./reports/fft_1024_sol11_gen802_metrics.csv 80.0 /home/digital-1/SRIP2026/Updated-FFT-Processor/generated_designs/fft_1024_sol11_gen802.v /home/digital-1/SRIP2026/Updated-FFT-Processor/generated_designs/fft_1024_sol11_gen802_top.v /home/digital-1/SRIP2026/Updated-FFT-Processor/verilog_sources xc7a35tcpg236-1
# Log file           : /home/digital-1/SRIP2026/Updated-FFT-Processor/vivado.log
# Journal file       : /home/digital-1/SRIP2026/Updated-FFT-Processor/vivado.jou
# Running On         : localhost.localdomain
# Platform           : RedHatEnterprise
# Operating System   : Red Hat Enterprise Linux release 8.10 (Ootpa)
# Processor Detail   : 12th Gen Intel(R) Core(TM) i9-12900K
# CPU Frequency      : 3200.000 MHz
# CPU Physical cores : 16
# CPU Logical cores  : 24
# Host memory        : 67013 MB
# Swap memory        : 33709 MB
# Total Virtual      : 100723 MB
# Available Virtual  : 96530 MB
#--------------------------------------------------------soursource ./vivado_synthesis.tcl
