#-----------------------------------------------------------
# Vivado v2025.2 (64-bit)
# SW Build 6299465 on Fri Nov 14 12:34:56 MST 2025
# IP Build 6300035 on Fri Nov 14 10:48:45 MST 2025
# SharedData Build 6298862 on Thu Nov 13 04:50:51 MST 2025
# Start of session at: Thu Sep 24 06:49:09 2026
# Process ID         : 3363410
# Current directory  : /home/digital-1/SRIP2026/Updated-FFT-Processor
# Command line       : vivado -mode batch -source ./vivado_synthesis_v2.tcl -nojournal -log /home/digital-1/SRIP2026/Updated-FFT-Processor/reports/fft_512_sol10_gen608_pwr.log -tclargs fft_512_sol10_gen608 ./reports/fft_512_sol10_gen608_metrics.csv 10.0 /home/digital-1/SRIP2026/Updated-FFT-Processor/generated_designs/fft_512_sol10_gen608.v /home/digital-1/SRIP2026/Updated-FFT-Processor/generated_designs/fft_512_sol10_gen608_top.v /home/digital-1/SRIP2026/Updated-FFT-Processor/verilog_sources xc7a35tcpg236-1 /home/digital-1/SRIP2026/Updated-FFT-Processor/sim/fft_512_sol10_gen608.saif 1 tb_fft_power/uut
# Log file           : /home/digital-1/SRIP2026/Updated-FFT-Processor/reports/fft_512_sol10_gen608_pwr.log
# Journal file       : 
# Running On         : localhost.localdomain
# Platform           : RedHatEnterprise
# Operating System   : Red Hat Enterprise Linux release 8.10 (Ootpa)
# Processor Detail   : 12th Gen Intel(R) Core(TM) i9-12900K
# CPU Frequency      : 4786.797 MHz
# CPU Physical cores : 16
# CPU Logical cores  : 24
# Host memory        : 67013 MB
# Swap memory        : 33709 MB
# Total Virtual      : 100723 MB
# Available Virtual  : 89552 MB
#-----------------------------------------------------------
Sourcing tcl script '/home/digital-1/.Xilinx/Vivado/Vivado_init.tcl'
source ./vivado_synthesis_v2.tcl
# set design_name  [lindex $argv 0]
# set csv_output   [lindex $argv 1]
# set clock_period [lindex $argv 2]
# set core_file    [lindex $argv 3]
# set top_file     [lindex $argv 4]
# set verilog_dir  [lindex $argv 5]
# set fpga_part "xc7a35tcpg236-1"
# if { [llength $argv] >= 7 } { set fpga_part [lindex $argv 6] }
# set saif_file ""
# if { [llength $argv] >= 8 } { set saif_file [lindex $argv 7] }
# set use_dsp 1
# if { [llength $argv] >= 9 } { set use_dsp [lindex $argv 8] }
# set saif_strip_path "tb_fft_power/uut"
# if { [llength $argv] >= 10 } { set saif_strip_path [lindex $argv 9] }
# set top_module "${design_name}_top"
# puts "INFO: design_name  = $design_name"
INFO: design_name  = fft_512_sol10_gen608
# puts "INFO: top_module   = $top_module"
INFO: top_module   = fft_512_sol10_gen608_top
# puts "INFO: clock_period = $clock_period ns  ([format %.2f [expr {1000.0/$clock_period}]] MHz)"
INFO: clock_period = 10.0 ns  (100.00 MHz)
# puts "INFO: target_part  = $fpga_part"
INFO: target_part  = xc7a35tcpg236-1
# puts "INFO: saif_file    = [expr {$saif_file eq "" ? "<none - power will be VECTORLESS>" : $saif_file}]"
INFO: saif_file    = /home/digital-1/SRIP2026/Updated-FFT-Processor/sim/fft_512_sol10_gen608.saif
# puts "INFO: use_dsp      = $use_dsp"
INFO: use_dsp      = 1
# create_project -in_memory -part $fpga_part
WARNING: [Board 49-91] Board repository path '<extracted path>/vivado-boards/new/board_files' does not exist, it will not be used to search board files.
# foreach f [glob -nocomplain ${verilog_dir}/*.v] {
#     if { [string match "*tb_*" [file tail $f]] == 0 } {
#         add_files -norecurse $f
#     }
# }
# add_files -norecurse $core_file
# add_files -norecurse $top_file
# set_property include_dirs $verilog_dir [current_fileset]
# set_property top $top_module [current_fileset]
# update_compile_order -fileset sources_1
# set xdc_file "/tmp/${design_name}_constr.xdc"
# set xfp [open $xdc_file w]
# puts $xfp "create_clock -period $clock_period -name clk \[get_ports clk\]"
# puts $xfp "set_input_delay  -clock clk 0.500 \[get_ports -filter {DIRECTION == IN && NAME != clk}\]"
# puts $xfp "set_output_delay -clock clk 0.500 \[all_outputs\]"
# close $xfp
# read_xdc $xdc_file
# puts "INFO: constraints attached BEFORE synthesis (fix F1)"
INFO: constraints attached BEFORE synthesis (fix F1)
# set synth_args [list -top $top_module -part $fpga_part -mode out_of_context]
# if { $use_dsp == 0 } {
#     lappend synth_args -max_dsp 0
#     puts "INFO: -max_dsp 0 : DSP48E1 inference disabled (fix F6)"
# }
# eval synth_design $synth_args
Command: synth_design -top fft_512_sol10_gen608_top -part xc7a35tcpg236-1 -mode out_of_context
Starting synth_design
Attempting to get a license for feature 'Synthesis' and/or device 'xc7a35t'
INFO: [Common 17-349] Got license for feature 'Synthesis' and/or device 'xc7a35t'
INFO: [Device 21-403] Loading part xc7a35tcpg236-1
INFO: [Synth 8-7079] Multithreading enabled for synth_design using a maximum of 7 processes.
INFO: [Synth 8-7078] Launching helper process for spawning children vivado processes
INFO: [Synth 8-7075] Helper process launched with PID 3364064
---------------------------------------------------------------------------------
Starting RTL Elaboration : Time (s): cpu = 00:00:03 ; elapsed = 00:00:03 . Memory (MB): peak = 2426.848 ; gain = 481.875 ; free physical = 38482 ; free virtual = 80549
---------------------------------------------------------------------------------
INFO: [Synth 8-6157] synthesizing module 'fft_512_sol10_gen608_top' [/home/digital-1/SRIP2026/Updated-FFT-Processor/generated_designs/fft_512_sol10_gen608_top.v:6]
INFO: [Synth 8-6157] synthesizing module 'bit_reverse' [/home/digital-1/SRIP2026/Updated-FFT-Processor/verilog_sources/bit_reversal.v:1]
	Parameter MAX_N bound to: 1024 - type: integer 
	Parameter WIDTH bound to: 11 - type: integer 
INFO: [Synth 8-6155] done synthesizing module 'bit_reverse' (0#1) [/home/digital-1/SRIP2026/Updated-FFT-Processor/verilog_sources/bit_reversal.v:1]
INFO: [Synth 8-6157] synthesizing module 'complex_fp8_to_fp4' [/home/digital-1/SRIP2026/Updated-FFT-Processor/verilog_sources/precision_converter.v:133]
INFO: [Synth 8-6157] synthesizing module 'fp8_to_fp4_converter' [/home/digital-1/SRIP2026/Updated-FFT-Processor/verilog_sources/precision_converter.v:55]
INFO: [Synth 8-6155] done synthesizing module 'fp8_to_fp4_converter' (0#1) [/home/digital-1/SRIP2026/Updated-FFT-Processor/verilog_sources/precision_converter.v:55]
INFO: [Synth 8-6155] done synthesizing module 'complex_fp8_to_fp4' (0#1) [/home/digital-1/SRIP2026/Updated-FFT-Processor/verilog_sources/precision_converter.v:133]
INFO: [Synth 8-6157] synthesizing module 'fft_512_sol10_gen608_core' [/home/digital-1/SRIP2026/Updated-FFT-Processor/generated_designs/fft_512_sol10_gen608.v:7]
	Parameter MAX_N bound to: 1024 - type: integer 
	Parameter ADDR_WIDTH bound to: 11 - type: integer 
INFO: [Synth 8-6157] synthesizing module 'dit_fft_agu_streaming' [/home/digital-1/SRIP2026/Updated-FFT-Processor/verilog_sources/agu.v:6]
	Parameter MAX_N bound to: 1024 - type: integer 
	Parameter ADDR_WIDTH bound to: 11 - type: integer 
INFO: [Synth 8-6155] done synthesizing module 'dit_fft_agu_streaming' (0#1) [/home/digital-1/SRIP2026/Updated-FFT-Processor/verilog_sources/agu.v:6]
INFO: [Synth 8-6157] synthesizing module 'twiddle_factor_unified' [/home/digital-1/SRIP2026/Updated-FFT-Processor/verilog_sources/twiddle_rom.v:3]
	Parameter MAX_N bound to: 1024 - type: integer 
	Parameter ADDR_WIDTH bound to: 11 - type: integer 
INFO: [Synth 8-3876] $readmem data file '/home/digital-1/SRIP2026/Updated-FFT-Processor/sim/twiddles_1024.txt' is read successfully [/home/digital-1/SRIP2026/Updated-FFT-Processor/verilog_sources/twiddle_rom.v:21]
INFO: [Synth 8-6155] done synthesizing module 'twiddle_factor_unified' (0#1) [/home/digital-1/SRIP2026/Updated-FFT-Processor/verilog_sources/twiddle_rom.v:3]
INFO: [Synth 8-6157] synthesizing module 'mixed_dual_bank_memory_concurrent' [/home/digital-1/SRIP2026/Updated-FFT-Processor/verilog_sources/memory.v:7]
	Parameter n bound to: 512 - type: integer 
	Parameter ADDR_WIDTH bound to: 11 - type: integer 
INFO: [Synth 8-6155] done synthesizing module 'mixed_dual_bank_memory_concurrent' (0#1) [/home/digital-1/SRIP2026/Updated-FFT-Processor/verilog_sources/memory.v:7]
INFO: [Synth 8-6157] synthesizing module 'complex_fp4_to_fp8' [/home/digital-1/SRIP2026/Updated-FFT-Processor/verilog_sources/precision_converter.v:117]
INFO: [Synth 8-6157] synthesizing module 'fp4_to_fp8_converter' [/home/digital-1/SRIP2026/Updated-FFT-Processor/verilog_sources/precision_converter.v:12]
INFO: [Synth 8-6155] done synthesizing module 'fp4_to_fp8_converter' (0#1) [/home/digital-1/SRIP2026/Updated-FFT-Processor/verilog_sources/precision_converter.v:12]
INFO: [Synth 8-6155] done synthesizing module 'complex_fp4_to_fp8' (0#1) [/home/digital-1/SRIP2026/Updated-FFT-Processor/verilog_sources/precision_converter.v:117]
INFO: [Synth 8-6157] synthesizing module 'butterfly_wrapper_gated' [/home/digital-1/SRIP2026/Updated-FFT-Processor/verilog_sources/butterfly_wrapper_gated.v:62]
	Parameter PIPELINE_OPERANDS bound to: 0 - type: integer 
INFO: [Synth 8-6157] synthesizing module 'fp4_cmul' [/home/digital-1/SRIP2026/Updated-FFT-Processor/verilog_sources/multiplier.v:89]
INFO: [Synth 8-6157] synthesizing module 'fp4_mul' [/home/digital-1/SRIP2026/Updated-FFT-Processor/verilog_sources/multiplier.v:15]
INFO: [Synth 8-6155] done synthesizing module 'fp4_mul' (0#1) [/home/digital-1/SRIP2026/Updated-FFT-Processor/verilog_sources/multiplier.v:15]
INFO: [Synth 8-6157] synthesizing module 'fp4_add_sub' [/home/digital-1/SRIP2026/Updated-FFT-Processor/verilog_sources/adder.v:1]
INFO: [Synth 8-6155] done synthesizing module 'fp4_add_sub' (0#1) [/home/digital-1/SRIP2026/Updated-FFT-Processor/verilog_sources/adder.v:1]
INFO: [Synth 8-6155] done synthesizing module 'fp4_cmul' (0#1) [/home/digital-1/SRIP2026/Updated-FFT-Processor/verilog_sources/multiplier.v:89]
INFO: [Synth 8-6157] synthesizing module 'fp8_cmul' [/home/digital-1/SRIP2026/Updated-FFT-Processor/verilog_sources/multiplier.v:183]
INFO: [Synth 8-6157] synthesizing module 'fp8_mul' [/home/digital-1/SRIP2026/Updated-FFT-Processor/verilog_sources/multiplier.v:111]
INFO: [Synth 8-6155] done synthesizing module 'fp8_mul' (0#1) [/home/digital-1/SRIP2026/Updated-FFT-Processor/verilog_sources/multiplier.v:111]
INFO: [Synth 8-6157] synthesizing module 'fp8_add_sub' [/home/digital-1/SRIP2026/Updated-FFT-Processor/verilog_sources/adder.v:112]
INFO: [Synth 8-6155] done synthesizing module 'fp8_add_sub' (0#1) [/home/digital-1/SRIP2026/Updated-FFT-Processor/verilog_sources/adder.v:112]
INFO: [Synth 8-6155] done synthesizing module 'fp8_cmul' (0#1) [/home/digital-1/SRIP2026/Updated-FFT-Processor/verilog_sources/multiplier.v:183]
INFO: [Synth 8-6157] synthesizing module 'fp4_complex_add_sub' [/home/digital-1/SRIP2026/Updated-FFT-Processor/verilog_sources/adder.v:94]
INFO: [Synth 8-6155] done synthesizing module 'fp4_complex_add_sub' (0#1) [/home/digital-1/SRIP2026/Updated-FFT-Processor/verilog_sources/adder.v:94]
INFO: [Synth 8-6157] synthesizing module 'fp8_complex_add_sub' [/home/digital-1/SRIP2026/Updated-FFT-Processor/verilog_sources/adder.v:236]
INFO: [Synth 8-6155] done synthesizing module 'fp8_complex_add_sub' (0#1) [/home/digital-1/SRIP2026/Updated-FFT-Processor/verilog_sources/adder.v:236]
INFO: [Synth 8-6155] done synthesizing module 'butterfly_wrapper_gated' (0#1) [/home/digital-1/SRIP2026/Updated-FFT-Processor/verilog_sources/butterfly_wrapper_gated.v:62]
INFO: [Synth 8-226] default block is never used [/home/digital-1/SRIP2026/Updated-FFT-Processor/generated_designs/fft_512_sol10_gen608.v:399]
INFO: [Synth 8-6155] done synthesizing module 'fft_512_sol10_gen608_core' (0#1) [/home/digital-1/SRIP2026/Updated-FFT-Processor/generated_designs/fft_512_sol10_gen608.v:7]
INFO: [Synth 8-6155] done synthesizing module 'fft_512_sol10_gen608_top' (0#1) [/home/digital-1/SRIP2026/Updated-FFT-Processor/generated_designs/fft_512_sol10_gen608_top.v:6]
WARNING: [Synth 8-7129] Port clk in module butterfly_wrapper_gated is either unconnected or has no load
WARNING: [Synth 8-7129] Port rst in module mixed_dual_bank_memory_concurrent is either unconnected or has no load
---------------------------------------------------------------------------------
Finished RTL Elaboration : Time (s): cpu = 00:00:04 ; elapsed = 00:00:04 . Memory (MB): peak = 2522.785 ; gain = 577.812 ; free physical = 37426 ; free virtual = 79497
---------------------------------------------------------------------------------
---------------------------------------------------------------------------------
Start Handling Custom Attributes
---------------------------------------------------------------------------------
---------------------------------------------------------------------------------
Finished Handling Custom Attributes : Time (s): cpu = 00:00:04 ; elapsed = 00:00:04 . Memory (MB): peak = 2534.660 ; gain = 589.688 ; free physical = 37430 ; free virtual = 79498
---------------------------------------------------------------------------------
---------------------------------------------------------------------------------
Finished RTL Optimization Phase 1 : Time (s): cpu = 00:00:04 ; elapsed = 00:00:04 . Memory (MB): peak = 2534.660 ; gain = 589.688 ; free physical = 37430 ; free virtual = 79498
---------------------------------------------------------------------------------
Netlist sorting complete. Time (s): cpu = 00:00:00.02 ; elapsed = 00:00:00.01 . Memory (MB): peak = 2534.660 ; gain = 0.000 ; free physical = 37393 ; free virtual = 79465
INFO: [Project 1-570] Preparing netlist for logic optimization

Processing XDC Constraints
Initializing timing engine
Parsing XDC File [/tmp/fft_512_sol10_gen608_constr.xdc]
Finished Parsing XDC File [/tmp/fft_512_sol10_gen608_constr.xdc]
Completed Processing XDC Constraints

Netlist sorting complete. Time (s): cpu = 00:00:00 ; elapsed = 00:00:00 . Memory (MB): peak = 2640.398 ; gain = 0.000 ; free physical = 36882 ; free virtual = 78952
INFO: [Project 1-111] Unisim Transformation Summary:
No Unisim elements were transformed.

Constraint Validation Runtime : Time (s): cpu = 00:00:00.03 ; elapsed = 00:00:00.02 . Memory (MB): peak = 2640.434 ; gain = 0.000 ; free physical = 36835 ; free virtual = 78905
---------------------------------------------------------------------------------
Finished Constraint Validation : Time (s): cpu = 00:00:08 ; elapsed = 00:00:08 . Memory (MB): peak = 2640.434 ; gain = 695.461 ; free physical = 36396 ; free virtual = 78468
---------------------------------------------------------------------------------
---------------------------------------------------------------------------------
Start Loading Part and Timing Information
---------------------------------------------------------------------------------
Loading part: xc7a35tcpg236-1
---------------------------------------------------------------------------------
Finished Loading Part and Timing Information : Time (s): cpu = 00:00:08 ; elapsed = 00:00:08 . Memory (MB): peak = 2648.402 ; gain = 703.430 ; free physical = 36396 ; free virtual = 78468
---------------------------------------------------------------------------------
---------------------------------------------------------------------------------
Start Applying 'set_property' XDC Constraints
---------------------------------------------------------------------------------
---------------------------------------------------------------------------------
Finished applying 'set_property' XDC Constraints : Time (s): cpu = 00:00:08 ; elapsed = 00:00:08 . Memory (MB): peak = 2648.402 ; gain = 703.430 ; free physical = 36396 ; free virtual = 78469
---------------------------------------------------------------------------------
INFO: [Synth 8-802] inferred FSM for state register 'state_reg' in module 'fft_512_sol10_gen608_core'
INFO: [Synth 8-3971] The signal "mixed_dual_bank_memory_concurrent:/b1_sub0_reg" was recognized as a true dual port RAM template.
INFO: [Synth 8-3971] The signal "mixed_dual_bank_memory_concurrent:/b1_sub1_reg" was recognized as a true dual port RAM template.
INFO: [Synth 8-3971] The signal "mixed_dual_bank_memory_concurrent:/b0_sub0_reg" was recognized as a true dual port RAM template.
INFO: [Synth 8-3971] The signal "mixed_dual_bank_memory_concurrent:/b0_sub1_reg" was recognized as a true dual port RAM template.
---------------------------------------------------------------------------------------------------
                   State |                     New Encoding |                Previous Encoding 
---------------------------------------------------------------------------------------------------
                 IDLE_ST |                               00 |                               00
                  RUN_ST |                               01 |                               01
                FLUSH_ST |                               10 |                               10
                 DONE_ST |                               11 |                               11
---------------------------------------------------------------------------------------------------
INFO: [Synth 8-3354] encoded FSM with state register 'state_reg' using encoding 'sequential' in module 'fft_512_sol10_gen608_core'
---------------------------------------------------------------------------------
Finished RTL Optimization Phase 2 : Time (s): cpu = 00:00:08 ; elapsed = 00:00:08 . Memory (MB): peak = 2648.402 ; gain = 703.430 ; free physical = 36375 ; free virtual = 78451
---------------------------------------------------------------------------------
---------------------------------------------------------------------------------
Start RTL Component Statistics 
---------------------------------------------------------------------------------
Detailed RTL Component Info : 
+---Adders : 
	   2 Input   32 Bit       Adders := 2     
	   2 Input   11 Bit       Adders := 7     
	   2 Input   10 Bit       Adders := 1     
	   3 Input    7 Bit       Adders := 6     
	   2 Input    6 Bit       Adders := 6     
	   3 Input    6 Bit       Adders := 4     
	   2 Input    5 Bit       Adders := 4     
	   2 Input    4 Bit       Adders := 58    
	   3 Input    4 Bit       Adders := 16    
	   2 Input    3 Bit       Adders := 10    
	   2 Input    2 Bit       Adders := 42    
	   3 Input    2 Bit       Adders := 6     
	   2 Input    1 Bit       Adders := 12    
+---XORs : 
	   2 Input      1 Bit         XORs := 12    
+---Registers : 
	               24 Bit    Registers := 28    
	               16 Bit    Registers := 11    
	               11 Bit    Registers := 27    
	                6 Bit    Registers := 2     
	                4 Bit    Registers := 12    
	                1 Bit    Registers := 22    
+---RAMs : 
	               6K Bit	(256 X 24 bit)          RAMs := 4     
+---Muxes : 
	 513 Input   24 Bit        Muxes := 1     
	   2 Input   24 Bit        Muxes := 12    
	   3 Input   16 Bit        Muxes := 1     
	   2 Input   16 Bit        Muxes := 9     
	   2 Input   11 Bit        Muxes := 10    
	   2 Input    8 Bit        Muxes := 20    
	   2 Input    7 Bit        Muxes := 36    
	   2 Input    6 Bit        Muxes := 9     
	   4 Input    6 Bit        Muxes := 1     
	   2 Input    4 Bit        Muxes := 100   
	   2 Input    3 Bit        Muxes := 44    
	   4 Input    3 Bit        Muxes := 6     
	   2 Input    2 Bit        Muxes := 43    
	   4 Input    2 Bit        Muxes := 3     
	   2 Input    1 Bit        Muxes := 89    
	   4 Input    1 Bit        Muxes := 14    
	  11 Input    1 Bit        Muxes := 1     
	  10 Input    1 Bit        Muxes := 3     
---------------------------------------------------------------------------------
Finished RTL Component Statistics 
---------------------------------------------------------------------------------
---------------------------------------------------------------------------------
Start Part Resource Summary
---------------------------------------------------------------------------------
Part Resources:
DSPs: 90 (col length:60)
BRAMs: 100 (col length: RAMB18 60 RAMB36 30)
---------------------------------------------------------------------------------
Finished Part Resource Summary
---------------------------------------------------------------------------------
---------------------------------------------------------------------------------
Start Cross Boundary and Area Optimization
---------------------------------------------------------------------------------
DSP Report: Generating DSP idx_a, operation Mode is: C+A*B.
DSP Report: operator idx_a is absorbed into DSP idx_a.
DSP Report: operator group_offset is absorbed into DSP idx_a.
DSP Report: Generating DSP k, operation Mode is: A*B.
DSP Report: operator k is absorbed into DSP k.
DSP Report: Generating DSP m1/prod, operation Mode is: A*B.
DSP Report: operator m1/prod is absorbed into DSP m1/prod.
DSP Report: Generating DSP m2/prod, operation Mode is: A*B.
DSP Report: operator m2/prod is absorbed into DSP m2/prod.
DSP Report: Generating DSP m3/prod, operation Mode is: A*B.
DSP Report: operator m3/prod is absorbed into DSP m3/prod.
DSP Report: Generating DSP m4/prod, operation Mode is: A*B.
DSP Report: operator m4/prod is absorbed into DSP m4/prod.
DSP Report: Generating DSP m1/prod, operation Mode is: A*B.
DSP Report: operator m1/prod is absorbed into DSP m1/prod.
DSP Report: Generating DSP m2/prod, operation Mode is: A*B.
DSP Report: operator m2/prod is absorbed into DSP m2/prod.
DSP Report: Generating DSP m3/prod, operation Mode is: A*B.
DSP Report: operator m3/prod is absorbed into DSP m3/prod.
DSP Report: Generating DSP m4/prod, operation Mode is: A*B.
DSP Report: operator m4/prod is absorbed into DSP m4/prod.
WARNING: [Synth 8-7129] Port clk in module butterfly_wrapper_gated is either unconnected or has no load
WARNING: [Synth 8-7129] Port rst in module mixed_dual_bank_memory_concurrent is either unconnected or has no load
INFO: [Synth 8-3971] The signal "core/mem/b1_sub0_reg" was recognized as a true dual port RAM template.
INFO: [Synth 8-3971] The signal "core/mem/b1_sub1_reg" was recognized as a true dual port RAM template.
INFO: [Synth 8-3971] The signal "core/mem/b0_sub0_reg" was recognized as a true dual port RAM template.
INFO: [Synth 8-3971] The signal "core/mem/b0_sub1_reg" was recognized as a true dual port RAM template.
---------------------------------------------------------------------------------
Finished Cross Boundary and Area Optimization : Time (s): cpu = 00:00:22 ; elapsed = 00:00:22 . Memory (MB): peak = 2780.434 ; gain = 835.461 ; free physical = 35410 ; free virtual = 77489
---------------------------------------------------------------------------------
 Sort Area is  m1/prod_9 : 0 0 : 145 145 : Used 1 time 100
 Sort Area is  m2/prod_b : 0 0 : 145 145 : Used 1 time 100
 Sort Area is  m3/prod_c : 0 0 : 145 145 : Used 1 time 100
 Sort Area is  m4/prod_d : 0 0 : 145 145 : Used 1 time 100
 Sort Area is  m1/prod_4 : 0 0 : 41 41 : Used 1 time 100
 Sort Area is  m2/prod_6 : 0 0 : 41 41 : Used 1 time 100
 Sort Area is  m3/prod_7 : 0 0 : 41 41 : Used 1 time 100
 Sort Area is  m4/prod_8 : 0 0 : 41 41 : Used 1 time 100
 Sort Area is  idx_a_0 : 0 0 : 895 895 : Used 1 time 0
 Sort Area is  k_2 : 0 0 : 863 863 : Used 1 time 0
---------------------------------------------------------------------------------
Start ROM, RAM, DSP, Shift Register and Retiming Reporting
---------------------------------------------------------------------------------

Block RAM: Preliminary Mapping Report (see note below)
+------------+-------------+------------------------+---+---+------------------------+---+---+------------------+--------+--------+
|Module Name | RTL Object  | PORT A (Depth x Width) | W | R | PORT B (Depth x Width) | W | R | Ports driving FF | RAMB18 | RAMB36 | 
+------------+-------------+------------------------+---+---+------------------------+---+---+------------------+--------+--------+
|core/mem    | b1_sub0_reg | 256 x 24(READ_FIRST)   | W | R | 256 x 24(READ_FIRST)   | W | R | Port A and B     | 0      | 1      | 
|core/mem    | b1_sub1_reg | 256 x 24(READ_FIRST)   | W | R | 256 x 24(READ_FIRST)   | W | R | Port A and B     | 0      | 1      | 
|core/mem    | b0_sub0_reg | 256 x 24(READ_FIRST)   | W | R | 256 x 24(READ_FIRST)   | W | R | Port A and B     | 0      | 1      | 
|core/mem    | b0_sub1_reg | 256 x 24(READ_FIRST)   | W | R | 256 x 24(READ_FIRST)   | W | R | Port A and B     | 0      | 1      | 
+------------+-------------+------------------------+---+---+------------------------+---+---+------------------+--------+--------+

Note: The table above is a preliminary report that shows the Block RAMs at the current stage of the synthesis flow. Some Block RAMs may be reimplemented as non Block RAM primitives later in the synthesis flow. Multiple instantiated Block RAMs are reported only once. 

DSP: Preliminary Mapping Report (see note below. The ' indicates corresponding REG is set)
+----------------------+-------------+--------+--------+--------+--------+--------+------+------+------+------+-------+------+------+
|Module Name           | DSP Mapping | A Size | B Size | C Size | D Size | P Size | AREG | BREG | CREG | DREG | ADREG | MREG | PREG | 
+----------------------+-------------+--------+--------+--------+--------+--------+------+------+------+------+-------+------+------+
|dit_fft_agu_streaming | C+A*B       | 11     | 11     | 11     | -      | 11     | 0    | 0    | 0    | -    | -     | 0    | 0    | 
|dit_fft_agu_streaming | A*B         | 11     | 11     | -      | -      | 22     | 0    | 0    | -    | -    | -     | 0    | 0    | 
|fp4_mul               | A*B         | 3      | 3      | -      | -      | 6      | 0    | 0    | -    | -    | -     | 0    | 0    | 
|fp4_mul               | A*B         | 3      | 3      | -      | -      | 6      | 0    | 0    | -    | -    | -     | 0    | 0    | 
|fp4_mul               | A*B         | 3      | 3      | -      | -      | 6      | 0    | 0    | -    | -    | -     | 0    | 0    | 
|fp4_mul               | A*B         | 3      | 3      | -      | -      | 6      | 0    | 0    | -    | -    | -     | 0    | 0    | 
|fp8_mul               | A*B         | 5      | 5      | -      | -      | 10     | 0    | 0    | -    | -    | -     | 0    | 0    | 
|fp8_mul               | A*B         | 5      | 5      | -      | -      | 10     | 0    | 0    | -    | -    | -     | 0    | 0    | 
|fp8_mul               | A*B         | 5      | 5      | -      | -      | 10     | 0    | 0    | -    | -    | -     | 0    | 0    | 
|fp8_mul               | A*B         | 5      | 5      | -      | -      | 10     | 0    | 0    | -    | -    | -     | 0    | 0    | 
+----------------------+-------------+--------+--------+--------+--------+--------+------+------+------+------+-------+------+------+

Note: The table above is a preliminary report that shows the DSPs inferred at the current stage of the synthesis flow. Some DSP may be reimplemented as non DSP primitives later in the synthesis flow. Multiple instantiated DSPs are reported only once.
---------------------------------------------------------------------------------
Finished ROM, RAM, DSP, Shift Register and Retiming Reporting
---------------------------------------------------------------------------------
---------------------------------------------------------------------------------
Start Applying XDC Timing Constraints
---------------------------------------------------------------------------------
---------------------------------------------------------------------------------
Finished Applying XDC Timing Constraints : Time (s): cpu = 00:00:25 ; elapsed = 00:00:25 . Memory (MB): peak = 2780.434 ; gain = 835.461 ; free physical = 35288 ; free virtual = 77367
---------------------------------------------------------------------------------
---------------------------------------------------------------------------------
Start Timing Optimization
---------------------------------------------------------------------------------
---------------------------------------------------------------------------------
Finished Timing Optimization : Time (s): cpu = 00:00:38 ; elapsed = 00:00:38 . Memory (MB): peak = 2957.160 ; gain = 1012.188 ; free physical = 34795 ; free virtual = 76869
---------------------------------------------------------------------------------
---------------------------------------------------------------------------------
Start ROM, RAM, DSP, Shift Register and Retiming Reporting
---------------------------------------------------------------------------------

Block RAM: Final Mapping Report
+------------+-------------+------------------------+---+---+------------------------+---+---+------------------+--------+--------+
|Module Name | RTL Object  | PORT A (Depth x Width) | W | R | PORT B (Depth x Width) | W | R | Ports driving FF | RAMB18 | RAMB36 | 
+------------+-------------+------------------------+---+---+------------------------+---+---+------------------+--------+--------+
|core/mem    | b1_sub0_reg | 256 x 24(READ_FIRST)   | W | R | 256 x 24(READ_FIRST)   | W | R | Port A and B     | 0      | 1      | 
|core/mem    | b1_sub1_reg | 256 x 24(READ_FIRST)   | W | R | 256 x 24(READ_FIRST)   | W | R | Port A and B     | 0      | 1      | 
|core/mem    | b0_sub0_reg | 256 x 24(READ_FIRST)   | W | R | 256 x 24(READ_FIRST)   | W | R | Port A and B     | 0      | 1      | 
|core/mem    | b0_sub1_reg | 256 x 24(READ_FIRST)   | W | R | 256 x 24(READ_FIRST)   | W | R | Port A and B     | 0      | 1      | 
+------------+-------------+------------------------+---+---+------------------------+---+---+------------------+--------+--------+

---------------------------------------------------------------------------------
Finished ROM, RAM, DSP, Shift Register and Retiming Reporting
---------------------------------------------------------------------------------
---------------------------------------------------------------------------------
Start Technology Mapping
---------------------------------------------------------------------------------
INFO: [Synth 8-7052] The timing for the instance core/mem/b1_sub0_reg (implemented as a Block RAM) might be sub-optimal as no optional output register could be merged into the ram block. Providing additional output register may help in improving timing.
INFO: [Synth 8-7052] The timing for the instance core/mem/b1_sub0_reg (implemented as a Block RAM) might be sub-optimal as no optional output register could be merged into the ram block. Providing additional output register may help in improving timing.
INFO: [Synth 8-7052] The timing for the instance core/mem/b1_sub1_reg (implemented as a Block RAM) might be sub-optimal as no optional output register could be merged into the ram block. Providing additional output register may help in improving timing.
INFO: [Synth 8-7052] The timing for the instance core/mem/b1_sub1_reg (implemented as a Block RAM) might be sub-optimal as no optional output register could be merged into the ram block. Providing additional output register may help in improving timing.
INFO: [Synth 8-7052] The timing for the instance core/mem/b0_sub0_reg (implemented as a Block RAM) might be sub-optimal as no optional output register could be merged into the ram block. Providing additional output register may help in improving timing.
INFO: [Synth 8-7052] The timing for the instance core/mem/b0_sub0_reg (implemented as a Block RAM) might be sub-optimal as no optional output register could be merged into the ram block. Providing additional output register may help in improving timing.
INFO: [Synth 8-7052] The timing for the instance core/mem/b0_sub1_reg (implemented as a Block RAM) might be sub-optimal as no optional output register could be merged into the ram block. Providing additional output register may help in improving timing.
INFO: [Synth 8-7052] The timing for the instance core/mem/b0_sub1_reg (implemented as a Block RAM) might be sub-optimal as no optional output register could be merged into the ram block. Providing additional output register may help in improving timing.
---------------------------------------------------------------------------------
Finished Technology Mapping : Time (s): cpu = 00:00:39 ; elapsed = 00:00:39 . Memory (MB): peak = 2957.160 ; gain = 1012.188 ; free physical = 34720 ; free virtual = 76793
---------------------------------------------------------------------------------
---------------------------------------------------------------------------------
Start IO Insertion
---------------------------------------------------------------------------------
---------------------------------------------------------------------------------
Start Flattening Before IO Insertion
---------------------------------------------------------------------------------
---------------------------------------------------------------------------------
Finished Flattening Before IO Insertion
---------------------------------------------------------------------------------
---------------------------------------------------------------------------------
Start Final Netlist Cleanup
---------------------------------------------------------------------------------
---------------------------------------------------------------------------------
Finished Final Netlist Cleanup
---------------------------------------------------------------------------------
---------------------------------------------------------------------------------
Finished IO Insertion : Time (s): cpu = 00:00:41 ; elapsed = 00:00:41 . Memory (MB): peak = 2997.973 ; gain = 1053.000 ; free physical = 36476 ; free virtual = 78544
---------------------------------------------------------------------------------
---------------------------------------------------------------------------------
Start Renaming Generated Instances
---------------------------------------------------------------------------------
---------------------------------------------------------------------------------
Finished Renaming Generated Instances : Time (s): cpu = 00:00:41 ; elapsed = 00:00:41 . Memory (MB): peak = 2997.973 ; gain = 1053.000 ; free physical = 36476 ; free virtual = 78544
---------------------------------------------------------------------------------
---------------------------------------------------------------------------------
Start Rebuilding User Hierarchy
---------------------------------------------------------------------------------
---------------------------------------------------------------------------------
Finished Rebuilding User Hierarchy : Time (s): cpu = 00:00:41 ; elapsed = 00:00:41 . Memory (MB): peak = 2997.973 ; gain = 1053.000 ; free physical = 36467 ; free virtual = 78535
---------------------------------------------------------------------------------
---------------------------------------------------------------------------------
Start Renaming Generated Ports
---------------------------------------------------------------------------------
---------------------------------------------------------------------------------
Finished Renaming Generated Ports : Time (s): cpu = 00:00:41 ; elapsed = 00:00:41 . Memory (MB): peak = 2997.973 ; gain = 1053.000 ; free physical = 36467 ; free virtual = 78535
---------------------------------------------------------------------------------
---------------------------------------------------------------------------------
Start Handling Custom Attributes
---------------------------------------------------------------------------------
---------------------------------------------------------------------------------
Finished Handling Custom Attributes : Time (s): cpu = 00:00:41 ; elapsed = 00:00:41 . Memory (MB): peak = 3000.941 ; gain = 1055.969 ; free physical = 36462 ; free virtual = 78531
---------------------------------------------------------------------------------
---------------------------------------------------------------------------------
Start Renaming Generated Nets
---------------------------------------------------------------------------------
---------------------------------------------------------------------------------
Finished Renaming Generated Nets : Time (s): cpu = 00:00:41 ; elapsed = 00:00:41 . Memory (MB): peak = 3000.941 ; gain = 1055.969 ; free physical = 36462 ; free virtual = 78531
---------------------------------------------------------------------------------
---------------------------------------------------------------------------------
Start ROM, RAM, DSP, Shift Register and Retiming Reporting
---------------------------------------------------------------------------------

Static Shift Register Report:
+-------------------------+-----------------------------------+--------+-------+--------------+--------------------+-------------------+--------+---------+
|Module Name              | RTL Name                          | Length | Width | Reset Signal | Pull out first Reg | Pull out last Reg | SRL16E | SRLC32E | 
+-------------------------+-----------------------------------+--------+-------+--------------+--------------------+-------------------+--------+---------+
|fft_512_sol10_gen608_top | core/A_24_pipe_reg[9][22]         | 10     | 18    | NO           | NO                 | NO                | 18     | 0       | 
|fft_512_sol10_gen608_top | core/A_24_pipe_reg[9][17]         | 9      | 4     | NO           | NO                 | NO                | 4      | 0       | 
|fft_512_sol10_gen608_top | core/B_24_pipe_reg[9][22]         | 10     | 18    | NO           | NO                 | NO                | 18     | 0       | 
|fft_512_sol10_gen608_top | core/B_24_pipe_reg[9][17]         | 9      | 4     | NO           | NO                 | NO                | 4      | 0       | 
|fft_512_sol10_gen608_top | core/wr_addr_a_pipe_reg[10][8]    | 11     | 9     | YES          | NO                 | YES               | 9      | 0       | 
|fft_512_sol10_gen608_top | core/wr_addr_b_pipe_reg[10][8]    | 11     | 9     | YES          | NO                 | YES               | 9      | 0       | 
|fft_512_sol10_gen608_top | core/twiddle_pipe_reg[10][15]     | 11     | 14    | YES          | NO                 | YES               | 14     | 0       | 
|fft_512_sol10_gen608_top | core/stable_stage_pipe_reg[10][3] | 11     | 4     | YES          | NO                 | YES               | 4      | 0       | 
|fft_512_sol10_gen608_top | core/v_pipe_reg[10]               | 11     | 1     | YES          | NO                 | YES               | 1      | 0       | 
+-------------------------+-----------------------------------+--------+-------+--------------+--------------------+-------------------+--------+---------+

---------------------------------------------------------------------------------
Finished ROM, RAM, DSP, Shift Register and Retiming Reporting
---------------------------------------------------------------------------------
---------------------------------------------------------------------------------
Start Writing Synthesis Report
---------------------------------------------------------------------------------

DSP Final Report (the ' indicates corresponding REG is set)
+----------------------+-------------+--------+--------+--------+--------+--------+------+------+------+------+-------+------+------+
|Module Name           | DSP Mapping | A Size | B Size | C Size | D Size | P Size | AREG | BREG | CREG | DREG | ADREG | MREG | PREG | 
+----------------------+-------------+--------+--------+--------+--------+--------+------+------+------+------+-------+------+------+
|dit_fft_agu_streaming | C+A*B       | 11     | 11     | 11     | -      | 11     | 0    | 0    | 0    | -    | -     | 0    | 0    | 
|dit_fft_agu_streaming | A*B         | 11     | 10     | -      | -      | 22     | 0    | 0    | -    | -    | -     | 0    | 0    | 
|fp4_mul               | A*B         | 2      | 2      | -      | -      | 6      | 0    | 0    | -    | -    | -     | 0    | 0    | 
|fp4_mul               | A*B         | 2      | 2      | -      | -      | 6      | 0    | 0    | -    | -    | -     | 0    | 0    | 
|fp4_mul               | A*B         | 2      | 2      | -      | -      | 6      | 0    | 0    | -    | -    | -     | 0    | 0    | 
|fp4_mul               | A*B         | 2      | 2      | -      | -      | 6      | 0    | 0    | -    | -    | -     | 0    | 0    | 
|fp8_mul               | A*B         | 4      | 4      | -      | -      | 10     | 0    | 0    | -    | -    | -     | 0    | 0    | 
|fp8_mul               | A*B         | 4      | 4      | -      | -      | 10     | 0    | 0    | -    | -    | -     | 0    | 0    | 
|fp8_mul               | A*B         | 4      | 4      | -      | -      | 10     | 0    | 0    | -    | -    | -     | 0    | 0    | 
|fp8_mul               | A*B         | 4      | 4      | -      | -      | 10     | 0    | 0    | -    | -    | -     | 0    | 0    | 
+----------------------+-------------+--------+--------+--------+--------+--------+------+------+------+------+-------+------+------+


Report BlackBoxes: 
+-+--------------+----------+
| |BlackBox name |Instances |
+-+--------------+----------+
+-+--------------+----------+

Report Cell Usage: 
+------+---------+------+
|      |Cell     |Count |
+------+---------+------+
|1     |CARRY4   |    22|
|2     |DSP48E1  |    10|
|4     |LUT1     |     1|
|5     |LUT2     |   168|
|6     |LUT3     |   147|
|7     |LUT4     |   140|
|8     |LUT5     |   315|
|9     |LUT6     |   743|
|10    |MUXF7    |    21|
|11    |RAMB36E1 |     4|
|12    |SRL16E   |    81|
|13    |FDCE     |   114|
|14    |FDPE     |     2|
|15    |FDRE     |    49|
+------+---------+------+
---------------------------------------------------------------------------------
Finished Writing Synthesis Report : Time (s): cpu = 00:00:41 ; elapsed = 00:00:41 . Memory (MB): peak = 3000.941 ; gain = 1055.969 ; free physical = 36462 ; free virtual = 78531
---------------------------------------------------------------------------------
Synthesis finished with 0 errors, 0 critical warnings and 2 warnings.
Synthesis Optimization Runtime : Time (s): cpu = 00:00:40 ; elapsed = 00:00:40 . Memory (MB): peak = 3000.941 ; gain = 950.195 ; free physical = 36460 ; free virtual = 78529
Synthesis Optimization Complete : Time (s): cpu = 00:00:41 ; elapsed = 00:00:41 . Memory (MB): peak = 3000.949 ; gain = 1055.969 ; free physical = 36460 ; free virtual = 78528
INFO: [Project 1-571] Translating synthesized netlist
Netlist sorting complete. Time (s): cpu = 00:00:00.01 ; elapsed = 00:00:00.01 . Memory (MB): peak = 3000.949 ; gain = 0.000 ; free physical = 36452 ; free virtual = 78521
INFO: [Netlist 29-17] Analyzing 57 Unisim elements for replacement
INFO: [Netlist 29-28] Unisim Transformation completed in 0 CPU seconds
INFO: [Project 1-570] Preparing netlist for logic optimization
Parsing XDC File [/tmp/fft_512_sol10_gen608_constr.xdc]
Finished Parsing XDC File [/tmp/fft_512_sol10_gen608_constr.xdc]
INFO: [Opt 31-138] Pushed 0 inverter(s) to 0 load pin(s).
Netlist sorting complete. Time (s): cpu = 00:00:00 ; elapsed = 00:00:00 . Memory (MB): peak = 3056.969 ; gain = 0.000 ; free physical = 36753 ; free virtual = 78821
INFO: [Project 1-111] Unisim Transformation Summary:
No Unisim elements were transformed.

Synth Design complete | Checksum: 4f6945f5
INFO: [Common 17-83] Releasing license: Synthesis
72 Infos, 4 Warnings, 0 Critical Warnings and 0 Errors encountered.
synth_design completed successfully
synth_design: Time (s): cpu = 00:00:45 ; elapsed = 00:00:44 . Memory (MB): peak = 3057.004 ; gain = 1204.367 ; free physical = 36728 ; free virtual = 78796
INFO: [Common 17-2834] synth_design peak Physical Memory [PSS] (MB): overall = 1835.212; main = 1690.675; forked = 196.767
INFO: [Common 17-2834] synth_design peak Virtual Memory [VSS] (MB): overall = 4598.281; main = 3056.973; forked = 1641.117
# if { [catch { opt_design -directive Explore } emsg] } {
#     puts "WARNING: opt_design -directive Explore failed ($emsg); retrying default"
#     if { [catch { opt_design } emsg2] } {
#         puts "CRITICAL: opt_design unavailable ($emsg2). LUT counts are PRE-OPT"
#         puts "CRITICAL: estimates and carry a ~3% noise band. Record this."
#         set opt_ran 0
#     } else { set opt_ran 1 }
# } else { set opt_ran 1 }
Command: opt_design -directive Explore
INFO: [Vivado_Tcl 4-136] Directive used for opt_design is: Explore
Attempting to get a license for feature 'Implementation' and/or device 'xc7a35t'
INFO: [Common 17-349] Got license for feature 'Implementation' and/or device 'xc7a35t'
Running DRC as a precondition to command opt_design

Starting DRC Task
INFO: [DRC 23-27] Running DRC with 8 threads
WARNING: [DRC 23-814] Not all possible (connectivity based) DRCs may have been run because this design is seen as Out of Context.
INFO: [Project 1-461] DRC finished with 0 Errors
INFO: [Project 1-462] Please refer to the DRC report (report_drc) for more information.

Time (s): cpu = 00:00:00.55 ; elapsed = 00:00:00.23 . Memory (MB): peak = 3057.004 ; gain = 0.000 ; free physical = 36695 ; free virtual = 78764

Starting Logic Optimization Task

Phase 1 Initialization

Phase 1.1 Core Generation And Design Setup
Phase 1.1 Core Generation And Design Setup | Checksum: 18f40b610

Time (s): cpu = 00:00:00 ; elapsed = 00:00:00 . Memory (MB): peak = 3057.004 ; gain = 0.000 ; free physical = 36917 ; free virtual = 78987

Phase 1.2 Setup Constraints And Sort Netlist
Phase 1.2 Setup Constraints And Sort Netlist | Checksum: 18f40b610

Time (s): cpu = 00:00:00 ; elapsed = 00:00:00 . Memory (MB): peak = 3057.004 ; gain = 0.000 ; free physical = 36917 ; free virtual = 78987
Phase 1 Initialization | Checksum: 18f40b610

Time (s): cpu = 00:00:00 ; elapsed = 00:00:00 . Memory (MB): peak = 3057.004 ; gain = 0.000 ; free physical = 36917 ; free virtual = 78987

Phase 2 Timer Update And Timing Data Collection

Phase 2.1 Detect if minReqCache needed
Phase 2.1 Detect if minReqCache needed | Checksum: 18f40b610

Time (s): cpu = 00:00:00.01 ; elapsed = 00:00:00 . Memory (MB): peak = 3057.004 ; gain = 0.000 ; free physical = 36917 ; free virtual = 78987

Phase 2.2 Timer Update
INFO: [Timing 38-35] Done setting XDC timing constraints.
Phase 2.2 Timer Update | Checksum: 18f40b610

Time (s): cpu = 00:00:03 ; elapsed = 00:00:03 . Memory (MB): peak = 3072.969 ; gain = 15.965 ; free physical = 36320 ; free virtual = 78390
Phase 2 Timer Update And Timing Data Collection | Checksum: 18f40b610

Time (s): cpu = 00:00:03 ; elapsed = 00:00:03 . Memory (MB): peak = 3072.969 ; gain = 15.965 ; free physical = 36320 ; free virtual = 78390

Phase 3 Retarget
INFO: [Opt 31-1851] Number of loadless carry chains removed were: 0
INFO: [Opt 31-1834] Total Chains To Be Transformed Were: 0 AND Number of Transformed insts Created are: 0
INFO: [Opt 31-138] Pushed 0 inverter(s) to 0 load pin(s).
INFO: [Opt 31-49] Retargeted 0 cell(s).
Phase 3 Retarget | Checksum: 18f40b610

Time (s): cpu = 00:00:03 ; elapsed = 00:00:03 . Memory (MB): peak = 3072.969 ; gain = 15.965 ; free physical = 36320 ; free virtual = 78389
Retarget | Checksum: 18f40b610
INFO: [Opt 31-389] Phase Retarget created 0 cells and removed 0 cells

Phase 4 Constant propagation
INFO: [Opt 31-138] Pushed 0 inverter(s) to 0 load pin(s).
Phase 4 Constant propagation | Checksum: 18f40b610

Time (s): cpu = 00:00:03 ; elapsed = 00:00:03 . Memory (MB): peak = 3072.969 ; gain = 15.965 ; free physical = 36319 ; free virtual = 78389
Constant propagation | Checksum: 18f40b610
INFO: [Opt 31-389] Phase Constant propagation created 0 cells and removed 0 cells

Phase 5 Sweep
INFO: [Constraints 18-11670] Building netlist checker database with flags, 0x8
Done building netlist checker database: Time (s): cpu = 00:00:00 ; elapsed = 00:00:00 . Memory (MB): peak = 3072.969 ; gain = 0.000 ; free physical = 36317 ; free virtual = 78387
Phase 5 Sweep | Checksum: 14c554aef

Time (s): cpu = 00:00:03 ; elapsed = 00:00:03 . Memory (MB): peak = 3072.969 ; gain = 15.965 ; free physical = 36317 ; free virtual = 78387
Sweep | Checksum: 14c554aef
INFO: [Opt 31-389] Phase Sweep created 0 cells and removed 0 cells

Phase 6 BUFG optimization
Phase 6 BUFG optimization | Checksum: 14c554aef

Time (s): cpu = 00:00:03 ; elapsed = 00:00:03 . Memory (MB): peak = 3104.984 ; gain = 47.980 ; free physical = 36317 ; free virtual = 78386
BUFG optimization | Checksum: 14c554aef
INFO: [Opt 31-662] Phase BUFG optimization created 0 cells of which 0 are BUFGs and removed 0 cells.

Phase 7 Shift Register Optimization
INFO: [Opt 31-1064] SRL Remap converted 0 SRLs to 0 registers and converted 0 registers of register chains to 0 SRLs
Phase 7 Shift Register Optimization | Checksum: 14c554aef

Time (s): cpu = 00:00:03 ; elapsed = 00:00:03 . Memory (MB): peak = 3104.984 ; gain = 47.980 ; free physical = 36317 ; free virtual = 78386
Shift Register Optimization | Checksum: 14c554aef
INFO: [Opt 31-389] Phase Shift Register Optimization created 0 cells and removed 0 cells
INFO: [Opt 31-1555] control_set_opt supports Versal devices only, and device 7a35t is unsupported

Phase 8 Post Processing Netlist
Phase 8 Post Processing Netlist | Checksum: 14c554aef

Time (s): cpu = 00:00:03 ; elapsed = 00:00:03 . Memory (MB): peak = 3104.984 ; gain = 47.980 ; free physical = 36317 ; free virtual = 78386
Post Processing Netlist | Checksum: 14c554aef
INFO: [Opt 31-389] Phase Post Processing Netlist created 0 cells and removed 0 cells

Phase 9 Finalization

Phase 9.1 Finalizing Design Cores and Updating Shapes
Phase 9.1 Finalizing Design Cores and Updating Shapes | Checksum: 2e90c962b

Time (s): cpu = 00:00:03 ; elapsed = 00:00:03 . Memory (MB): peak = 3104.984 ; gain = 47.980 ; free physical = 36316 ; free virtual = 78386

Phase 9.2 Verifying Netlist Connectivity

Starting Connectivity Check Task

Time (s): cpu = 00:00:00 ; elapsed = 00:00:00 . Memory (MB): peak = 3104.984 ; gain = 0.000 ; free physical = 36316 ; free virtual = 78386
Phase 9.2 Verifying Netlist Connectivity | Checksum: 2e90c962b

Time (s): cpu = 00:00:03 ; elapsed = 00:00:03 . Memory (MB): peak = 3104.984 ; gain = 47.980 ; free physical = 36316 ; free virtual = 78386
Phase 9 Finalization | Checksum: 2e90c962b

Time (s): cpu = 00:00:03 ; elapsed = 00:00:03 . Memory (MB): peak = 3104.984 ; gain = 47.980 ; free physical = 36316 ; free virtual = 78386
Opt_design Change Summary
=========================


-------------------------------------------------------------------------------------------------------------------------
|  Phase                        |  #Cells created  |  #Cells Removed  |  #Constrained objects preventing optimizations  |
-------------------------------------------------------------------------------------------------------------------------
|  Retarget                     |               0  |               0  |                                              0  |
|  Constant propagation         |               0  |               0  |                                              0  |
|  Sweep                        |               0  |               0  |                                              0  |
|  BUFG optimization            |               0  |               0  |                                              0  |
|  Shift Register Optimization  |               0  |               0  |                                              0  |
|  Post Processing Netlist      |               0  |               0  |                                              0  |
-------------------------------------------------------------------------------------------------------------------------


Ending Logic Optimization Task | Checksum: 2e90c962b

Time (s): cpu = 00:00:03 ; elapsed = 00:00:03 . Memory (MB): peak = 3104.984 ; gain = 47.980 ; free physical = 36316 ; free virtual = 78386
Netlist sorting complete. Time (s): cpu = 00:00:00 ; elapsed = 00:00:00 . Memory (MB): peak = 3104.984 ; gain = 0.000 ; free physical = 36300 ; free virtual = 78370
INFO: [Common 17-83] Releasing license: Implementation
21 Infos, 1 Warnings, 0 Critical Warnings and 0 Errors encountered.
opt_design completed successfully
# puts "INFO: opt_design ran = $opt_ran (fix F2)"
INFO: opt_design ran = 1 (fix F2)
# set forensic {}
# foreach m {fp4_mul fp8_mul fp4_cmul fp8_cmul fp4_add_sub fp8_add_sub \
#            fp4_complex_add_sub fp8_complex_add_sub butterfly_wrapper \
#            butterfly_wrapper_gated complex_fp8_to_fp4 complex_fp4_to_fp8} {
#     set n [llength [get_cells -hier -filter "REF_NAME =~ *${m}*" -quiet]]
#     dict set forensic $m $n
#     puts "FORENSIC: ${m} instances kept = $n"
# }
FORENSIC: fp4_mul instances kept = 4
FORENSIC: fp8_mul instances kept = 4
FORENSIC: fp4_cmul instances kept = 1
FORENSIC: fp8_cmul instances kept = 1
FORENSIC: fp4_add_sub instances kept = 0
FORENSIC: fp8_add_sub instances kept = 2
FORENSIC: fp4_complex_add_sub instances kept = 0
FORENSIC: fp8_complex_add_sub instances kept = 0
FORENSIC: butterfly_wrapper instances kept = 1
FORENSIC: butterfly_wrapper_gated instances kept = 1
FORENSIC: complex_fp8_to_fp4 instances kept = 0
FORENSIC: complex_fp4_to_fp8 instances kept = 0
# set n_dsp_prim [llength [get_cells -hier -filter {PRIMITIVE_TYPE =~ MULT.*} -quiet]]
# puts "FORENSIC: DSP48 primitives = $n_dsp_prim"
FORENSIC: DSP48 primitives = 10
# set bf_nets [get_nets -hier -quiet *bf_mult_prec*]
# puts "FORENSIC: bf_mult_prec nets present = [llength $bf_nets] (0 is expected - net is absorbed)"
FORENSIC: bf_mult_prec nets present = 0 (0 is expected - net is absorbed)
# foreach n $bf_nets {
#     puts "FORENSIC:   $n type=[get_property -quiet TYPE $n]"
# }
# report_utilization -hierarchical -hierarchical_depth 6 \
#     -file /tmp/${design_name}_util_hier.rpt
# set util_rpt_file "/tmp/${design_name}_util.rpt"
# report_utilization -file $util_rpt_file
# set lut_count 0 
# set lutram_count 0 
# set dsp_count 0
# set bram_count 0 
# set ff_count 0    
# set io_count 0
# set content ""
# if {[file exists $util_rpt_file]} {
#     set fp [open $util_rpt_file r]; set content [read $fp]; close $fp
# }
# set lines [split $content "\n"]
# foreach line $lines {
#     if {[regexp {^\|\s*(CLB LUTs|Slice LUTs|Slice LUTs\*)\s*\|\s*(\d+)\s*\|} $line -> _l v]} {
#         set lut_count [string trim $v]; break
#     }
# }
# foreach line $lines {
#     if {[regexp {^\|\s*LUT as Memory\s*\|\s*(\d+)\s*\|} $line -> v]} {
#         set lutram_count [string trim $v]; break
#     }
# }
# if {$lut_count == 0} {
#     set ll 0; set lm 0
#     foreach line $lines {
#         if {[regexp {^\|\s*LUT as Logic\s*\|\s*(\d+)\s*\|} $line -> v]}  { set ll [string trim $v] }
#         if {[regexp {^\|\s*LUT as Memory\s*\|\s*(\d+)\s*\|} $line -> v]} { set lm [string trim $v] }
#     }
#     set lut_count [expr {$ll + $lm}]; set lutram_count $lm
# }
# foreach line $lines {
#     if {[regexp {^\|\s*(DSPs|DSP48E\w*)\s*\|\s*(\d+)\s*\|} $line -> _l v]} {
#         set dsp_count [string trim $v]; break
#     }
# }
# foreach line $lines {
#     if {[regexp {^\|\s*Block RAM Tile\s*\|\s*([0-9.]+)\s*\|} $line -> v]} {
#         set bram_count [string trim $v]; break
#     }
# }
# foreach line $lines {
#     if {[regexp {^\|\s*(CLB Registers|Slice Registers|Register as Flip Flop)\s*\|\s*(\d+)\s*\|} $line -> _l v]} {
#         set ff_count [string trim $v]; break
#     }
# }
# foreach line $lines {
#     if {[regexp {^\|\s*Bonded IOB\s*\|\s*(\d+)\s*\|} $line -> v]} {
#         set io_count [string trim $v]; break
#     }
# }
# proc parse_power { rpt } {
#     set tot 0.0 ; set dyn 0.0 ; set sta 0.0
#     if {[file exists $rpt]} {
#         set fp [open $rpt r]; set pc [read $fp]; close $fp
#         foreach line [split $pc "\n"] {
#             if {[regexp {Total On-Chip Power \(W\)\s*\|\s*([0-9.]+)} $line -> v]} { set tot [string trim $v] }
#             if {[regexp {Dynamic \(W\)\s*\|\s*([0-9.]+)}             $line -> v]} { set dyn [string trim $v] }
#             if {[regexp {Device Static \(W\)\s*\|\s*([0-9.]+)}       $line -> v]} { set sta [string trim $v] }
#         }
#     }
#     return [list $tot $dyn $sta]
# }
# set power_rpt_vl "/tmp/${design_name}_power_vectorless.rpt"
# report_power -file $power_rpt_vl
Command: report_power -file /tmp/fft_512_sol10_gen608_power_vectorless.rpt
INFO: [Timing 38-35] Done setting XDC timing constraints.
Running Vector-less Activity Propagation...
WARNING: [Timing 38-242] The property HD.CLK_SRC of clock port "clk" is not set. In out-of-context mode, this prevents timing estimation for clock delay/skew
Resolution: Set the HD.CLK_SRC property of the out-of-context port to the location of the clock buffer instance in the top-level design

Finished Running Vector-less Activity Propagation
1 Infos, 1 Warnings, 0 Critical Warnings and 0 Errors encountered.
report_power completed successfully
# lassign [parse_power $power_rpt_vl] tot_vl dyn_vl sta_vl
# puts "INFO: vectorless baseline: dynamic = $dyn_vl W  static = $sta_vl W"
INFO: vectorless baseline: dynamic = 0.031 W  static = 0.069 W
# set saif_used 0
# set saif_read 0
# if { $saif_file ne "" && [file exists $saif_file] } {
#     if { [catch { read_saif -strip_path $saif_strip_path $saif_file } emsg] } {
#         puts "WARNING: read_saif failed ($emsg) - power stays VECTORLESS"
#     } else {
#         set saif_read 1
#         puts "INFO: read_saif returned OK (strip_path = $saif_strip_path)"
#     }
# } else {
#     puts "WARNING: no SAIF - power is VECTORLESS and will NOT vary with the"
#     puts "WARNING: chromosome. Do not use it as an optimisation objective."
# }
INFO: [Power 33-167] Parsing SAIF file /home/digital-1/SRIP2026/Updated-FFT-Processor/sim/fft_512_sol10_gen608.saif
WARNING: [Power 33-288] Design net 'core/mem/rd_prec_d1_reg_6' is in 'X' state more than 50% of simulation time.  If this is not desired, please provide correct activity rates for better power accuracy.
WARNING: [Power 33-288] Design net 'core/mem/rd_prec_d1_reg_7' is in 'X' state more than 50% of simulation time.  If this is not desired, please provide correct activity rates for better power accuracy.
WARNING: [Power 33-288] Design net 'core/mem/rd_prec_d1_reg_8' is in 'X' state more than 50% of simulation time.  If this is not desired, please provide correct activity rates for better power accuracy.
WARNING: [Power 33-288] Design net 'core/mem/rd_prec_d1_reg_9' is in 'X' state more than 50% of simulation time.  If this is not desired, please provide correct activity rates for better power accuracy.
WARNING: [Power 33-288] Design net 'core/mem/rd_prec_d1_reg_2' is in 'X' state more than 50% of simulation time.  If this is not desired, please provide correct activity rates for better power accuracy.
WARNING: [Power 33-288] Design net 'core/mem/rd_prec_d1_reg_0' is in 'X' state more than 50% of simulation time.  If this is not desired, please provide correct activity rates for better power accuracy.
WARNING: [Power 33-288] Design net 'core/mem/rd_prec_d1_reg_1' is in 'X' state more than 50% of simulation time.  If this is not desired, please provide correct activity rates for better power accuracy.
WARNING: [Power 33-288] Design net 'core/mem/unload_data[0]' is in 'X' state more than 50% of simulation time.  If this is not desired, please provide correct activity rates for better power accuracy.
WARNING: [Power 33-288] Design net 'core/mem/unload_data[1]' is in 'X' state more than 50% of simulation time.  If this is not desired, please provide correct activity rates for better power accuracy.
WARNING: [Power 33-288] Design net 'core/mem/unload_data[2]' is in 'X' state more than 50% of simulation time.  If this is not desired, please provide correct activity rates for better power accuracy.
WARNING: [Power 33-288] Design net 'core/mem/unload_data[3]' is in 'X' state more than 50% of simulation time.  If this is not desired, please provide correct activity rates for better power accuracy.
WARNING: [Power 33-288] Design net 'core/mem/rd_prec_d1_reg_5' is in 'X' state more than 50% of simulation time.  If this is not desired, please provide correct activity rates for better power accuracy.
WARNING: [Power 33-288] Design net 'core/mem/rd_prec_d1_reg_3' is in 'X' state more than 50% of simulation time.  If this is not desired, please provide correct activity rates for better power accuracy.
WARNING: [Power 33-288] Design net 'core/mem/unload_data[4]' is in 'X' state more than 50% of simulation time.  If this is not desired, please provide correct activity rates for better power accuracy.
WARNING: [Power 33-288] Design net 'core/mem/unload_data[5]' is in 'X' state more than 50% of simulation time.  If this is not desired, please provide correct activity rates for better power accuracy.
WARNING: [Power 33-288] Design net 'core/mem/unload_data[6]' is in 'X' state more than 50% of simulation time.  If this is not desired, please provide correct activity rates for better power accuracy.
WARNING: [Power 33-288] Design net 'core/A_24_pipe_reg[0]_3[8]' is in 'X' state more than 50% of simulation time.  If this is not desired, please provide correct activity rates for better power accuracy.
WARNING: [Power 33-288] Design net 'core/A_24_pipe_reg[0]_3[9]' is in 'X' state more than 50% of simulation time.  If this is not desired, please provide correct activity rates for better power accuracy.
WARNING: [Power 33-288] Design net 'core/A_24_pipe_reg[0]_3[16]' is in 'X' state more than 50% of simulation time.  If this is not desired, please provide correct activity rates for better power accuracy.
WARNING: [Power 33-288] Design net 'core/A_24_pipe_reg[0]_3[17]' is in 'X' state more than 50% of simulation time.  If this is not desired, please provide correct activity rates for better power accuracy.
WARNING: [Power 33-288] Design net 'core/B_24_pipe_reg[0]_4[8]' is in 'X' state more than 50% of simulation time.  If this is not desired, please provide correct activity rates for better power accuracy.
WARNING: [Power 33-288] Design net 'core/B_24_pipe_reg[0]_4[9]' is in 'X' state more than 50% of simulation time.  If this is not desired, please provide correct activity rates for better power accuracy.
WARNING: [Power 33-288] Design net 'core/B_24_pipe_reg[0]_4[16]' is in 'X' state more than 50% of simulation time.  If this is not desired, please provide correct activity rates for better power accuracy.
WARNING: [Power 33-288] Design net 'core/B_24_pipe_reg[0]_4[17]' is in 'X' state more than 50% of simulation time.  If this is not desired, please provide correct activity rates for better power accuracy.
WARNING: [Power 33-288] Design net 'core/mem/stable_stage_pipe_reg[10][2]_5' is in 'X' state more than 50% of simulation time.  If this is not desired, please provide correct activity rates for better power accuracy.
WARNING: [Power 33-288] Design net 'core/mem/stable_stage_pipe_reg[10][2]_6' is in 'X' state more than 50% of simulation time.  If this is not desired, please provide correct activity rates for better power accuracy.
WARNING: [Power 33-288] Design net 'core/mem/stable_stage_pipe_reg[10][2]_7' is in 'X' state more than 50% of simulation time.  If this is not desired, please provide correct activity rates for better power accuracy.
WARNING: [Power 33-288] Design net 'core/mem/stable_stage_pipe_reg[10][2]_8' is in 'X' state more than 50% of simulation time.  If this is not desired, please provide correct activity rates for better power accuracy.
WARNING: [Power 33-288] Design net 'core/mem/stable_stage_pipe_reg[10][2]_9' is in 'X' state more than 50% of simulation time.  If this is not desired, please provide correct activity rates for better power accuracy.
WARNING: [Power 33-288] Design net 'core/mem/stable_stage_pipe_reg[10][2]_10' is in 'X' state more than 50% of simulation time.  If this is not desired, please provide correct activity rates for better power accuracy.
WARNING: [Power 33-288] Design net 'core/mem/stable_stage_pipe_reg[10][2]_11' is in 'X' state more than 50% of simulation time.  If this is not desired, please provide correct activity rates for better power accuracy.
WARNING: [Power 33-288] Design net 'core/mem/stable_stage_pipe_reg[10][2]_12' is in 'X' state more than 50% of simulation time.  If this is not desired, please provide correct activity rates for better power accuracy.
WARNING: [Power 33-288] Design net 'core/mem/mem_rd_a_24[0]' is in 'X' state more than 50% of simulation time.  If this is not desired, please provide correct activity rates for better power accuracy.
WARNING: [Power 33-288] Design net 'core/mem/mem_rd_a_24[1]' is in 'X' state more than 50% of simulation time.  If this is not desired, please provide correct activity rates for better power accuracy.
WARNING: [Power 33-288] Design net 'core/mem/mem_rd_a_24[2]' is in 'X' state more than 50% of simulation time.  If this is not desired, please provide correct activity rates for better power accuracy.
WARNING: [Power 33-288] Design net 'core/mem/mem_rd_a_24[3]' is in 'X' state more than 50% of simulation time.  If this is not desired, please provide correct activity rates for better power accuracy.
WARNING: [Power 33-288] Design net 'core/mem/mem_rd_a_24[4]' is in 'X' state more than 50% of simulation time.  If this is not desired, please provide correct activity rates for better power accuracy.
WARNING: [Power 33-288] Design net 'core/mem/mem_rd_a_24[5]' is in 'X' state more than 50% of simulation time.  If this is not desired, please provide correct activity rates for better power accuracy.
WARNING: [Power 33-288] Design net 'core/mem/mem_rd_a_24[6]' is in 'X' state more than 50% of simulation time.  If this is not desired, please provide correct activity rates for better power accuracy.
WARNING: [Power 33-288] Design net 'core/mem/mem_rd_a_24[7]' is in 'X' state more than 50% of simulation time.  If this is not desired, please provide correct activity rates for better power accuracy.
WARNING: [Power 33-288] Design net 'core/mem/mem_rd_a_24[8]' is in 'X' state more than 50% of simulation time.  If this is not desired, please provide correct activity rates for better power accuracy.
WARNING: [Power 33-288] Design net 'core/mem/mem_rd_a_24[9]' is in 'X' state more than 50% of simulation time.  If this is not desired, please provide correct activity rates for better power accuracy.
WARNING: [Power 33-288] Design net 'core/mem/mem_rd_a_24[10]' is in 'X' state more than 50% of simulation time.  If this is not desired, please provide correct activity rates for better power accuracy.
WARNING: [Power 33-288] Design net 'core/mem/mem_rd_a_24[11]' is in 'X' state more than 50% of simulation time.  If this is not desired, please provide correct activity rates for better power accuracy.
WARNING: [Power 33-288] Design net 'core/mem/mem_rd_a_24[12]' is in 'X' state more than 50% of simulation time.  If this is not desired, please provide correct activity rates for better power accuracy.
WARNING: [Power 33-288] Design net 'core/mem/mem_rd_a_24[13]' is in 'X' state more than 50% of simulation time.  If this is not desired, please provide correct activity rates for better power accuracy.
WARNING: [Power 33-288] Design net 'core/mem/mem_rd_a_24[14]' is in 'X' state more than 50% of simulation time.  If this is not desired, please provide correct activity rates for better power accuracy.
WARNING: [Power 33-288] Design net 'core/mem/mem_rd_a_24[15]' is in 'X' state more than 50% of simulation time.  If this is not desired, please provide correct activity rates for better power accuracy.
WARNING: [Power 33-288] Design net 'core/mem/mem_rd_a_24[16]' is in 'X' state more than 50% of simulation time.  If this is not desired, please provide correct activity rates for better power accuracy.
WARNING: [Power 33-288] Design net 'core/mem/mem_rd_a_24[17]' is in 'X' state more than 50% of simulation time.  If this is not desired, please provide correct activity rates for better power accuracy.
WARNING: [Power 33-288] Design net 'core/mem/mem_rd_b_24[0]' is in 'X' state more than 50% of simulation time.  If this is not desired, please provide correct activity rates for better power accuracy.
WARNING: [Power 33-288] Design net 'core/mem/mem_rd_b_24[1]' is in 'X' state more than 50% of simulation time.  If this is not desired, please provide correct activity rates for better power accuracy.
WARNING: [Power 33-288] Design net 'core/mem/mem_rd_b_24[2]' is in 'X' state more than 50% of simulation time.  If this is not desired, please provide correct activity rates for better power accuracy.
WARNING: [Power 33-288] Design net 'core/mem/mem_rd_b_24[3]' is in 'X' state more than 50% of simulation time.  If this is not desired, please provide correct activity rates for better power accuracy.
WARNING: [Power 33-288] Design net 'core/mem/mem_rd_b_24[4]' is in 'X' state more than 50% of simulation time.  If this is not desired, please provide correct activity rates for better power accuracy.
WARNING: [Power 33-288] Design net 'core/mem/mem_rd_b_24[5]' is in 'X' state more than 50% of simulation time.  If this is not desired, please provide correct activity rates for better power accuracy.
WARNING: [Power 33-288] Design net 'core/mem/mem_rd_b_24[6]' is in 'X' state more than 50% of simulation time.  If this is not desired, please provide correct activity rates for better power accuracy.
WARNING: [Power 33-288] Design net 'core/mem/mem_rd_b_24[7]' is in 'X' state more than 50% of simulation time.  If this is not desired, please provide correct activity rates for better power accuracy.
WARNING: [Power 33-288] Design net 'core/mem/mem_rd_b_24[8]' is in 'X' state more than 50% of simulation time.  If this is not desired, please provide correct activity rates for better power accuracy.
WARNING: [Power 33-288] Design net 'core/mem/mem_rd_b_24[9]' is in 'X' state more than 50% of simulation time.  If this is not desired, please provide correct activity rates for better power accuracy.
WARNING: [Power 33-288] Design net 'core/mem/mem_rd_b_24[10]' is in 'X' state more than 50% of simulation time.  If this is not desired, please provide correct activity rates for better power accuracy.
WARNING: [Power 33-288] Design net 'core/mem/mem_rd_b_24[11]' is in 'X' state more than 50% of simulation time.  If this is not desired, please provide correct activity rates for better power accuracy.
WARNING: [Power 33-288] Design net 'core/mem/mem_rd_b_24[12]' is in 'X' state more than 50% of simulation time.  If this is not desired, please provide correct activity rates for better power accuracy.
WARNING: [Power 33-288] Design net 'core/mem/mem_rd_b_24[13]' is in 'X' state more than 50% of simulation time.  If this is not desired, please provide correct activity rates for better power accuracy.
WARNING: [Power 33-288] Design net 'core/mem/mem_rd_b_24[14]' is in 'X' state more than 50% of simulation time.  If this is not desired, please provide correct activity rates for better power accuracy.
WARNING: [Power 33-288] Design net 'core/mem/mem_rd_b_24[15]' is in 'X' state more than 50% of simulation time.  If this is not desired, please provide correct activity rates for better power accuracy.
WARNING: [Power 33-288] Design net 'core/mem/mem_rd_b_24[16]' is in 'X' state more than 50% of simulation time.  If this is not desired, please provide correct activity rates for better power accuracy.
WARNING: [Power 33-288] Design net 'core/mem/mem_rd_b_24[17]' is in 'X' state more than 50% of simulation time.  If this is not desired, please provide correct activity rates for better power accuracy.
WARNING: [Power 33-288] Design net 'core/mem/rd_prec_d1_reg_4[0]' is in 'X' state more than 50% of simulation time.  If this is not desired, please provide correct activity rates for better power accuracy.
WARNING: [Power 33-288] Design net 'core/mem/rd_prec_d1_reg_4[1]' is in 'X' state more than 50% of simulation time.  If this is not desired, please provide correct activity rates for better power accuracy.
WARNING: [Power 33-288] Design net 'core/mem/rd_prec_d1_reg_4[2]' is in 'X' state more than 50% of simulation time.  If this is not desired, please provide correct activity rates for better power accuracy.
WARNING: [Power 33-288] Design net 'core/mem/rd_prec_d1_reg_4[3]' is in 'X' state more than 50% of simulation time.  If this is not desired, please provide correct activity rates for better power accuracy.
WARNING: [Power 33-288] Design net 'core/mem/rd_prec_d1_reg_0' is in 'X' state more than 50% of simulation time.  If this is not desired, please provide correct activity rates for better power accuracy.
WARNING: [Power 33-288] Design net 'core/mem/rd_prec_d1_reg_1' is in 'X' state more than 50% of simulation time.  If this is not desired, please provide correct activity rates for better power accuracy.
WARNING: [Power 33-288] Design net 'core/mem/rd_prec_d1_reg_2' is in 'X' state more than 50% of simulation time.  If this is not desired, please provide correct activity rates for better power accuracy.
WARNING: [Power 33-288] Design net 'core/mem/rd_prec_d1_reg_3' is in 'X' state more than 50% of simulation time.  If this is not desired, please provide correct activity rates for better power accuracy.
WARNING: [Power 33-288] Design net 'core/mem/rd_prec_d1_reg_5' is in 'X' state more than 50% of simulation time.  If this is not desired, please provide correct activity rates for better power accuracy.
WARNING: [Power 33-288] Design net 'core/mem/rd_prec_d1_reg_6' is in 'X' state more than 50% of simulation time.  If this is not desired, please provide correct activity rates for better power accuracy.
WARNING: [Power 33-288] Design net 'core/mem/rd_prec_d1_reg_7' is in 'X' state more than 50% of simulation time.  If this is not desired, please provide correct activity rates for better power accuracy.
WARNING: [Power 33-288] Design net 'core/mem/rd_prec_d1_reg_8' is in 'X' state more than 50% of simulation time.  If this is not desired, please provide correct activity rates for better power accuracy.
WARNING: [Power 33-288] Design net 'core/mem/rd_prec_d1_reg_9' is in 'X' state more than 50% of simulation time.  If this is not desired, please provide correct activity rates for better power accuracy.
WARNING: [Power 33-288] Design net 'core/shared_bf/cmul_fp8/m4/wr_data_a[15]' is in 'X' state more than 50% of simulation time.  If this is not desired, please provide correct activity rates for better power accuracy.
WARNING: [Power 33-288] Design net 'core/shared_bf/cmul_fp8/m4/wr_data_a[14]' is in 'X' state more than 50% of simulation time.  If this is not desired, please provide correct activity rates for better power accuracy.
WARNING: [Power 33-288] Design net 'core/shared_bf/cmul_fp8/m1/wr_data_a[1]' is in 'X' state more than 50% of simulation time.  If this is not desired, please provide correct activity rates for better power accuracy.
WARNING: [Power 33-288] Design net 'core/shared_bf/cmul_fp8/m1/wr_data_a[0]' is in 'X' state more than 50% of simulation time.  If this is not desired, please provide correct activity rates for better power accuracy.
WARNING: [Power 33-288] Design net 'core/shared_bf/cmul_fp8/m4/wr_data_a[13]' is in 'X' state more than 50% of simulation time.  If this is not desired, please provide correct activity rates for better power accuracy.
WARNING: [Power 33-288] Design net 'core/shared_bf/cmul_fp8/m4/wr_data_a[12]' is in 'X' state more than 50% of simulation time.  If this is not desired, please provide correct activity rates for better power accuracy.
WARNING: [Power 33-288] Design net 'core/shared_bf/cmul_fp8/m4/wr_data_a[11]' is in 'X' state more than 50% of simulation time.  If this is not desired, please provide correct activity rates for better power accuracy.
WARNING: [Power 33-288] Design net 'core/shared_bf/cmul_fp8/m4/wr_data_a[10]' is in 'X' state more than 50% of simulation time.  If this is not desired, please provide correct activity rates for better power accuracy.
WARNING: [Power 33-288] Design net 'core/shared_bf/cmul_fp8/m4/wr_data_a[9]' is in 'X' state more than 50% of simulation time.  If this is not desired, please provide correct activity rates for better power accuracy.
WARNING: [Power 33-288] Design net 'core/shared_bf/cmul_fp8/m4/wr_data_a[8]' is in 'X' state more than 50% of simulation time.  If this is not desired, please provide correct activity rates for better power accuracy.
WARNING: [Power 33-288] Design net 'core/shared_bf/cmul_fp8/m4/wr_data_a[7]' is in 'X' state more than 50% of simulation time.  If this is not desired, please provide correct activity rates for better power accuracy.
WARNING: [Power 33-288] Design net 'core/shared_bf/cmul_fp8/m4/wr_data_a[6]' is in 'X' state more than 50% of simulation time.  If this is not desired, please provide correct activity rates for better power accuracy.
WARNING: [Power 33-288] Design net 'core/shared_bf/cmul_fp8/m4/wr_data_a[5]' is in 'X' state more than 50% of simulation time.  If this is not desired, please provide correct activity rates for better power accuracy.
WARNING: [Power 33-288] Design net 'core/shared_bf/cmul_fp8/m4/wr_data_a[4]' is in 'X' state more than 50% of simulation time.  If this is not desired, please provide correct activity rates for better power accuracy.
WARNING: [Power 33-288] Design net 'core/shared_bf/cmul_fp8/m4/wr_data_a[3]' is in 'X' state more than 50% of simulation time.  If this is not desired, please provide correct activity rates for better power accuracy.
WARNING: [Power 33-288] Design net 'core/shared_bf/cmul_fp8/m4/wr_data_a[2]' is in 'X' state more than 50% of simulation time.  If this is not desired, please provide correct activity rates for better power accuracy.
WARNING: [Power 33-288] Design net 'core/shared_bf/cmul_fp8/m4/wr_data_a[1]' is in 'X' state more than 50% of simulation time.  If this is not desired, please provide correct activity rates for better power accuracy.
WARNING: [Power 33-288] Design net 'core/shared_bf/cmul_fp8/m4/wr_data_a[0]' is in 'X' state more than 50% of simulation time.  If this is not desired, please provide correct activity rates for better power accuracy.
WARNING: [Power 33-288] Design net 'core/shared_bf/cmul_fp8/m4/wr_data_b[19]' is in 'X' state more than 50% of simulation time.  If this is not desired, please provide correct activity rates for better power accuracy.
INFO: [Common 17-14] Message 'Power 33-288' appears 100 times and further instances of the messages will be disabled. Use the Tcl command set_msg_config to change the current settings.
WARNING: [Power 33-330] Read_saif is trying to annotate activities on clock net and this will be ignored. Users shall manually specify clock net frequency using sdc timing constraints(e.g. create_clock)
INFO: [Power 33-177] SAIF annotation done from file /home/digital-1/SRIP2026/Updated-FFT-Processor/sim/fft_512_sol10_gen608.saif
INFO: [Power 33-26] Design nets matched = 1020 of 2145
INFO: read_saif returned OK (strip_path = tb_fft_power/uut)
# set power_rpt_file "/tmp/${design_name}_power.rpt"
# report_power -file $power_rpt_file
Command: report_power -file /tmp/fft_512_sol10_gen608_power.rpt
48% of nets annotated
Doing probabilistic computation for the remaining nets

0 Infos, 0 Warnings, 0 Critical Warnings and 0 Errors encountered.
report_power completed successfully
# lassign [parse_power $power_rpt_file] total_power dynamic_power static_power
# if { $saif_read } {
#     if { [expr {abs(double($dynamic_power) - double($dyn_vl))}] < 1e-9 } {
#         set saif_used 0
#         puts "CRITICAL: SAIF annotated NOTHING - dynamic power is identical to the"
#         puts "CRITICAL: vectorless baseline ($dyn_vl W). saif_used = 0. Check the"
#         puts "CRITICAL: -strip_path (currently '$saif_strip_path') against the"
#         puts "CRITICAL: (INSTANCE ...) hierarchy at the top of the SAIF file, and"
#         puts "CRITICAL: remember an RTL SAIF cannot match a post-synthesis netlist"
#         puts "CRITICAL: for renamed/absorbed nets. DO NOT use this power number."
#     } else {
#         set saif_used 1
#         puts "INFO: SAIF is EFFECTIVE - dynamic power moved $dyn_vl W -> $dynamic_power W (fix F3)"
#     }
# }
INFO: SAIF is EFFECTIVE - dynamic power moved 0.031 W -> 0.036 W (fix F3)
# set p_fp8_cone 0.0 
# set p_fp4_cone 0.0
# catch {
#     set c8 [get_cells -hier -filter {REF_NAME =~ *fp8_cmul*} -quiet]
#     if { [llength $c8] } {
#         report_power -instance $c8 -file /tmp/${design_name}_power_fp8.rpt
#     }
#     set c4 [get_cells -hier -filter {REF_NAME =~ *fp4_cmul*} -quiet]
#     if { [llength $c4] } {
#         report_power -instance $c4 -file /tmp/${design_name}_power_fp4.rpt
#     }
# }
# set timing_rpt_file "/tmp/${design_name}_timing.rpt"
# report_timing_summary -file $timing_rpt_file -delay_type max -max_paths 10
INFO: [Timing 38-91] UpdateTimingParams: Speed grade: -1, Delay Type: max.
INFO: [Timing 38-191] Multithreading enabled for timing update using a maximum of 8 CPUs
# report_timing -delay_type max -max_paths 1 -nworst 1 -sort_by slack \
#               -file /tmp/${design_name}_timing_worst.rpt
INFO: [Timing 38-91] UpdateTimingParams: Speed grade: -1, Delay Type: max.
INFO: [Timing 38-191] Multithreading enabled for timing update using a maximum of 8 CPUs
INFO: [Timing 38-78] ReportTimingParams: -max_paths 1 -nworst 1 -delay_type max -sort_by slack.
# set wns "N/A"
# set critical_path_delay 100.0
# catch {
#     set wns [get_property -quiet SLACK [lindex [get_timing_paths -max_paths 1 -delay_type max] 0]]
# }
# if { $wns eq "" || $wns eq "N/A" } {
#     if {[file exists $timing_rpt_file]} {
#         set fp [open $timing_rpt_file r]; set tc [read $fp]; close $fp
#         if {[regexp {WNS\(ns\)[^\n]*\n[^\n]*\n\s*([-0-9.]+)} $tc -> v]} { set wns [string trim $v] }
#     }
# }
# if { $wns ne "N/A" && $wns ne "" } {
#     set critical_path_delay [expr {double($clock_period) - double($wns)}]
# }
# set fmax_mhz 0.0
# if { $critical_path_delay > 0 } {
#     set fmax_mhz [expr {1000.0 / $critical_path_delay}]
# }
# set csv_dir [file dirname $csv_output]
# file mkdir $csv_dir
# set fp [open $csv_output w]
# puts $fp "Metric,Value"
# puts $fp "design_name,$design_name"
# puts $fp "top_module,$top_module"
# puts $fp "lut_count,$lut_count"
# puts $fp "lutram_count,$lutram_count"
# puts $fp "dsp_count,$dsp_count"
# puts $fp "bram_count,$bram_count"
# puts $fp "ff_count,$ff_count"
# puts $fp "io_count,$io_count"
# puts $fp "total_power_w,$total_power"
# puts $fp "wns_ns,$wns"
# puts $fp "critical_path_delay_ns,$critical_path_delay"
# puts $fp "clock_period_ns,$clock_period"
# puts $fp "dynamic_power_w,$dynamic_power"
# puts $fp "static_power_w,$static_power"
# puts $fp "saif_used,$saif_used"
# puts $fp "saif_read,$saif_read"
# puts $fp "saif_strip_path,$saif_strip_path"
# puts $fp "dynamic_power_vectorless_w,$dyn_vl"
# puts $fp "opt_design_ran,$opt_ran"
# puts $fp "fmax_mhz,$fmax_mhz"
# puts $fp "dsp48_primitives,$n_dsp_prim"
# puts $fp "use_dsp,$use_dsp"
# dict for {m n} $forensic { puts $fp "kept_$m,$n" }
# close $fp
# puts stdout "INFO: Synthesis complete  : $design_name"
INFO: Synthesis complete  : fft_512_sol10_gen608
# puts stdout "INFO:   LUTs            = $lut_count   (opt_design ran = $opt_ran)"
INFO:   LUTs            = 1455   (opt_design ran = 1)
# puts stdout "INFO:   DSPs            = $dsp_count"
INFO:   DSPs            = 10
# puts stdout "INFO:   FFs             = $ff_count"
INFO:   FFs             = 165
# puts stdout "INFO:   Power total     = $total_power W   (SAIF used = $saif_used)"
INFO:   Power total     = 0.105 W   (SAIF used = 1)
# puts stdout "INFO:   Power dynamic   = $dynamic_power W  <-- the objective (saif_used = $saif_used)"
INFO:   Power dynamic   = 0.036 W  <-- the objective (saif_used = 1)
# puts stdout "INFO:   Power dyn (vecless) = $dyn_vl W  <-- must DIFFER if the SAIF worked"
INFO:   Power dyn (vecless) = 0.031 W  <-- must DIFFER if the SAIF worked
# puts stdout "INFO:   Power static    = $static_power W"
INFO:   Power static    = 0.069 W
# puts stdout "INFO:   WNS             = $wns ns"
INFO:   WNS             = -26.880 ns
# puts stdout "INFO:   Crit path       = $critical_path_delay ns  ($fmax_mhz MHz)"
INFO:   Crit path       = 36.879999999999995 ns  (27.11496746203905 MHz)
# puts stdout "INFO:   fp8_mul kept    = [dict get $forensic fp8_mul]"
INFO:   fp8_mul kept    = 4
# puts stdout "INFO:   fp4_mul kept    = [dict get $forensic fp4_mul]"
INFO:   fp4_mul kept    = 4
# puts stdout "INFO:   CSV             = $csv_output"
INFO:   CSV             = ./reports/fft_512_sol10_gen608_metrics.csv
INFO: [Common 17-206] Exiting Vivado at Thu Sep 24 06:50:03 2026...
