#-----------------------------------------------------------
# Vivado v2025.2 (64-bit)
# SW Build 6299465 on Fri Nov 14 12:34:56 MST 2025
# IP Build 6300035 on Fri Nov 14 10:48:45 MST 2025
# SharedData Build 6298862 on Thu Nov 13 04:50:51 MST 2025
# Start of session at: Wed Sep 23 11:55:52 2026
# Process ID         : 7991
# Current directory  : /home/digital-1/SRIP2026/Updated-FFT-Processor
# Command line       : vivado -mode batch -source ./generate_saif_funcsim.tcl -nojournal -log reports/res_fp4_saif.log -tclargs res_fp4 /home/digital-1/SRIP2026/Updated-FFT-Processor/generated_designs/res_fp4.v /home/digital-1/SRIP2026/Updated-FFT-Processor/generated_designs/res_fp4_top.v /home/digital-1/SRIP2026/Updated-FFT-Processor/verilog_sources /home/digital-1/SRIP2026/Updated-FFT-Processor/tb/tb_fft_power.v /home/digital-1/SRIP2026/Updated-FFT-Processor/sim/res_fp4.saif 256 4 xc7a35tcpg236-1 80.0
# Log file           : /home/digital-1/SRIP2026/Updated-FFT-Processor/reports/res_fp4_saif.log
# Journal file       : 
# Running On         : localhost.localdomain
# Platform           : RedHatEnterprise
# Operating System   : Red Hat Enterprise Linux release 8.10 (Ootpa)
# Processor Detail   : 12th Gen Intel(R) Core(TM) i9-12900K
# CPU Frequency      : 3200.000 MHz
# CPU Physical cores : 16
# CPU Logical cores  : 24
# Host memory        : 67013 MB
# Swap memory        : 33709 MB
# Total Virtual      : 100723 MB
# Available Virtual  : 95557 MB
#-----------------------------------------------------------
Sourcing tcl script '/home/digital-1/.Xilinx/Vivado/Vivado_init.tcl'
source ./generate_saif_funcsim.tcl
# set design_name  [lindex $argv 0]
# set core_file    [lindex $argv 1]
# set top_file     [lindex $argv 2]
# set verilog_dir  [lindex $argv 3]
# set tb_file      [lindex $argv 4]
# set saif_out     [lindex $argv 5]
# set fft_n 256
# if { [llength $argv] >= 7 } { set fft_n [lindex $argv 6] }
# set frames 4
# if { [llength $argv] >= 8 } { set frames [lindex $argv 7] }
# set fpga_part "xc7a35tcpg236-1"
# if { [llength $argv] >= 9 } { set fpga_part [lindex $argv 8] }
# set clock_period 10.0
# if { [llength $argv] >= 10 } { set clock_period [lindex $argv 9] }
# set top_module [format "%s_top" $design_name]
# set tb_module  [file rootname [file tail $tb_file]]
# set work_dir   "/tmp/fsaif_${design_name}"
# set netlist_v  "${work_dir}/${design_name}_funcsim.v"
# file mkdir $work_dir
# puts "INFO: funcsim SAIF generation for $design_name"
INFO: funcsim SAIF generation for res_fp4
# puts "INFO:   top       = $top_module"
INFO:   top       = res_fp4_top
# puts "INFO:   tb        = $tb_module"
INFO:   tb        = tb_fft_power
# puts "INFO:   FFT_N     = $fft_n   frames = $frames"
INFO:   FFT_N     = 256   frames = 4
# puts "INFO:   part      = $fpga_part   clock = $clock_period ns"
INFO:   part      = xc7a35tcpg236-1   clock = 80.0 ns
# puts "INFO:   netlist   = $netlist_v"
INFO:   netlist   = /tmp/fsaif_res_fp4/res_fp4_funcsim.v
# puts "INFO:   saif_out  = $saif_out"
INFO:   saif_out  = /home/digital-1/SRIP2026/Updated-FFT-Processor/sim/res_fp4.saif
# create_project -in_memory -part $fpga_part
WARNING: [Board 49-91] Board repository path '<extracted path>/vivado-boards/new/board_files' does not exist, it will not be used to search board files.
# foreach f [glob -nocomplain ${verilog_dir}/*.v] {
#     if { [string match "*tb_*" [file tail $f]] == 0 } {
#         add_files -norecurse $f
#     }
# }
# add_files -norecurse $core_file
# add_files -norecurse $top_file
# set_property include_dirs $verilog_dir [current_fileset]
# set_property top $top_module [current_fileset]
# update_compile_order -fileset sources_1
# set xdc_file "${work_dir}/${design_name}_constr.xdc"
# set xfp [open $xdc_file w]
# puts $xfp "create_clock -period $clock_period -name clk \[get_ports clk\]"
# puts $xfp "set_input_delay  -clock clk 0.500 \[get_ports -filter {DIRECTION == IN && NAME != clk}\]"
# puts $xfp "set_output_delay -clock clk 0.500 \[all_outputs\]"
# close $xfp
# read_xdc $xdc_file
# synth_design -top $top_module -part $fpga_part -mode out_of_context
Command: synth_design -top res_fp4_top -part xc7a35tcpg236-1 -mode out_of_context
Starting synth_design
Attempting to get a license for feature 'Synthesis' and/or device 'xc7a35t'
INFO: [Common 17-349] Got license for feature 'Synthesis' and/or device 'xc7a35t'
INFO: [Device 21-403] Loading part xc7a35tcpg236-1
INFO: [Synth 8-7079] Multithreading enabled for synth_design using a maximum of 7 processes.
INFO: [Synth 8-7078] Launching helper process for spawning children vivado processes
INFO: [Synth 8-7075] Helper process launched with PID 8030
---------------------------------------------------------------------------------
Starting RTL Elaboration : Time (s): cpu = 00:00:02 ; elapsed = 00:00:02 . Memory (MB): peak = 2427.117 ; gain = 482.188 ; free physical = 51797 ; free virtual = 89915
---------------------------------------------------------------------------------
INFO: [Synth 8-6157] synthesizing module 'res_fp4_top' [/home/digital-1/SRIP2026/Updated-FFT-Processor/generated_designs/res_fp4_top.v:6]
INFO: [Synth 8-6157] synthesizing module 'bit_reverse' [/home/digital-1/SRIP2026/Updated-FFT-Processor/verilog_sources/bit_reversal.v:1]
	Parameter MAX_N bound to: 1024 - type: integer 
	Parameter WIDTH bound to: 11 - type: integer 
INFO: [Synth 8-6155] done synthesizing module 'bit_reverse' (0#1) [/home/digital-1/SRIP2026/Updated-FFT-Processor/verilog_sources/bit_reversal.v:1]
INFO: [Synth 8-6157] synthesizing module 'complex_fp8_to_fp4' [/home/digital-1/SRIP2026/Updated-FFT-Processor/verilog_sources/precision_converter.v:133]
INFO: [Synth 8-6157] synthesizing module 'fp8_to_fp4_converter' [/home/digital-1/SRIP2026/Updated-FFT-Processor/verilog_sources/precision_converter.v:55]
INFO: [Synth 8-6155] done synthesizing module 'fp8_to_fp4_converter' (0#1) [/home/digital-1/SRIP2026/Updated-FFT-Processor/verilog_sources/precision_converter.v:55]
INFO: [Synth 8-6155] done synthesizing module 'complex_fp8_to_fp4' (0#1) [/home/digital-1/SRIP2026/Updated-FFT-Processor/verilog_sources/precision_converter.v:133]
INFO: [Synth 8-6157] synthesizing module 'res_fp4_core' [/home/digital-1/SRIP2026/Updated-FFT-Processor/generated_designs/res_fp4.v:7]
	Parameter MAX_N bound to: 1024 - type: integer 
	Parameter ADDR_WIDTH bound to: 11 - type: integer 
INFO: [Synth 8-6157] synthesizing module 'dit_fft_agu_streaming' [/home/digital-1/SRIP2026/Updated-FFT-Processor/verilog_sources/agu.v:6]
	Parameter MAX_N bound to: 1024 - type: integer 
	Parameter ADDR_WIDTH bound to: 11 - type: integer 
INFO: [Synth 8-6155] done synthesizing module 'dit_fft_agu_streaming' (0#1) [/home/digital-1/SRIP2026/Updated-FFT-Processor/verilog_sources/agu.v:6]
INFO: [Synth 8-6157] synthesizing module 'twiddle_factor_unified' [/home/digital-1/SRIP2026/Updated-FFT-Processor/verilog_sources/twiddle_rom.v:3]
	Parameter MAX_N bound to: 1024 - type: integer 
	Parameter ADDR_WIDTH bound to: 11 - type: integer 
INFO: [Synth 8-3876] $readmem data file '/home/digital-1/SRIP2026/Updated-FFT-Processor/sim/twiddles_1024.txt' is read successfully [/home/digital-1/SRIP2026/Updated-FFT-Processor/verilog_sources/twiddle_rom.v:21]
INFO: [Synth 8-6155] done synthesizing module 'twiddle_factor_unified' (0#1) [/home/digital-1/SRIP2026/Updated-FFT-Processor/verilog_sources/twiddle_rom.v:3]
INFO: [Synth 8-6157] synthesizing module 'mixed_dual_bank_memory_concurrent' [/home/digital-1/SRIP2026/Updated-FFT-Processor/verilog_sources/memory.v:7]
	Parameter n bound to: 256 - type: integer 
	Parameter ADDR_WIDTH bound to: 11 - type: integer 
INFO: [Synth 8-6155] done synthesizing module 'mixed_dual_bank_memory_concurrent' (0#1) [/home/digital-1/SRIP2026/Updated-FFT-Processor/verilog_sources/memory.v:7]
INFO: [Synth 8-6157] synthesizing module 'complex_fp4_to_fp8' [/home/digital-1/SRIP2026/Updated-FFT-Processor/verilog_sources/precision_converter.v:117]
INFO: [Synth 8-6157] synthesizing module 'fp4_to_fp8_converter' [/home/digital-1/SRIP2026/Updated-FFT-Processor/verilog_sources/precision_converter.v:12]
INFO: [Synth 8-6155] done synthesizing module 'fp4_to_fp8_converter' (0#1) [/home/digital-1/SRIP2026/Updated-FFT-Processor/verilog_sources/precision_converter.v:12]
INFO: [Synth 8-6155] done synthesizing module 'complex_fp4_to_fp8' (0#1) [/home/digital-1/SRIP2026/Updated-FFT-Processor/verilog_sources/precision_converter.v:117]
INFO: [Synth 8-6157] synthesizing module 'butterfly_wrapper_gated' [/home/digital-1/SRIP2026/Updated-FFT-Processor/verilog_sources/butterfly_wrapper_gated.v:62]
	Parameter PIPELINE_OPERANDS bound to: 0 - type: integer 
INFO: [Synth 8-6157] synthesizing module 'fp4_cmul' [/home/digital-1/SRIP2026/Updated-FFT-Processor/verilog_sources/multiplier.v:89]
INFO: [Synth 8-6157] synthesizing module 'fp4_mul' [/home/digital-1/SRIP2026/Updated-FFT-Processor/verilog_sources/multiplier.v:15]
INFO: [Synth 8-6155] done synthesizing module 'fp4_mul' (0#1) [/home/digital-1/SRIP2026/Updated-FFT-Processor/verilog_sources/multiplier.v:15]
INFO: [Synth 8-6157] synthesizing module 'fp4_add_sub' [/home/digital-1/SRIP2026/Updated-FFT-Processor/verilog_sources/adder.v:1]
INFO: [Synth 8-6155] done synthesizing module 'fp4_add_sub' (0#1) [/home/digital-1/SRIP2026/Updated-FFT-Processor/verilog_sources/adder.v:1]
INFO: [Synth 8-6155] done synthesizing module 'fp4_cmul' (0#1) [/home/digital-1/SRIP2026/Updated-FFT-Processor/verilog_sources/multiplier.v:89]
INFO: [Synth 8-6157] synthesizing module 'fp8_cmul' [/home/digital-1/SRIP2026/Updated-FFT-Processor/verilog_sources/multiplier.v:183]
INFO: [Synth 8-6157] synthesizing module 'fp8_mul' [/home/digital-1/SRIP2026/Updated-FFT-Processor/verilog_sources/multiplier.v:111]
INFO: [Synth 8-6155] done synthesizing module 'fp8_mul' (0#1) [/home/digital-1/SRIP2026/Updated-FFT-Processor/verilog_sources/multiplier.v:111]
INFO: [Synth 8-6157] synthesizing module 'fp8_add_sub' [/home/digital-1/SRIP2026/Updated-FFT-Processor/verilog_sources/adder.v:112]
INFO: [Synth 8-6155] done synthesizing module 'fp8_add_sub' (0#1) [/home/digital-1/SRIP2026/Updated-FFT-Processor/verilog_sources/adder.v:112]
INFO: [Synth 8-6155] done synthesizing module 'fp8_cmul' (0#1) [/home/digital-1/SRIP2026/Updated-FFT-Processor/verilog_sources/multiplier.v:183]
INFO: [Synth 8-6157] synthesizing module 'fp4_complex_add_sub' [/home/digital-1/SRIP2026/Updated-FFT-Processor/verilog_sources/adder.v:94]
INFO: [Synth 8-6155] done synthesizing module 'fp4_complex_add_sub' (0#1) [/home/digital-1/SRIP2026/Updated-FFT-Processor/verilog_sources/adder.v:94]
INFO: [Synth 8-6157] synthesizing module 'fp8_complex_add_sub' [/home/digital-1/SRIP2026/Updated-FFT-Processor/verilog_sources/adder.v:236]
INFO: [Synth 8-6155] done synthesizing module 'fp8_complex_add_sub' (0#1) [/home/digital-1/SRIP2026/Updated-FFT-Processor/verilog_sources/adder.v:236]
INFO: [Synth 8-6155] done synthesizing module 'butterfly_wrapper_gated' (0#1) [/home/digital-1/SRIP2026/Updated-FFT-Processor/verilog_sources/butterfly_wrapper_gated.v:62]
INFO: [Synth 8-226] default block is never used [/home/digital-1/SRIP2026/Updated-FFT-Processor/generated_designs/res_fp4.v:388]
INFO: [Synth 8-6155] done synthesizing module 'res_fp4_core' (0#1) [/home/digital-1/SRIP2026/Updated-FFT-Processor/generated_designs/res_fp4.v:7]
INFO: [Synth 8-6155] done synthesizing module 'res_fp4_top' (0#1) [/home/digital-1/SRIP2026/Updated-FFT-Processor/generated_designs/res_fp4_top.v:6]
WARNING: [Synth 8-6014] Unused sequential element stable_stage_pipe_reg[0] was removed.  [/home/digital-1/SRIP2026/Updated-FFT-Processor/generated_designs/res_fp4.v:170]
WARNING: [Synth 8-6014] Unused sequential element stable_stage_pipe_reg[1] was removed.  [/home/digital-1/SRIP2026/Updated-FFT-Processor/generated_designs/res_fp4.v:170]
WARNING: [Synth 8-6014] Unused sequential element stable_stage_pipe_reg[2] was removed.  [/home/digital-1/SRIP2026/Updated-FFT-Processor/generated_designs/res_fp4.v:170]
WARNING: [Synth 8-6014] Unused sequential element stable_stage_pipe_reg[3] was removed.  [/home/digital-1/SRIP2026/Updated-FFT-Processor/generated_designs/res_fp4.v:170]
WARNING: [Synth 8-6014] Unused sequential element stable_stage_pipe_reg[4] was removed.  [/home/digital-1/SRIP2026/Updated-FFT-Processor/generated_designs/res_fp4.v:170]
WARNING: [Synth 8-6014] Unused sequential element stable_stage_pipe_reg[5] was removed.  [/home/digital-1/SRIP2026/Updated-FFT-Processor/generated_designs/res_fp4.v:170]
WARNING: [Synth 8-6014] Unused sequential element stable_stage_pipe_reg[6] was removed.  [/home/digital-1/SRIP2026/Updated-FFT-Processor/generated_designs/res_fp4.v:170]
WARNING: [Synth 8-6014] Unused sequential element stable_stage_pipe_reg[7] was removed.  [/home/digital-1/SRIP2026/Updated-FFT-Processor/generated_designs/res_fp4.v:170]
WARNING: [Synth 8-6014] Unused sequential element stable_stage_pipe_reg[8] was removed.  [/home/digital-1/SRIP2026/Updated-FFT-Processor/generated_designs/res_fp4.v:170]
WARNING: [Synth 8-6014] Unused sequential element stable_stage_pipe_reg[9] was removed.  [/home/digital-1/SRIP2026/Updated-FFT-Processor/generated_designs/res_fp4.v:170]
WARNING: [Synth 8-6014] Unused sequential element stable_stage_pipe_reg[10] was removed.  [/home/digital-1/SRIP2026/Updated-FFT-Processor/generated_designs/res_fp4.v:170]
WARNING: [Synth 8-7129] Port clk in module butterfly_wrapper_gated is either unconnected or has no load
WARNING: [Synth 8-7129] Port rst in module mixed_dual_bank_memory_concurrent is either unconnected or has no load
---------------------------------------------------------------------------------
Finished RTL Elaboration : Time (s): cpu = 00:00:03 ; elapsed = 00:00:03 . Memory (MB): peak = 2522.055 ; gain = 577.125 ; free physical = 51691 ; free virtual = 89810
---------------------------------------------------------------------------------
---------------------------------------------------------------------------------
Start Handling Custom Attributes
---------------------------------------------------------------------------------
---------------------------------------------------------------------------------
Finished Handling Custom Attributes : Time (s): cpu = 00:00:03 ; elapsed = 00:00:03 . Memory (MB): peak = 2539.867 ; gain = 594.938 ; free physical = 51679 ; free virtual = 89798
---------------------------------------------------------------------------------
---------------------------------------------------------------------------------
Finished RTL Optimization Phase 1 : Time (s): cpu = 00:00:03 ; elapsed = 00:00:03 . Memory (MB): peak = 2539.867 ; gain = 594.938 ; free physical = 51679 ; free virtual = 89798
---------------------------------------------------------------------------------
Netlist sorting complete. Time (s): cpu = 00:00:00.01 ; elapsed = 00:00:00.01 . Memory (MB): peak = 2539.867 ; gain = 0.000 ; free physical = 51679 ; free virtual = 89798
INFO: [Project 1-570] Preparing netlist for logic optimization

Processing XDC Constraints
Initializing timing engine
Parsing XDC File [/tmp/fsaif_res_fp4/res_fp4_constr.xdc]
Finished Parsing XDC File [/tmp/fsaif_res_fp4/res_fp4_constr.xdc]
Completed Processing XDC Constraints

Netlist sorting complete. Time (s): cpu = 00:00:00.01 ; elapsed = 00:00:00 . Memory (MB): peak = 2647.605 ; gain = 0.000 ; free physical = 51605 ; free virtual = 89724
INFO: [Project 1-111] Unisim Transformation Summary:
No Unisim elements were transformed.

Constraint Validation Runtime : Time (s): cpu = 00:00:00.02 ; elapsed = 00:00:00.01 . Memory (MB): peak = 2647.641 ; gain = 0.000 ; free physical = 51605 ; free virtual = 89724
---------------------------------------------------------------------------------
Finished Constraint Validation : Time (s): cpu = 00:00:07 ; elapsed = 00:00:07 . Memory (MB): peak = 2647.641 ; gain = 702.711 ; free physical = 51605 ; free virtual = 89724
---------------------------------------------------------------------------------
---------------------------------------------------------------------------------
Start Loading Part and Timing Information
---------------------------------------------------------------------------------
Loading part: xc7a35tcpg236-1
---------------------------------------------------------------------------------
Finished Loading Part and Timing Information : Time (s): cpu = 00:00:07 ; elapsed = 00:00:07 . Memory (MB): peak = 2655.609 ; gain = 710.680 ; free physical = 51605 ; free virtual = 89724
---------------------------------------------------------------------------------
---------------------------------------------------------------------------------
Start Applying 'set_property' XDC Constraints
---------------------------------------------------------------------------------
---------------------------------------------------------------------------------
Finished applying 'set_property' XDC Constraints : Time (s): cpu = 00:00:07 ; elapsed = 00:00:07 . Memory (MB): peak = 2655.609 ; gain = 710.680 ; free physical = 51605 ; free virtual = 89724
---------------------------------------------------------------------------------
INFO: [Synth 8-802] inferred FSM for state register 'state_reg' in module 'res_fp4_core'
INFO: [Synth 8-3971] The signal "mixed_dual_bank_memory_concurrent:/b1_sub0_reg" was recognized as a true dual port RAM template.
INFO: [Synth 8-3971] The signal "mixed_dual_bank_memory_concurrent:/b1_sub1_reg" was recognized as a true dual port RAM template.
INFO: [Synth 8-3971] The signal "mixed_dual_bank_memory_concurrent:/b0_sub0_reg" was recognized as a true dual port RAM template.
INFO: [Synth 8-3971] The signal "mixed_dual_bank_memory_concurrent:/b0_sub1_reg" was recognized as a true dual port RAM template.
---------------------------------------------------------------------------------------------------
                   State |                     New Encoding |                Previous Encoding 
---------------------------------------------------------------------------------------------------
                 IDLE_ST |                               00 |                               00
                  RUN_ST |                               01 |                               01
                FLUSH_ST |                               10 |                               10
                 DONE_ST |                               11 |                               11
---------------------------------------------------------------------------------------------------
INFO: [Synth 8-3354] encoded FSM with state register 'state_reg' using encoding 'sequential' in module 'res_fp4_core'
---------------------------------------------------------------------------------
Finished RTL Optimization Phase 2 : Time (s): cpu = 00:00:07 ; elapsed = 00:00:07 . Memory (MB): peak = 2655.609 ; gain = 710.680 ; free physical = 51603 ; free virtual = 89724
---------------------------------------------------------------------------------
---------------------------------------------------------------------------------
Start RTL Component Statistics 
---------------------------------------------------------------------------------
Detailed RTL Component Info : 
+---Adders : 
	   2 Input   32 Bit       Adders := 2     
	   2 Input   11 Bit       Adders := 7     
	   2 Input   10 Bit       Adders := 1     
	   3 Input    7 Bit       Adders := 6     
	   2 Input    6 Bit       Adders := 6     
	   3 Input    6 Bit       Adders := 4     
	   2 Input    5 Bit       Adders := 4     
	   2 Input    4 Bit       Adders := 58    
	   3 Input    4 Bit       Adders := 16    
	   2 Input    3 Bit       Adders := 10    
	   2 Input    2 Bit       Adders := 42    
	   3 Input    2 Bit       Adders := 6     
	   2 Input    1 Bit       Adders := 12    
+---XORs : 
	   2 Input      1 Bit         XORs := 12    
+---Registers : 
	               24 Bit    Registers := 28    
	               16 Bit    Registers := 11    
	               11 Bit    Registers := 27    
	                6 Bit    Registers := 2     
	                4 Bit    Registers := 1     
	                1 Bit    Registers := 22    
+---RAMs : 
	               3K Bit	(128 X 24 bit)          RAMs := 4     
+---Muxes : 
	 513 Input   24 Bit        Muxes := 1     
	   2 Input   24 Bit        Muxes := 12    
	   3 Input   16 Bit        Muxes := 1     
	   2 Input   16 Bit        Muxes := 9     
	   2 Input   11 Bit        Muxes := 10    
	   2 Input    8 Bit        Muxes := 16    
	   2 Input    7 Bit        Muxes := 40    
	   2 Input    6 Bit        Muxes := 9     
	   4 Input    6 Bit        Muxes := 1     
	   2 Input    4 Bit        Muxes := 100   
	   2 Input    3 Bit        Muxes := 44    
	   4 Input    3 Bit        Muxes := 6     
	   2 Input    2 Bit        Muxes := 43    
	   4 Input    2 Bit        Muxes := 3     
	   2 Input    1 Bit        Muxes := 88    
	   4 Input    1 Bit        Muxes := 14    
---------------------------------------------------------------------------------
Finished RTL Component Statistics 
---------------------------------------------------------------------------------
---------------------------------------------------------------------------------
Start Part Resource Summary
---------------------------------------------------------------------------------
Part Resources:
DSPs: 90 (col length:60)
BRAMs: 100 (col length: RAMB18 60 RAMB36 30)
---------------------------------------------------------------------------------
Finished Part Resource Summary
---------------------------------------------------------------------------------
---------------------------------------------------------------------------------
Start Cross Boundary and Area Optimization
---------------------------------------------------------------------------------
DSP Report: Generating DSP idx_a, operation Mode is: C+A*B.
DSP Report: operator idx_a is absorbed into DSP idx_a.
DSP Report: operator group_offset is absorbed into DSP idx_a.
DSP Report: Generating DSP k, operation Mode is: A*B.
DSP Report: operator k is absorbed into DSP k.
DSP Report: Generating DSP m1/prod, operation Mode is: A*B.
DSP Report: operator m1/prod is absorbed into DSP m1/prod.
DSP Report: Generating DSP m2/prod, operation Mode is: A*B.
DSP Report: operator m2/prod is absorbed into DSP m2/prod.
DSP Report: Generating DSP m3/prod, operation Mode is: A*B.
DSP Report: operator m3/prod is absorbed into DSP m3/prod.
DSP Report: Generating DSP m4/prod, operation Mode is: A*B.
DSP Report: operator m4/prod is absorbed into DSP m4/prod.
DSP Report: Generating DSP m1/prod, operation Mode is: A*B.
DSP Report: operator m1/prod is absorbed into DSP m1/prod.
DSP Report: Generating DSP m2/prod, operation Mode is: A*B.
DSP Report: operator m2/prod is absorbed into DSP m2/prod.
DSP Report: Generating DSP m3/prod, operation Mode is: A*B.
DSP Report: operator m3/prod is absorbed into DSP m3/prod.
DSP Report: Generating DSP m4/prod, operation Mode is: A*B.
DSP Report: operator m4/prod is absorbed into DSP m4/prod.
WARNING: [Synth 8-7129] Port clk in module butterfly_wrapper_gated is either unconnected or has no load
WARNING: [Synth 8-7129] Port rst in module mixed_dual_bank_memory_concurrent is either unconnected or has no load
INFO: [Synth 8-3971] The signal "core/mem/b1_sub0_reg" was recognized as a true dual port RAM template.
INFO: [Synth 8-3971] The signal "core/mem/b1_sub1_reg" was recognized as a true dual port RAM template.
INFO: [Synth 8-3971] The signal "core/mem/b0_sub0_reg" was recognized as a true dual port RAM template.
INFO: [Synth 8-3971] The signal "core/mem/b0_sub1_reg" was recognized as a true dual port RAM template.
---------------------------------------------------------------------------------
Finished Cross Boundary and Area Optimization : Time (s): cpu = 00:00:13 ; elapsed = 00:00:13 . Memory (MB): peak = 2665.609 ; gain = 720.680 ; free physical = 51582 ; free virtual = 89702
---------------------------------------------------------------------------------
 Sort Area is  m1/prod_9 : 0 0 : 145 145 : Used 1 time 100
 Sort Area is  m2/prod_b : 0 0 : 145 145 : Used 1 time 100
 Sort Area is  m3/prod_c : 0 0 : 145 145 : Used 1 time 100
 Sort Area is  m4/prod_d : 0 0 : 145 145 : Used 1 time 100
 Sort Area is  m1/prod_4 : 0 0 : 41 41 : Used 1 time 100
 Sort Area is  m2/prod_6 : 0 0 : 41 41 : Used 1 time 100
 Sort Area is  m3/prod_7 : 0 0 : 41 41 : Used 1 time 100
 Sort Area is  m4/prod_8 : 0 0 : 41 41 : Used 1 time 100
 Sort Area is  idx_a_0 : 0 0 : 895 895 : Used 1 time 0
 Sort Area is  k_2 : 0 0 : 863 863 : Used 1 time 0
---------------------------------------------------------------------------------
Start ROM, RAM, DSP, Shift Register and Retiming Reporting
---------------------------------------------------------------------------------

Block RAM: Preliminary Mapping Report (see note below)
+------------+-------------+------------------------+---+---+------------------------+---+---+------------------+--------+--------+
|Module Name | RTL Object  | PORT A (Depth x Width) | W | R | PORT B (Depth x Width) | W | R | Ports driving FF | RAMB18 | RAMB36 | 
+------------+-------------+------------------------+---+---+------------------------+---+---+------------------+--------+--------+
|core/mem    | b1_sub0_reg | 128 x 24(READ_FIRST)   | W | R | 128 x 24(READ_FIRST)   | W | R | Port A and B     | 0      | 1      | 
|core/mem    | b1_sub1_reg | 128 x 24(READ_FIRST)   | W | R | 128 x 24(READ_FIRST)   | W | R | Port A and B     | 0      | 1      | 
|core/mem    | b0_sub0_reg | 128 x 24(READ_FIRST)   | W | R | 128 x 24(READ_FIRST)   | W | R | Port A and B     | 0      | 1      | 
|core/mem    | b0_sub1_reg | 128 x 24(READ_FIRST)   | W | R | 128 x 24(READ_FIRST)   | W | R | Port A and B     | 0      | 1      | 
+------------+-------------+------------------------+---+---+------------------------+---+---+------------------+--------+--------+

Note: The table above is a preliminary report that shows the Block RAMs at the current stage of the synthesis flow. Some Block RAMs may be reimplemented as non Block RAM primitives later in the synthesis flow. Multiple instantiated Block RAMs are reported only once. 

DSP: Preliminary Mapping Report (see note below. The ' indicates corresponding REG is set)
+----------------------+-------------+--------+--------+--------+--------+--------+------+------+------+------+-------+------+------+
|Module Name           | DSP Mapping | A Size | B Size | C Size | D Size | P Size | AREG | BREG | CREG | DREG | ADREG | MREG | PREG | 
+----------------------+-------------+--------+--------+--------+--------+--------+------+------+------+------+-------+------+------+
|dit_fft_agu_streaming | C+A*B       | 11     | 11     | 11     | -      | 11     | 0    | 0    | 0    | -    | -     | 0    | 0    | 
|dit_fft_agu_streaming | A*B         | 11     | 11     | -      | -      | 22     | 0    | 0    | -    | -    | -     | 0    | 0    | 
|fp4_mul               | A*B         | 3      | 3      | -      | -      | 6      | 0    | 0    | -    | -    | -     | 0    | 0    | 
|fp4_mul               | A*B         | 3      | 3      | -      | -      | 6      | 0    | 0    | -    | -    | -     | 0    | 0    | 
|fp4_mul               | A*B         | 3      | 3      | -      | -      | 6      | 0    | 0    | -    | -    | -     | 0    | 0    | 
|fp4_mul               | A*B         | 3      | 3      | -      | -      | 6      | 0    | 0    | -    | -    | -     | 0    | 0    | 
|fp8_mul               | A*B         | 5      | 5      | -      | -      | 10     | 0    | 0    | -    | -    | -     | 0    | 0    | 
|fp8_mul               | A*B         | 5      | 5      | -      | -      | 10     | 0    | 0    | -    | -    | -     | 0    | 0    | 
|fp8_mul               | A*B         | 5      | 5      | -      | -      | 10     | 0    | 0    | -    | -    | -     | 0    | 0    | 
|fp8_mul               | A*B         | 5      | 5      | -      | -      | 10     | 0    | 0    | -    | -    | -     | 0    | 0    | 
+----------------------+-------------+--------+--------+--------+--------+--------+------+------+------+------+-------+------+------+

Note: The table above is a preliminary report that shows the DSPs inferred at the current stage of the synthesis flow. Some DSP may be reimplemented as non DSP primitives later in the synthesis flow. Multiple instantiated DSPs are reported only once.
---------------------------------------------------------------------------------
Finished ROM, RAM, DSP, Shift Register and Retiming Reporting
---------------------------------------------------------------------------------
INFO: [Common 17-41] Interrupt caught. Command should exit soon.
INFO: [Common 17-41] Interrupt caught. Command should exit soon.
INFO: [Common 17-41] Interrupt caught. Command should exit soon.
1
INFO: [Common 17-83] Releasing license: Synthesis
61 Infos, 15 Warnings, 0 Critical Warnings and 1 Errors encountered.
synth_design failed
synth_design: Time (s): cpu = 00:00:18 ; elapsed = 00:00:17 . Memory (MB): peak = 2770.613 ; gain = 938.020 ; free physical = 51664 ; free virtual = 89784
INFO: [Common 17-2834] synth_design peak Physical Memory [PSS] (MB): overall = 2046.563; main = 1964.622; forked = 354.229
INFO: [Common 17-2834] synth_design peak Virtual Memory [VSS] (MB): overall = 4296.730; main = 2770.617; forked = 1641.117
INFO: [Common 17-344] 'source' was cancelled
INFO: [Common 17-206] Exiting Vivado at Wed Sep 23 11:56:12 2026...
