mixed_dual_bank_memory_concurrent__GB0 37FD8CE0
muxpart__2061_mixed_dual_bank_memory_concurrent 37FD8740
mixed_dual_bank_memory_concurrent__GB3 31B10440
mixed_dual_bank_memory_concurrent__GB4 4F542F60
mixed_dual_bank_memory_concurrent__GB5 410577C0
mixed_dual_bank_memory_concurrent__GB6 31BB0860
muxpart__4114_mixed_dual_bank_memory_concurrent 31BB08A0
mixed_dual_bank_memory_concurrent__GB9 486F46E0
mixed_dual_bank_memory_concurrent__GB10 44DB2D20
mixed_dual_bank_memory_concurrent__GB11 3E35B420
mixed_dual_bank_memory_concurrent__GB12 4307E720
muxpart__4116_mixed_dual_bank_memory_concurrent 4307E760
mixed_dual_bank_memory_concurrent__GB15 30F9DD60
mixed_dual_bank_memory_concurrent__GB16 33101100
mixed_dual_bank_memory_concurrent__GB17 36CFD440
mixed_dual_bank_memory_concurrent__GB18 31E38F80
muxpart__4117_mixed_dual_bank_memory_concurrent 41F05560
mixed_dual_bank_memory_concurrent__GB21 4D6ACEE0
mixed_dual_bank_memory_concurrent__GB22 4435A0A0
mixed_dual_bank_memory_concurrent__GB23 4BE33040
mixed_dual_bank_memory_concurrent__GB2 3456CC00
mixed_dual_bank_memory_concurrent__GB8 4DBBF420
mixed_dual_bank_memory_concurrent__GB14 4E8346A0
mixed_dual_bank_memory_concurrent__GB20 4E6AE1A0
mixed_dual_bank_memory_concurrent__GB24 30E8B3C0
fft_1024_sol28_gen3_core__GC0 199ECE20
fft_1024_sol28_gen3_top__GC0 165FB3E0
