[constraint-sweep] === Mixed FP4/FP8 ===
[constraint-sweep]   N=256: at 10.0 ns, WNS -13.997 -> extrapolated critical path 23.997 ns
[constraint-sweep]   N=256: probe 2 at 24.00 ns -> WNS -0.926 ns  (misses)
[constraint-sweep]   N=256: probe 3 at 24.50 ns -> WNS -0.279 ns  (misses)
[constraint-sweep]   N=256: probe 4 at 25.00 ns -> WNS -1.093 ns  (misses)
[constraint-sweep]   N=256: probe 5 at 25.50 ns -> WNS -0.037 ns  (misses)
[constraint-sweep]   N=256: probe 6 at 26.00 ns -> WNS +0.211 ns  (meets)
[constraint-sweep]   N=256: probe 7 at 25.75 ns -> WNS +0.191 ns  (meets)
[constraint-sweep]   N=256: CLOSES at 25.75 ns (slack +0.191 ns, 38.83 MHz) in 7 runs

==============================================================================
CLOCK PERIOD EACH DESIGN ACTUALLY CLOSES AT
==============================================================================

The reports constrain at 10 ns, which every design misses, so every
worst-slack figure there is negative and every frequency is an
extrapolation of (10 ns - worst slack). This table bisects the constraint
until worst slack crosses zero, so the closing period is measured and its
slack is positive.

Stage: whichever the probes ran. Forward --driver-arg --implement to
bisect on POST-ROUTE slack; without it the bisection uses the
post-synthesis estimate, which on this device has been measured 4-16 %
pessimistic and non-uniformly so across the three tracks.

Timing only. Do not take power or energy from these runs: changing the
constraint changes the operating point, so their dynamic power is not
comparable with the 10 ns figures in the reports.

    Precision track  FFT size  Closing clock period  Worst slack at that period  Measured maximum frequency  Extrapolated critical path  Extrapolated maximum frequency  Extrapolation error  Synthesis runs used
FP16 / FP32 / mixed    points      ns, meets timing                ns, positive                         MHz      ns, from the 10 ns run                             MHz              percent                count
-----------------------------------------------------------------------------------------------------------------------------------------------------------------------------------------------------------------
      Mixed FP4/FP8       256                 25.75                      +0.191                       38.83                      23.997                           41.67                +7.31                    7

WAS THE EXTRAPOLATION SOUND?
  1 design(s) compared.
  Error of (10 ns - worst slack) against the measured closing period:
    smallest +7.31 %   median +7.31 %   largest +7.31 %
  A small spread means the extrapolated frequencies in the reports are
  sound and can be quoted with this as their uncertainty. A large or
  one-sided error means the reported frequencies need replacing with
  the measured column above.

[constraint-sweep] table: synth_mixed/cfg_fp8_fp4.txt
[constraint-sweep] csv  : synth_mixed/cfg_fp8_fp4.csv

[log written to /home/digital-1/SRIP2026/Updated-FFT-Processor/synth_mixed/cfg_fp8_fp4.log]
