[constraint-sweep] === Mixed FP4/FP8 ===
[constraint-sweep]   N=16: at 32.0 ns, WNS -1.400 -> extrapolated critical path 33.400 ns
[constraint-sweep]   N=16: probe 2 at 33.40 ns -> WNS +0.089 ns  (meets)
[constraint-sweep]   N=16: probe 3 at 32.40 ns -> WNS -1.524 ns  (misses)
[constraint-sweep]   N=16: probe 4 at 32.90 ns -> WNS +0.019 ns  (meets)
[constraint-sweep]   N=16: CLOSES at 32.90 ns (slack +0.019 ns, 30.40 MHz) in 4 runs
[constraint-sweep]   N=512: at 32.0 ns, WNS -0.341 -> extrapolated critical path 32.341 ns
[constraint-sweep]   N=512: probe 2 at 32.35 ns -> WNS -0.285 ns  (misses)
[constraint-sweep]   N=512: probe 3 at 33.35 ns -> WNS +0.214 ns  (meets)
[constraint-sweep]   N=512: probe 4 at 32.85 ns -> WNS -0.610 ns  (misses)
[constraint-sweep]   N=512: CLOSES at 33.35 ns (slack +0.214 ns, 29.99 MHz) in 4 runs
[constraint-sweep]   N=1024: at 32.0 ns, WNS -1.228 -> extrapolated critical path 33.228 ns
[constraint-sweep]   N=1024: probe 2 at 33.23 ns -> WNS -1.492 ns  (misses)
[constraint-sweep]   N=1024: probe 3 at 34.23 ns -> WNS +0.109 ns  (meets)
[constraint-sweep]   N=1024: probe 4 at 33.73 ns -> WNS -0.475 ns  (misses)
[constraint-sweep]   N=1024: CLOSES at 34.23 ns (slack +0.109 ns, 29.21 MHz) in 4 runs

==============================================================================
CLOCK PERIOD EACH DESIGN ACTUALLY CLOSES AT
==============================================================================


post-synthesis estimate, which on this device has been measured 4-16 %

Timing only. Do not take power or energy from these runs: changing the
constraint changes the operating point, so their dynamic power is not
comparable with the 10 ns figures in the reports.

    Precision track  FFT size  Closing clock period  Worst slack at that period  Measured maximum frequency  Zero crossing bracketed      Extrapolated critical path  Constraint it was taken from  Extrapolated maximum frequency  Extrapolation error  Synthesis runs used
FP16 / FP32 / mixed    points      ns, meets timing                ns, positive                         MHz        yes / UPPER BOUND  ns, from the probed constraint                            ns                             MHz              percent                count
----------------------------------------------------------------------------------------------------------------------------------------------------------------------------------------------------------------------------------------------------------------------------
      Mixed FP4/FP8        16                 32.90                      +0.019                       30.40                      yes                          33.400                         32.00                           29.94                -1.50                    4
      Mixed FP4/FP8       512                 33.35                      +0.214                       29.99                      yes                          32.341                         32.00                           30.92                +3.12                    4
      Mixed FP4/FP8      1024                 34.23                      +0.109                       29.21                      yes                          33.228                         32.00                           30.10                +3.02                    4

WAS THE EXTRAPOLATION SOUND?
  3 design(s) compared.
  Error of (10 ns - worst slack) against the measured closing period:
    smallest -1.50 %   median +3.02 %   largest +3.12 %
  the measured column above.

[constraint-sweep] table: synth_mixed/closing_mixed_low.txt
[constraint-sweep] csv  : synth_mixed/closing_mixed_low.csv

[log written to /home/digital-1/SRIP2026/Updated-FFT-Processor/synth_mixed/closing_mixed_low.localhost.log]
