[mixed-fpga] all scored candidates (141 rows): /home/digital-1/SRIP2026/Updated-FFT-Processor/synth_mixed/mixed_all_candidates.csv

==============================================================================
BEST BALANCED MIXED-PRECISION DESIGN PER FFT SIZE
==============================================================================

Source: results/fft_<N>/all_solutions_fft<N>_fixed.csv
Filter: SQNR at least 15 dB. meets_timing is NOT applied: it records crit_delay <= 80 ns,

    balance score = sqrt( power^2 + area^2 + delay^2 + (1 - SQNR)^2 )
                    with every term min-max normalised to [0, 1]

Normalisation is per size and over the passing set, so the balance score
ranks designs within one FFT size and must not be compared across sizes.

One design per size is reported below. Every candidate that passed the
filters is stored with its score and rank in mixed_all_candidates.csv, so
the whole front is on record; measure any other point with --chromosome.

FFT size               Solution ID                    Chromosome      Precision mix                    Balance score   Power        Area  Critical path delay   SQNR  Compute cycles      Candidates considered
  points  as numbered in the sweep  one bit per stage: mult, add  mixed or fallback  distance to ideal, lower better   watts  logic LUTs                   ns     dB    clock cycles  solutions passing filters
---------------------------------------------------------------------------------------------------------------------------------------------------------------------------------------------------------------
       2                         1                            01              mixed                           1.1180  0.0060         738               21.691  41.48              16                          2
       4                         4                          0100              mixed                           0.2040  0.0230         805               24.983  74.22              31                         14
       8                         1                        000001              mixed                           0.8013  0.0220         853               25.007  25.91              51                         16
      16                        19                      10101111              mixed                           0.9109  0.0320        1252               34.952  23.64              83                         16
      32                         7                    0000111111              mixed                           0.3515  0.0350        1322               35.151  23.92             143                          8
      64                         8                  000011111111              mixed                           0.3341  0.0380        1359               35.161  23.49             267                          7
     128                         5                00001111111111              mixed                           0.8677  0.0400        1381               35.151  23.19             535                         24
     256                         8              0000111111111111              mixed                           0.8572  0.0410        1392               35.161  23.17            1123                         22
     512                         8            000011111111111100              mixed                           0.8066  0.0280        1424               35.161  17.29            2415                         19
    1024                         8          00001111111111110000              mixed                           0.5373  0.0290        1452               35.161  16.80            5243                         13

[mixed-fpga] selection table: /home/digital-1/SRIP2026/Updated-FFT-Processor/synth_mixed/mixed_selected_chromosomes.csv

==============================================================================
MIXED-PRECISION FP4/FP8 CORES - FPGA SYNTHESIS, POWER AND THROUGHPUT
==============================================================================


Target FPGA device              : xc7a35tcpg236-1
Clock period used for power/XDC : 10.0 ns (100.0 MHz constraint)
Butterfly wrapper               : butterfly_wrapper_gated, PIPELINE_OPERANDS=0
DSP inference for multipliers    : enabled
Synthesis script                : vivado_synthesis_v2.tcl (unmodified)
Switching-activity script       : generate_saif_funcsim.tcl (unmodified)
Activity testbench              : tb_fft_power.v, strip path tb_fft_power/uut
Minimum accepted SAIF coverage  : 10% of design nets


TABLE 1  DESIGN UNDER TEST
FFT size               Solution ID                    Chromosome  FP8 multiply stages   FP8 add stages
  points  as numbered in the sweep  one bit per stage: mult, add      of total stages  of total stages
------------------------------------------------------------------------------------------------------
       2                         1                            01               0 of 1           1 of 1
       4                         4                          0100               0 of 2           1 of 2
       8                         1                        000001               0 of 3           1 of 3
      16                        19                      10101111               4 of 4           2 of 4
      32                         7                    0000111111               3 of 5           3 of 5
      64                         8                  000011111111               4 of 6           4 of 6
     128                         5                00001111111111               5 of 7           5 of 7
     256                         8              0000111111111111               6 of 8           6 of 8
     512                         8            000011111111111100               6 of 9           6 of 9
    1024                         8          00001111111111110000              6 of 10          6 of 10

TABLE 2  RESOURCE UTILISATION
FFT size  Logic LUTs  LUTs used as memory  Flip-flops  Block RAM tiles  DSP slices
  points       count                count       count            count       count
----------------------------------------------------------------------------------
       2         738                   39         228                0           4
       4         805                   43         112                4           6
       8         853                   46         119                4           6
      16        1252                   69         140                4          10
      32        1322                   73         149                4          10
      64        1359                   74         150                4          10
     128        1381                   77         157                4          10
     256        1392                   78         158                4          10
     512        1424                   80         163                4          10
    1024        1452                   82         166                4          10

TABLE 3  TIMING AND POWER
FFT size  Maximum frequency  Critical path delay  Worst negative slack  Dynamic power  Static power  Total on-chip power
  points                MHz                   ns                    ns          watts         watts                watts
------------------------------------------------------------------------------------------------------------------------
       2              46.10               21.691               -11.691         0.0060        0.0680               0.0750
       4              40.03               24.983               -14.983         0.0230        0.0690               0.0910
       8              39.99               25.007               -15.007         0.0220        0.0690               0.0910
      16              28.61               34.952               -24.952         0.0320        0.0690               0.1000
      32              28.45               35.151               -25.151         0.0350        0.0690               0.1040
      64              28.44               35.161               -25.161         0.0380        0.0690               0.1060
     128              28.45               35.151               -25.151         0.0400        0.0690               0.1090
     256              28.44               35.161               -25.161         0.0410        0.0690               0.1100
     512              28.44               35.161               -25.161         0.0280        0.0690               0.0970
    1024              28.44               35.161               -25.161         0.0290        0.0690               0.0980

TABLE 4  ARE THE POWER NUMBERS TRUSTWORTHY?
FFT size  Switching activity annotated  Design nets annotated      Dynamic power shift        Accepted on  Netlist checksums agree  Post-synthesis optimisation ran  Vectorless dynamic power
  points                      yes / no       percent of total  percent from vectorless  which test passed                 yes / no                         yes / no      watts, for reference
---------------------------------------------------------------------------------------------------------------------------------------------------------------------------------------------
       2                           yes                     48                       45               both                      yes                              yes                    0.0110
       4                           yes                     53                       21               both                      yes                              yes                    0.0290
       8                           yes                     61                       21               both                      yes                              yes                    0.0280
      16                           yes                     45                        7               both                      yes                              yes                    0.0300
      32                           yes                     40                        9               both                      yes                              yes                    0.0320
      64                           yes                     40                       19               both                      yes                              yes                    0.0320
     128                           yes                     41                       21               both                      yes                              yes                    0.0330
     256                           yes                     41                       24               both                      yes                              yes                    0.0330
     512                           yes                     69                       15               both                      yes                              yes                    0.0330
    1024                           yes                     66                       12               both                      yes                              yes                    0.0330

TABLE 5  THROUGHPUT AND EFFICIENCY, COMPUTE ONLY (start of transform to done)
FFT size  Cycles per transform             Throughput  Energy per transform   Throughput per watt  Throughput per 1000 logic LUTs
  points          clock cycles  transforms per second            nanojoules  transforms per joule           transforms per second
---------------------------------------------------------------------------------------------------------------------------------
       2                    16              2,881,379                  0.96         1,041,666,667                       3,904,308
       4                    31              1,291,201                  7.13           140,252,454                       1,603,976
       8                    51                784,094                 11.22            89,126,560                         919,219
      16                    83                344,707                 26.56            37,650,602                         275,325
      32                   143                198,942                 50.05            19,980,020                         150,486
      64                   267                106,519                101.46             9,856,101                          78,381
     128                   535                 53,175                214.00             4,672,897                          38,505
     256                  1123                 25,326                460.43             2,171,883                          18,194
     512                  2415                 11,777                676.20             1,478,852                           8,270
    1024                  5243                  5,424               1520.47               657,691                           3,736
  Isolates the datapath, and is the column to compare against the FP16 and
  FP32 baselines, because load and unload cost the same at every precision.

TABLE 6  THROUGHPUT AND EFFICIENCY, END TO END (load + compute + unload)
FFT size  Cycles per transform             Throughput  Energy per transform   Throughput per watt  Throughput per 1000 logic LUTs
  points          clock cycles  transforms per second            nanojoules  transforms per joule           transforms per second
---------------------------------------------------------------------------------------------------------------------------------
       2                    25              1,844,083                  1.50           666,666,667                       2,498,757
       4                    48                833,900                 11.04            90,579,710                       1,035,901
       8                    84                476,057                 18.48            54,112,554                         558,098
      16                   148                193,315                 47.36            21,114,865                         154,405
      32                   272                104,591                 95.20            10,504,202                          79,116
      64                   524                 54,276                199.12             5,022,097                          39,938
     128                  1048                 27,146                419.20             2,385,496                          19,657
     256                  2148                 13,241                880.68             1,135,486                           9,512
     512                  4464                  6,371               1249.92               800,051                           4,474
    1024                  9340                  3,045               2708.60               369,194                           2,097
  Compute cycles plus 4N + 1: load is N+1 cycles and unload is 3N, from the
  load/unload loops in performance_evaluator.py's testbench. Pass
  --cycles-file to substitute a measured table.


[mixed-fpga] table: /home/digital-1/SRIP2026/Updated-FFT-Processor/synth_mixed/mixed_fpga_report.txt
[mixed-fpga] csv  : /home/digital-1/SRIP2026/Updated-FFT-Processor/synth_mixed/mixed_fpga_metrics.csv

[log written to /home/digital-1/SRIP2026/Updated-FFT-Processor/synth_mixed/mixed_fpga_report.localhost.log]
