[soc-fpga] FFT core: N=256 chromosome 0000111111111111 (solution 8), gated
[soc-fpga] part xc7a35tcpg236-1  clock 10.0 ns  use_dsp=1  memory 8192 words
[soc-fpga] patched the twiddle path in the staged copy of twiddle_rom.v
[soc-fpga] firmware: 35 instructions, 11 test vectors
[soc-fpga]     CRITICAL WARNING: [Vivado 12-4739] set_output_delay:No valid object(s) found for '-objects [all_outputs]'. [/tmp/fsaif_soc_fft/soc_fft_constr.xdc:3]
[soc-fpga]     CRITICAL WARNING: [Vivado 12-4739] set_output_delay:No valid object(s) found for '-objects [all_outputs]'. [/tmp/fsaif_soc_fft/soc_fft_constr.xdc:3]
[soc-fpga]     CRITICAL WARNING: [Project 1-486] Could not resolve non-primitive black box cell 'picorv32_fft_soc' instantiated as 'u_soc' [/home/digital-1/SRIP2026/Updated-FFT-Processor/risc-v-integration/soc_fft_top.v:58]
[soc-fpga]     WARNING: opt_design failed (ERROR: [Common 17-39] 'opt_design' failed due to earlier errors.
[soc-fpga]     #     puts "ERROR: write_verilog -mode funcsim failed: $emsg"
[soc-fpga]     #     puts "ERROR: netlist was not written to $netlist_v"
[soc-fpga]     #     puts "ERROR: xvlog failed:\n$emsg"
[soc-fpga]     #     puts "ERROR: xelab failed:\n$emsg"
[soc-fpga]     #     puts "ERROR: the -L library names are the usual suspect on a given install."
[soc-fpga]     #     puts "ERROR: Try dropping '-L secureip', or adding '-L xil_defaultlib'."
[soc-fpga]     ERROR: xelab failed:
[soc-fpga]     ERROR: [VRFC 10-2991] 'mem' is not declared under prefix 'u_soc' [/home/digital-1/SRIP2026/Updated-FFT-Processor/synth_mixed/soc_fpga_work_impl/tb_soc_power.v:60]
[soc-fpga]   SAIF pass: FAILED (21s)  checksum=e6361433
[soc-fpga]     #     puts "ERROR: vivado_synthesis_v2.tcl not found beside this script ($_v2)"
[soc-fpga]     CRITICAL WARNING: [Vivado 12-4739] set_output_delay:No valid object(s) found for '-objects [all_outputs]'. [/tmp/soc_fft_constr.xdc:3]
[soc-fpga]     CRITICAL WARNING: [Vivado 12-4739] set_output_delay:No valid object(s) found for '-objects [all_outputs]'. [/tmp/soc_fft_constr.xdc:3]
[soc-fpga]     CRITICAL WARNING: [Project 1-486] Could not resolve non-primitive black box cell 'picorv32_fft_soc' instantiated as 'u_soc' [/home/digital-1/SRIP2026/Updated-FFT-Processor/risc-v-integration/soc_fft_top.v:58]
[soc-fpga]     ##         puts "CRITICAL: opt_design unavailable ($emsg2). LUT counts are PRE-OPT"
[soc-fpga]     ##         puts "CRITICAL: estimates and carry a ~3% noise band. Record this."
[soc-fpga]     WARNING: opt_design -directive Explore failed (ERROR: [Common 17-39] 'opt_design' failed due to earlier errors.
[soc-fpga]     CRITICAL: opt_design unavailable (ERROR: [Common 17-39] 'opt_design' failed due to earlier errors.
[soc-fpga]     CRITICAL: estimates and carry a ~3% noise band. Record this.
[soc-fpga]     ##         puts "CRITICAL: SAIF annotated NOTHING - dynamic power is identical to the"
[soc-fpga]     ##         puts "CRITICAL: vectorless baseline ($dyn_vl W). saif_used = 0. Check the"
[soc-fpga]     ##         puts "CRITICAL: -strip_path (currently '$saif_strip_path') against the"
[soc-fpga]   power pass: FAILED (22s)  checksum=e6361433
[soc-fpga] no soc_fft_metrics.csv under /home/digital-1/SRIP2026/Updated-FFT-Processor/synth_mixed/soc_fpga_work_impl; nothing to tabulate

[log written to /home/digital-1/SRIP2026/Updated-FFT-Processor/synth_mixed/soc_fpga_report_impl.log]
