
==============================================================================
FP16 vs FP32 vs MIXED FP4/FP8 - FPGA COMPARISON
==============================================================================

Cycle denominator: compute only (start of transform to done)

Source: MEASURED CLOSING PERIODS. Area and power are the post-route figures; frequency is
the period each design was measured to meet timing at, with positive slack. Energy per transform and throughput per watt are frequency-invariant and so are unchanged from post-route; throughput and throughput per LUT are recomputed at a 10.0 ns clock.

Frequency basis: 0 design(s) measured and bracketed, 30 upper bound(s), 0 with no measured period (frequency and throughput left blank for those, never filled from an estimate).

An upper bound is a design where every probe met timing, so its true frequency is HIGHER and its throughput ratio is understated. See the closing-period CSV's bracketed column.


TABLE 1  AREA
FFT size            Chromosome  FP16 logic LUTs  FP32 logic LUTs  Mixed logic LUTs   Area ratio vs FP16   Area ratio vs FP32
  points     one bit per stage            count            count             count  x smaller for mixed  x smaller for mixed
----------------------------------------------------------------------------------------------------------------------------
       2                     -             2665             5573               786                 3.39                 7.09
       4                     -             3161             6398               874                 3.62                 7.32
       8                     -             3139             6591               934                 3.36                 7.06
      16                     -             3091             6516              1510                 2.05                 4.32
      32                     -             3265             6586              1407                 2.32                 4.68
      64                     -             3304             6622              1472                 2.24                 4.50
     128                     -             3351             6813              1468                 2.28                 4.64
     256                     -             3418             6788              1553                 2.20                 4.37
     512                     -             3408             6900              1517                 2.25                 4.55
    1024  00001111111111110000             3429             7031              1632                 2.10                 4.31

TABLE 2  ACHIEVABLE CLOCK FREQUENCY
FFT size  FP16 maximum frequency  FP32 maximum frequency  Mixed maximum frequency  Frequency ratio vs FP16  Frequency ratio vs FP32
  points                     MHz                     MHz                      MHz       x faster for mixed       x faster for mixed
-----------------------------------------------------------------------------------------------------------------------------------
       2                   43.50                   28.05                    48.97                     1.13                     1.75
       4                   39.28                   26.31                    42.99                     1.09                     1.63
       8                   38.82                   26.48                    41.88                     1.08                     1.58
      16                   39.18                   26.14                    29.68                     0.76                     1.14
      32                   40.23                   25.80                    29.50                     0.73                     1.14
      64                   39.39                   26.39                    29.76                     0.76                     1.13
     128                   39.20                   24.86                    29.27                     0.75                     1.18
     256                   35.86                   26.64                    29.43                     0.82                     1.10
     512                   39.03                   26.14                    29.75                     0.76                     1.14
    1024                   38.02                   26.46                    29.27                     0.77                     1.11

TABLE 3  THROUGHPUT
FFT size  FP16 cycles per transform  FP32 cycles per transform  Mixed cycles per transform        FP16 throughput        FP32 throughput       Mixed throughput  Throughput ratio vs FP16  Throughput ratio vs FP32
  points               clock cycles               clock cycles                clock cycles  transforms per second  transforms per second  transforms per second        x faster for mixed        x faster for mixed
-------------------------------------------------------------------------------------------------------------------------------------------------------------------------------------------------------------------
       2                         18                         18                          16              2,416,510              1,558,361              3,060,725                      1.27                      1.96
       4                         35                         35                          31              1,122,209                751,682              1,386,847                      1.24                      1.84
       8                         57                         57                          51                681,050                464,615                821,099                      1.21                      1.77
      16                         91                         91                          83                430,604                287,219                357,619                      0.83                      1.25
      32                        153                        153                         143                262,910                168,626                206,283                      0.78                      1.22
      64                        279                        279                         267                141,167                 94,571                111,468                      0.79                      1.18
     128                        549                        549                         535                 71,403                 45,288                 54,702                      0.77                      1.21
     256                       1139                       1139                        1123                 31,479                 23,387                 26,206                      0.83                      1.12
     512                       2433                       2433                        2415                 16,043                 10,743                 12,320                      0.77                      1.15
    1024                       5263                       5263                        5243                  7,225                  5,027                  5,582                      0.77                      1.11

TABLE 4  POWER AND ENERGY PER TRANSFORM
FFT size  FP16 dynamic power  FP32 dynamic power  Mixed dynamic power  FP16 energy per transform  FP32 energy per transform  Mixed energy per transform  Energy ratio vs FP16  Energy ratio vs FP32
  points               watts               watts                watts                 nanojoules                 nanojoules                  nanojoules     x lower for mixed     x lower for mixed
---------------------------------------------------------------------------------------------------------------------------------------------------------------------------------------------------
       2              0.0250              0.0450               0.0070                       4.50                       8.10                        1.12                  4.02                  7.23
       4              0.0560              0.1180               0.0240                      19.60                      41.30                        7.44                  2.63                  5.55
       8              0.0730              0.1600               0.0230                      41.61                      91.20                       11.73                  3.55                  7.77
      16              0.0870              0.1810               0.0370                      79.17                     164.71                       30.71                  2.58                  5.36
      32              0.0950              0.1940               0.0390                     145.35                     296.82                       55.77                  2.61                  5.32
      64              0.1030              0.1980               0.0430                     287.37                     552.42                      114.81                  2.50                  4.81
     128              0.1040              0.2130               0.0430                          -                    1169.37                      230.05                     -                  5.08
     256              0.1100              0.2110               0.0460                    1252.90                    2403.29                      516.58                  2.43                  4.65
     512              0.1110              0.2360               0.0300                    2700.63                    5741.88                      724.50                  3.73                  7.93
    1024              0.1180              0.2360               0.0310                    6210.34                   12420.68                     1625.33                  3.82                  7.64

TABLE 5  ENERGY EFFICIENCY
FFT size  FP16 throughput per watt  FP32 throughput per watt  Mixed throughput per watt  Per-watt ratio vs FP16  Per-watt ratio vs FP32
  points      transforms per joule      transforms per joule       transforms per joule      x better for mixed      x better for mixed
---------------------------------------------------------------------------------------------------------------------------------------
       2               222,222,222               123,456,790                892,857,143                    4.02                    7.23
       4                51,020,408                24,213,075                134,408,602                    2.63                    5.55
       8                24,032,684                10,964,912                 85,251,492                    3.55                    7.77
      16                12,631,047                 6,071,277                 32,562,683                    2.58                    5.36
      32                 6,879,945                 3,369,045                 17,930,787                    2.61                    5.32
      64                 3,479,834                 1,810,217                  8,710,043                    2.50                    4.81
     128                         -                   855,161                  4,346,881                       -                    5.08
     256                   798,148                   416,096                  1,935,809                    2.43                    4.65
     512                   370,284                   174,159                  1,380,262                    3.73                    7.93
    1024                   161,022                    80,511                    615,260                    3.82                    7.64

TABLE 6  AREA EFFICIENCY
FFT size  FP16 throughput per 1000 LUTs  FP32 throughput per 1000 LUTs  Mixed throughput per 1000 LUTs  Per-area ratio vs FP16  Per-area ratio vs FP32
  points          transforms per second          transforms per second           transforms per second      x better for mixed      x better for mixed
------------------------------------------------------------------------------------------------------------------------------------------------------
       2                        906,758                        279,627                       3,894,052                    4.29                   13.93
       4                        355,017                        117,487                       1,586,782                    4.47                   13.51
       8                        216,964                         70,492                         879,121                    4.05                   12.47
      16                        139,309                         44,079                         236,834                    1.70                    5.37
      32                         80,524                         25,604                         146,612                    1.82                    5.73
      64                         42,726                         14,281                          75,725                    1.77                    5.30
     128                         21,308                          6,647                          37,263                    1.75                    5.61
     256                          9,210                          3,445                          16,874                    1.83                    4.90
     512                          4,707                          1,557                           8,121                    1.73                    5.22
    1024                          2,107                            715                           3,420                    1.62                    4.78

TABLE 7  ACCURACY - WHAT THE EFFICIENCY COSTS
FFT size  FP16 average SQNR  FP32 average SQNR  Mixed average SQNR  Accuracy lost vs FP16  Accuracy lost vs FP32
  points                 dB                 dB                  dB                     dB                     dB
----------------------------------------------------------------------------------------------------------------
       2             112.71             100.00                   -                      -                      -
       4             120.17             109.04                   -                      -                      -
       8              86.87             154.64                   -                      -                      -
      16              79.87             152.73                   -                      -                      -
      32              76.69             149.57                   -                      -                      -
      64              73.02             148.42                   -                      -                      -
     128              72.28             146.85                   -                      -                      -
     256              71.39             145.46                   -                      -                      -
     512              70.59             144.99                   -                      -                      -
    1024              69.78             143.84               16.80                  52.98                 127.04

[compare] table: /home/digital-1/SRIP2026/Updated-FFT-Processor/synth_mixed/three_way_comparison.txt

[log written to /home/digital-1/SRIP2026/Updated-FFT-Processor/synth_mixed/three_way_comparison.localhost.log]
