
==============================================================================
FP16 vs FP32 vs MIXED FP4/FP8 - FPGA COMPARISON
==============================================================================

Cycle denominator: compute only (start of transform to done)
All three tracks: same Vivado scripts, same device, same clock constraint,
same register-array memory. Ratios above 1.00 favour the mixed core.

Source: post-synthesis estimates (synth_design + opt_design; nothing placed or
routed). Treat the absolute frequencies as estimates.


TABLE 1  AREA
FFT size            Chromosome  FP16 logic LUTs  FP32 logic LUTs  Mixed logic LUTs   Area ratio vs FP16   Area ratio vs FP32
  points     one bit per stage            count            count             count  x smaller for mixed  x smaller for mixed
----------------------------------------------------------------------------------------------------------------------------
       2                    01             2470             5270               738                 3.35                 7.14
       4                  0100             2911             5925               805                 3.62                 7.36
       8                000001             2919             6036               853                 3.42                 7.08
      16              10101111             2901             6044              1252                 2.32                 4.83
      32            0000111111             3031             6080              1322                 2.29                 4.60
      64          000011111111             3055             6112              1359                 2.25                 4.50
     128        00001111111111             3132             6183              1381                 2.27                 4.48
     256      0000111111111111             3143             6227              1392                 2.26                 4.47
     512    000011111111111100             3126             6305              1424                 2.20                 4.43
    1024  00001111111111110000             3179             6528              1452                 2.19                 4.50

TABLE 2  ACHIEVABLE CLOCK FREQUENCY
FFT size  FP16 maximum frequency  FP32 maximum frequency  Mixed maximum frequency  Frequency ratio vs FP16  Frequency ratio vs FP32
  points                     MHz                     MHz                      MHz       x faster for mixed       x faster for mixed
-----------------------------------------------------------------------------------------------------------------------------------
       2                   41.82                   28.12                    46.10                     1.10                     1.64
       4                   41.12                   27.84                    40.03                     0.97                     1.44
       8                   41.12                   27.84                    39.99                     0.97                     1.44
      16                   41.12                   27.84                    28.61                     0.70                     1.03
      32                   41.12                   27.84                    28.45                     0.69                     1.02
      64                   41.12                   27.84                    28.44                     0.69                     1.02
     128                   41.12                   27.84                    28.45                     0.69                     1.02
     256                   41.12                   27.84                    28.44                     0.69                     1.02
     512                   41.12                   27.84                    28.44                     0.69                     1.02
    1024                   41.12                   27.84                    28.44                     0.69                     1.02

TABLE 3  THROUGHPUT
FFT size  FP16 cycles per transform  FP32 cycles per transform  Mixed cycles per transform        FP16 throughput        FP32 throughput       Mixed throughput  Throughput ratio vs FP16  Throughput ratio vs FP32
  points               clock cycles               clock cycles                clock cycles  transforms per second  transforms per second  transforms per second        x faster for mixed        x faster for mixed
-------------------------------------------------------------------------------------------------------------------------------------------------------------------------------------------------------------------
       2                         18                         18                          16              2,323,334              1,562,305              2,881,379                      1.24                      1.84
       4                         35                         35                          31              1,174,812                795,463              1,291,201                      1.10                      1.62
       8                         57                         57                          51                721,376                488,456                784,094                      1.09                      1.61
      16                         91                         91                          83                451,851                305,956                344,707                      0.76                      1.13
      32                        153                        153                         143                268,748                181,974                198,942                      0.74                      1.09
      64                        279                        279                         267                147,378                 99,792                106,519                      0.72                      1.07
     128                        549                        549                         535                 74,897                 50,714                 53,175                      0.71                      1.05
     256                       1139                       1139                        1123                 36,100                 24,444                 25,326                      0.70                      1.04
     512                       2433                       2433                        2415                 16,900                 11,443                 11,777                      0.70                      1.03
    1024                       5263                       5263                        5243                  7,813                  5,290                  5,424                      0.69                      1.03
  Cycle counts differ between tracks only through the pipeline depth of each
  butterfly, so most of any throughput gap comes from maximum frequency.

TABLE 4  POWER AND ENERGY PER TRANSFORM
FFT size  FP16 dynamic power  FP32 dynamic power  Mixed dynamic power  FP16 energy per transform  FP32 energy per transform  Mixed energy per transform  Energy ratio vs FP16  Energy ratio vs FP32
  points               watts               watts                watts                 nanojoules                 nanojoules                  nanojoules     x lower for mixed     x lower for mixed
---------------------------------------------------------------------------------------------------------------------------------------------------------------------------------------------------
       2              0.0240              0.0430               0.0060                       4.32                       7.74                        0.96                  4.50                  8.06
       4              0.0500              0.1040               0.0230                      17.50                      36.40                        7.13                  2.45                  5.11
       8              0.0660              0.1340               0.0220                      37.62                          -                       11.22                  3.35                     -
      16              0.0780              0.1540               0.0320                      70.98                     140.14                       26.56                  2.67                  5.28
      32              0.0860              0.1650               0.0350                     131.58                     252.45                       50.05                  2.63                  5.04
      64              0.0930              0.1740               0.0380                     259.47                     485.46                      101.46                  2.56                  4.78
     128              0.0950              0.1770               0.0400                     521.55                     971.73                      214.00                  2.44                  4.54
     256              0.0980              0.1810               0.0410                    1116.22                    2061.59                      460.43                  2.42                  4.48
     512              0.0980              0.2070               0.0280                    2384.34                    5036.31                      676.20                  3.53                  7.45
    1024              0.1000              0.2100               0.0290                    5263.00                          -                     1520.47                  3.46                     -
  Energy is blank wherever that track's switching activity was not annotated.
  It is never filled in from vectorless power, which barely varies by design.

TABLE 5  ENERGY EFFICIENCY
FFT size  FP16 throughput per watt  FP32 throughput per watt  Mixed throughput per watt  Per-watt ratio vs FP16  Per-watt ratio vs FP32
  points      transforms per joule      transforms per joule       transforms per joule      x better for mixed      x better for mixed
---------------------------------------------------------------------------------------------------------------------------------------
       2               231,481,481               129,198,966              1,041,666,667                    4.50                    8.06
       4                57,142,857                27,472,527                140,252,454                    2.45                    5.11
       8                26,581,606                         -                 89,126,560                    3.35                       -
      16                14,088,476                 7,135,721                 37,650,602                    2.67                    5.28
      32                 7,599,939                 3,961,180                 19,980,020                    2.63                    5.04
      64                 3,854,010                 2,059,902                  9,856,101                    2.56                    4.78
     128                 1,917,362                 1,029,092                  4,672,897                    2.44                    4.54
     256                   895,881                   485,063                  2,171,883                    2.42                    4.48
     512                   419,403                   198,558                  1,478,852                    3.53                    7.45
    1024                   190,006                         -                    657,691                    3.46                       -
  Throughput per watt is 1 / energy per transform, so this table and the energy
  ratios above carry the same information in the units reviewers ask for.

TABLE 6  AREA EFFICIENCY
FFT size  FP16 throughput per 1000 LUTs  FP32 throughput per 1000 LUTs  Mixed throughput per 1000 LUTs  Per-area ratio vs FP16  Per-area ratio vs FP32
  points          transforms per second          transforms per second           transforms per second      x better for mixed      x better for mixed
------------------------------------------------------------------------------------------------------------------------------------------------------
       2                        940,621                        296,453                       3,904,308                    4.15                   13.17
       4                        403,577                        134,255                       1,603,976                    3.97                   11.95
       8                        247,131                         80,924                         919,219                    3.72                   11.36
      16                        155,757                         50,621                         275,325                    1.77                    5.44
      32                         88,666                         29,930                         150,486                    1.70                    5.03
      64                         48,242                         16,327                          78,381                    1.62                    4.80
     128                         23,913                          8,202                          38,505                    1.61                    4.69
     256                         11,486                          3,926                          18,194                    1.58                    4.63
     512                          5,406                          1,815                           8,270                    1.53                    4.56
    1024                          2,458                            810                           3,736                    1.52                    4.61

TABLE 7  ACCURACY - WHAT THE EFFICIENCY COSTS
FFT size  FP16 average SQNR  FP32 average SQNR  Mixed average SQNR  Accuracy lost vs FP16  Accuracy lost vs FP32
  points                 dB                 dB                  dB                     dB                     dB
----------------------------------------------------------------------------------------------------------------
       2             112.71             100.00               41.48                  71.23                  58.52
       4             120.17             109.04               74.22                  45.95                  34.82
       8              86.87             154.64               25.91                  60.96                 128.73
      16              79.87             152.73               23.64                  56.23                 129.09
      32              76.69             149.57               23.92                  52.77                 125.65
      64              73.02             148.42               23.49                  49.53                 124.93
     128              72.28             146.85               23.19                  49.09                 123.66
     256              71.39             145.46               23.17                  48.22                 122.29
     512              70.59             144.99               17.29                  53.30                 127.70
    1024              69.78             143.84               16.80                  52.98                 127.04
  This is the column that decides whether the efficiency ratios above are a
  real win. The two baselines' SQNR is measured with the mixed evaluator's own
  methodology and signal set; the mixed figure is the sweep's, from the
  selection table. Both credit a bit-exact signal as 100 dB, so a baseline
  average near 100 dB means most signals were exact, not that the average is
  physically meaningful.

READING THE RATIOS
  Above 1.00  the mixed core is better on that figure of merit.
  Below 1.00  the baseline is better.
  A dash      one of the two numbers is missing or untrustworthy; it is
              never a 1.00 and never an assumption of equality.

[compare] table: /sessions/rcw-01nlew7vonvhsuilm4pudjwr/mnt/Updated-FFT-Processor/synth_mixed/three_way_comparison.txt

[log written to /sessions/rcw-01nlew7vonvhsuilm4pudjwr/mnt/Updated-FFT-Processor/synth_mixed/three_way_comparison.log]
