#-----------------------------------------------------------
# Vivado v2025.2 (64-bit)
# SW Build 6299465 on Fri Nov 14 12:34:56 MST 2025
# IP Build 6300035 on Fri Nov 14 10:48:45 MST 2025
# SharedData Build 6298862 on Thu Nov 13 04:50:51 MST 2025
# Start of session at: Mon Oct  5 13:20:25 2026
# Process ID         : 2989944
# Current directory  : /home/digital-1/SRIP2026/Updated-FFT-Processor
# Command line       : vivado -mode batch -source /home/digital-1/SRIP2026/Updated-FFT-Processor/vivado_synthesis_v2.tcl -nojournal -log /home/digital-1/SRIP2026/Updated-FFT-Processor/synth_mixed/constraint_sweep/fp16/n256/p25.82/fp16_fft_256/pwr_vivado.log -tclargs fp16_fft_256 /home/digital-1/SRIP2026/Updated-FFT-Processor/synth_mixed/constraint_sweep/fp16/n256/p25.82/fp16_fft_256_metrics.csv 25.82 /home/digital-1/SRIP2026/Updated-FFT-Processor/fp16_baseline/generated_cores/fp16_fft_256/fp16_fft_256_core.v /home/digital-1/SRIP2026/Updated-FFT-Processor/fp16_baseline/generated_cores/fp16_fft_256/fp16_fft_256_top.v /home/digital-1/SRIP2026/Updated-FFT-Processor/synth_mixed/constraint_sweep/fp16/n256/p25.82/fp16_fft_256/srcs xc7a35tcpg236-1  1 tb_fp16_power/uut
# Log file           : /home/digital-1/SRIP2026/Updated-FFT-Processor/synth_mixed/constraint_sweep/fp16/n256/p25.82/fp16_fft_256/pwr_vivado.log
# Journal file       : 
# Running On         : redhatacademy301rr
# Platform           : RedHatEnterprise
# Operating System   : Red Hat Enterprise Linux release 8.10 (Ootpa)
# Processor Detail   : 12th Gen Intel(R) Core(TM) i9-12900K
# CPU Frequency      : 3200.000 MHz
# CPU Physical cores : 16
# CPU Logical cores  : 24
# Host memory        : 67013 MB
# Swap memory        : 33709 MB
# Total Virtual      : 100723 MB
# Available Virtual  : 55194 MB
#-----------------------------------------------------------
Sourcing tcl script '/home/digital-1/.Xilinx/Vivado/Vivado_init.tcl'
source /home/digital-1/SRIP2026/Updated-FFT-Processor/vivado_synthesis_v2.tcl
# set design_name  [lindex $argv 0]
# set csv_output   [lindex $argv 1]
# set clock_period [lindex $argv 2]
# set core_file    [lindex $argv 3]
# set top_file     [lindex $argv 4]
# set verilog_dir  [lindex $argv 5]
# set fpga_part "xc7a35tcpg236-1"
# if { [llength $argv] >= 7 } { set fpga_part [lindex $argv 6] }
# set saif_file ""
# if { [llength $argv] >= 8 } { set saif_file [lindex $argv 7] }
# set use_dsp 1
# if { [llength $argv] >= 9 } { set use_dsp [lindex $argv 8] }
# set saif_strip_path "tb_fft_power/uut"
# if { [llength $argv] >= 10 } { set saif_strip_path [lindex $argv 9] }
# set top_module "${design_name}_top"
# puts "INFO: design_name  = $design_name"
INFO: design_name  = fp16_fft_256
# puts "INFO: top_module   = $top_module"
INFO: top_module   = fp16_fft_256_top
# puts "INFO: clock_period = $clock_period ns  ([format %.2f [expr {1000.0/$clock_period}]] MHz)"
INFO: clock_period = 25.82 ns  (38.73 MHz)
# puts "INFO: target_part  = $fpga_part"
INFO: target_part  = xc7a35tcpg236-1
# puts "INFO: saif_file    = [expr {$saif_file eq "" ? "<none - power will be VECTORLESS>" : $saif_file}]"
INFO: saif_file    = <none - power will be VECTORLESS>
# puts "INFO: use_dsp      = $use_dsp"
INFO: use_dsp      = 1
# create_project -in_memory -part $fpga_part
WARNING: [Board 49-91] Board repository path '<extracted path>/vivado-boards/new/board_files' does not exist, it will not be used to search board files.
# foreach f [glob -nocomplain ${verilog_dir}/*.v] {
#     if { [string match "*tb_*" [file tail $f]] == 0 } {
#         add_files -norecurse $f
#     }
# }
# add_files -norecurse $core_file
# add_files -norecurse $top_file
# set_property include_dirs $verilog_dir [current_fileset]
# set_property top $top_module [current_fileset]
# update_compile_order -fileset sources_1
# set xdc_file "/tmp/${design_name}_constr.xdc"
# set xfp [open $xdc_file w]
# puts $xfp "create_clock -period $clock_period -name clk \[get_ports clk\]"
# puts $xfp "set_input_delay  -clock clk 0.500 \[get_ports -filter {DIRECTION == IN && NAME != clk}\]"
# puts $xfp "set_output_delay -clock clk 0.500 \[all_outputs\]"
# close $xfp
# read_xdc $xdc_file
# puts "INFO: constraints attached BEFORE synthesis (fix F1)"
INFO: constraints attached BEFORE synthesis (fix F1)
# set synth_args [list -top $top_module -part $fpga_part -mode out_of_context]
# if { $use_dsp == 0 } {
#     lappend synth_args -max_dsp 0
#     puts "INFO: -max_dsp 0 : DSP48E1 inference disabled (fix F6)"
# }
# eval synth_design $synth_args
Command: synth_design -top fp16_fft_256_top -part xc7a35tcpg236-1 -mode out_of_context
Starting synth_design
Attempting to get a license for feature 'Synthesis' and/or device 'xc7a35t'
INFO: [Common 17-349] Got license for feature 'Synthesis' and/or device 'xc7a35t'
INFO: [Device 21-403] Loading part xc7a35tcpg236-1
INFO: [Synth 8-7079] Multithreading enabled for synth_design using a maximum of 7 processes.
INFO: [Synth 8-7078] Launching helper process for spawning children vivado processes
INFO: [Synth 8-7075] Helper process launched with PID 2989983
---------------------------------------------------------------------------------
Starting RTL Elaboration : Time (s): cpu = 00:00:02 ; elapsed = 00:00:02 . Memory (MB): peak = 2427.148 ; gain = 483.156 ; free physical = 14207 ; free virtual = 51418
---------------------------------------------------------------------------------
INFO: [Synth 8-6157] synthesizing module 'fp16_fft_256_top' [/home/digital-1/SRIP2026/Updated-FFT-Processor/fp16_baseline/generated_cores/fp16_fft_256/fp16_fft_256_top.v:10]
INFO: [Synth 8-6157] synthesizing module 'bit_reverse' [/home/digital-1/SRIP2026/Updated-FFT-Processor/synth_mixed/constraint_sweep/fp16/n256/p25.82/fp16_fft_256/srcs/bit_reversal.v:1]
	Parameter MAX_N bound to: 1024 - type: integer 
	Parameter WIDTH bound to: 11 - type: integer 
INFO: [Synth 8-6155] done synthesizing module 'bit_reverse' (0#1) [/home/digital-1/SRIP2026/Updated-FFT-Processor/synth_mixed/constraint_sweep/fp16/n256/p25.82/fp16_fft_256/srcs/bit_reversal.v:1]
INFO: [Synth 8-6157] synthesizing module 'fp16_fft_256_core' [/home/digital-1/SRIP2026/Updated-FFT-Processor/fp16_baseline/generated_cores/fp16_fft_256/fp16_fft_256_core.v:16]
	Parameter MAX_N bound to: 1024 - type: integer 
	Parameter ADDR_WIDTH bound to: 11 - type: integer 
INFO: [Synth 8-6157] synthesizing module 'dit_fft_agu_streaming' [/home/digital-1/SRIP2026/Updated-FFT-Processor/synth_mixed/constraint_sweep/fp16/n256/p25.82/fp16_fft_256/srcs/agu.v:6]
	Parameter MAX_N bound to: 1024 - type: integer 
	Parameter ADDR_WIDTH bound to: 11 - type: integer 
INFO: [Synth 8-6155] done synthesizing module 'dit_fft_agu_streaming' (0#1) [/home/digital-1/SRIP2026/Updated-FFT-Processor/synth_mixed/constraint_sweep/fp16/n256/p25.82/fp16_fft_256/srcs/agu.v:6]
INFO: [Synth 8-6157] synthesizing module 'twiddle_factor_fp16' [/home/digital-1/SRIP2026/Updated-FFT-Processor/synth_mixed/constraint_sweep/fp16/n256/p25.82/fp16_fft_256/srcs/fp16_twiddle_rom.v:27]
	Parameter MAX_N bound to: 1024 - type: integer 
	Parameter ADDR_WIDTH bound to: 11 - type: integer 
INFO: [Synth 8-6155] done synthesizing module 'twiddle_factor_fp16' (0#1) [/home/digital-1/SRIP2026/Updated-FFT-Processor/synth_mixed/constraint_sweep/fp16/n256/p25.82/fp16_fft_256/srcs/fp16_twiddle_rom.v:27]
INFO: [Synth 8-6157] synthesizing module 'fp16_dual_bank_memory_concurrent' [/home/digital-1/SRIP2026/Updated-FFT-Processor/synth_mixed/constraint_sweep/fp16/n256/p25.82/fp16_fft_256/srcs/fp16_memory.v:29]
	Parameter n bound to: 256 - type: integer 
	Parameter ADDR_WIDTH bound to: 11 - type: integer 
INFO: [Synth 8-6155] done synthesizing module 'fp16_dual_bank_memory_concurrent' (0#1) [/home/digital-1/SRIP2026/Updated-FFT-Processor/synth_mixed/constraint_sweep/fp16/n256/p25.82/fp16_fft_256/srcs/fp16_memory.v:29]
INFO: [Synth 8-6157] synthesizing module 'fp16_butterfly_wrapper' [/home/digital-1/SRIP2026/Updated-FFT-Processor/synth_mixed/constraint_sweep/fp16/n256/p25.82/fp16_fft_256/srcs/fp16_butterfly.v:101]
INFO: [Synth 8-6157] synthesizing module 'fp16_butterfly_generation_unit' [/home/digital-1/SRIP2026/Updated-FFT-Processor/synth_mixed/constraint_sweep/fp16/n256/p25.82/fp16_fft_256/srcs/fp16_butterfly.v:32]
INFO: [Synth 8-6157] synthesizing module 'fp16_mul' [/home/digital-1/SRIP2026/Updated-FFT-Processor/synth_mixed/constraint_sweep/fp16/n256/p25.82/fp16_fft_256/srcs/fp16_multiplier.v:16]
INFO: [Synth 8-6155] done synthesizing module 'fp16_mul' (0#1) [/home/digital-1/SRIP2026/Updated-FFT-Processor/synth_mixed/constraint_sweep/fp16/n256/p25.82/fp16_fft_256/srcs/fp16_multiplier.v:16]
INFO: [Synth 8-6157] synthesizing module 'fp16_add_sub' [/home/digital-1/SRIP2026/Updated-FFT-Processor/synth_mixed/constraint_sweep/fp16/n256/p25.82/fp16_fft_256/srcs/fp16_adder.v:20]
INFO: [Synth 8-6155] done synthesizing module 'fp16_add_sub' (0#1) [/home/digital-1/SRIP2026/Updated-FFT-Processor/synth_mixed/constraint_sweep/fp16/n256/p25.82/fp16_fft_256/srcs/fp16_adder.v:20]
INFO: [Synth 8-6157] synthesizing module 'fp16_complex_add_sub' [/home/digital-1/SRIP2026/Updated-FFT-Processor/synth_mixed/constraint_sweep/fp16/n256/p25.82/fp16_fft_256/srcs/fp16_adder.v:172]
INFO: [Synth 8-6155] done synthesizing module 'fp16_complex_add_sub' (0#1) [/home/digital-1/SRIP2026/Updated-FFT-Processor/synth_mixed/constraint_sweep/fp16/n256/p25.82/fp16_fft_256/srcs/fp16_adder.v:172]
INFO: [Synth 8-6155] done synthesizing module 'fp16_butterfly_generation_unit' (0#1) [/home/digital-1/SRIP2026/Updated-FFT-Processor/synth_mixed/constraint_sweep/fp16/n256/p25.82/fp16_fft_256/srcs/fp16_butterfly.v:32]
INFO: [Synth 8-6155] done synthesizing module 'fp16_butterfly_wrapper' (0#1) [/home/digital-1/SRIP2026/Updated-FFT-Processor/synth_mixed/constraint_sweep/fp16/n256/p25.82/fp16_fft_256/srcs/fp16_butterfly.v:101]
INFO: [Synth 8-226] default block is never used [/home/digital-1/SRIP2026/Updated-FFT-Processor/fp16_baseline/generated_cores/fp16_fft_256/fp16_fft_256_core.v:261]
INFO: [Synth 8-6155] done synthesizing module 'fp16_fft_256_core' (0#1) [/home/digital-1/SRIP2026/Updated-FFT-Processor/fp16_baseline/generated_cores/fp16_fft_256/fp16_fft_256_core.v:16]
INFO: [Synth 8-6155] done synthesizing module 'fp16_fft_256_top' (0#1) [/home/digital-1/SRIP2026/Updated-FFT-Processor/fp16_baseline/generated_cores/fp16_fft_256/fp16_fft_256_top.v:10]
WARNING: [Synth 8-3936] Found unconnected internal register 'prod_norm_reg' and it is trimmed from '22' to '20' bits. [/home/digital-1/SRIP2026/Updated-FFT-Processor/synth_mixed/constraint_sweep/fp16/n256/p25.82/fp16_fft_256/srcs/fp16_multiplier.v:73]
WARNING: [Synth 8-3936] Found unconnected internal register 'sig_norm_reg' and it is trimmed from '16' to '13' bits. [/home/digital-1/SRIP2026/Updated-FFT-Processor/synth_mixed/constraint_sweep/fp16/n256/p25.82/fp16_fft_256/srcs/fp16_adder.v:99]
WARNING: [Synth 8-7129] Port rst in module fp16_dual_bank_memory_concurrent is either unconnected or has no load
---------------------------------------------------------------------------------
Finished RTL Elaboration : Time (s): cpu = 00:00:03 ; elapsed = 00:00:03 . Memory (MB): peak = 2522.117 ; gain = 578.125 ; free physical = 14102 ; free virtual = 51314
---------------------------------------------------------------------------------
---------------------------------------------------------------------------------
Start Handling Custom Attributes
---------------------------------------------------------------------------------
---------------------------------------------------------------------------------
Finished Handling Custom Attributes : Time (s): cpu = 00:00:03 ; elapsed = 00:00:03 . Memory (MB): peak = 2533.992 ; gain = 590.000 ; free physical = 14094 ; free virtual = 51306
---------------------------------------------------------------------------------
---------------------------------------------------------------------------------
Finished RTL Optimization Phase 1 : Time (s): cpu = 00:00:03 ; elapsed = 00:00:03 . Memory (MB): peak = 2533.992 ; gain = 590.000 ; free physical = 14094 ; free virtual = 51306
---------------------------------------------------------------------------------
Netlist sorting complete. Time (s): cpu = 00:00:00.02 ; elapsed = 00:00:00.01 . Memory (MB): peak = 2533.992 ; gain = 0.000 ; free physical = 14094 ; free virtual = 51306
INFO: [Project 1-570] Preparing netlist for logic optimization

Processing XDC Constraints
Initializing timing engine
Parsing XDC File [/tmp/fp16_fft_256_constr.xdc]
Finished Parsing XDC File [/tmp/fp16_fft_256_constr.xdc]
Completed Processing XDC Constraints

Netlist sorting complete. Time (s): cpu = 00:00:00 ; elapsed = 00:00:00 . Memory (MB): peak = 2638.730 ; gain = 0.000 ; free physical = 14067 ; free virtual = 51279
INFO: [Project 1-111] Unisim Transformation Summary:
No Unisim elements were transformed.

Constraint Validation Runtime : Time (s): cpu = 00:00:00.02 ; elapsed = 00:00:00.01 . Memory (MB): peak = 2638.766 ; gain = 0.000 ; free physical = 14066 ; free virtual = 51278
---------------------------------------------------------------------------------
Finished Constraint Validation : Time (s): cpu = 00:00:07 ; elapsed = 00:00:07 . Memory (MB): peak = 2638.766 ; gain = 694.773 ; free physical = 14065 ; free virtual = 51277
---------------------------------------------------------------------------------
---------------------------------------------------------------------------------
Start Loading Part and Timing Information
---------------------------------------------------------------------------------
Loading part: xc7a35tcpg236-1
---------------------------------------------------------------------------------
Finished Loading Part and Timing Information : Time (s): cpu = 00:00:07 ; elapsed = 00:00:07 . Memory (MB): peak = 2646.734 ; gain = 702.742 ; free physical = 14065 ; free virtual = 51277
---------------------------------------------------------------------------------
---------------------------------------------------------------------------------
Start Applying 'set_property' XDC Constraints
---------------------------------------------------------------------------------
---------------------------------------------------------------------------------
Finished applying 'set_property' XDC Constraints : Time (s): cpu = 00:00:07 ; elapsed = 00:00:07 . Memory (MB): peak = 2646.734 ; gain = 702.742 ; free physical = 14065 ; free virtual = 51277
---------------------------------------------------------------------------------
INFO: [Synth 8-802] inferred FSM for state register 'state_reg' in module 'fp16_fft_256_core'
INFO: [Synth 8-3971] The signal "fp16_dual_bank_memory_concurrent:/b1_sub0_reg" was recognized as a true dual port RAM template.
INFO: [Synth 8-3971] The signal "fp16_dual_bank_memory_concurrent:/b1_sub1_reg" was recognized as a true dual port RAM template.
INFO: [Synth 8-3971] The signal "fp16_dual_bank_memory_concurrent:/b0_sub0_reg" was recognized as a true dual port RAM template.
INFO: [Synth 8-3971] The signal "fp16_dual_bank_memory_concurrent:/b0_sub1_reg" was recognized as a true dual port RAM template.
---------------------------------------------------------------------------------------------------
                   State |                     New Encoding |                Previous Encoding 
---------------------------------------------------------------------------------------------------
                 IDLE_ST |                               00 |                               00
                  RUN_ST |                               01 |                               01
                FLUSH_ST |                               10 |                               10
                 DONE_ST |                               11 |                               11
---------------------------------------------------------------------------------------------------
INFO: [Synth 8-3354] encoded FSM with state register 'state_reg' using encoding 'sequential' in module 'fp16_fft_256_core'
---------------------------------------------------------------------------------
Finished RTL Optimization Phase 2 : Time (s): cpu = 00:00:07 ; elapsed = 00:00:07 . Memory (MB): peak = 2646.734 ; gain = 702.742 ; free physical = 14064 ; free virtual = 51277
---------------------------------------------------------------------------------
---------------------------------------------------------------------------------
Start RTL Component Statistics 
---------------------------------------------------------------------------------
Detailed RTL Component Info : 
+---Adders : 
	   2 Input   32 Bit       Adders := 2     
	   2 Input   22 Bit       Adders := 4     
	   3 Input   16 Bit       Adders := 6     
	   2 Input   16 Bit       Adders := 6     
	   2 Input   15 Bit       Adders := 6     
	   2 Input   11 Bit       Adders := 17    
	   2 Input   10 Bit       Adders := 1     
	   3 Input    8 Bit       Adders := 4     
	   4 Input    8 Bit       Adders := 4     
	   2 Input    8 Bit       Adders := 8     
	   3 Input    6 Bit       Adders := 6     
	   2 Input    6 Bit       Adders := 14    
	   2 Input    5 Bit       Adders := 26    
	   3 Input    5 Bit       Adders := 6     
	   2 Input    4 Bit       Adders := 1     
+---XORs : 
	   2 Input      1 Bit         XORs := 4     
+---Registers : 
	               32 Bit    Registers := 41    
	               16 Bit    Registers := 6     
	               13 Bit    Registers := 1     
	               11 Bit    Registers := 30    
	                6 Bit    Registers := 2     
	                1 Bit    Registers := 21    
+---RAMs : 
	               4K Bit	(128 X 32 bit)          RAMs := 4     
+---Muxes : 
	   2 Input   32 Bit        Muxes := 11    
	   2 Input   20 Bit        Muxes := 12    
	   2 Input   16 Bit        Muxes := 34    
	   2 Input   15 Bit        Muxes := 6     
	   2 Input   13 Bit        Muxes := 18    
	   2 Input   11 Bit        Muxes := 10    
	   2 Input   10 Bit        Muxes := 16    
	   2 Input    8 Bit        Muxes := 16    
	   2 Input    7 Bit        Muxes := 4     
	   2 Input    6 Bit        Muxes := 25    
	   4 Input    6 Bit        Muxes := 1     
	   2 Input    5 Bit        Muxes := 32    
	   2 Input    4 Bit        Muxes := 4     
	   2 Input    3 Bit        Muxes := 2     
	   2 Input    2 Bit        Muxes := 3     
	   4 Input    2 Bit        Muxes := 3     
	   2 Input    1 Bit        Muxes := 214   
	   4 Input    1 Bit        Muxes := 8     
---------------------------------------------------------------------------------
Finished RTL Component Statistics 
---------------------------------------------------------------------------------
---------------------------------------------------------------------------------
Start Part Resource Summary
---------------------------------------------------------------------------------
Part Resources:
DSPs: 90 (col length:60)
BRAMs: 100 (col length: RAMB18 60 RAMB36 30)
---------------------------------------------------------------------------------
Finished Part Resource Summary
---------------------------------------------------------------------------------
---------------------------------------------------------------------------------
Start Cross Boundary and Area Optimization
---------------------------------------------------------------------------------
DSP Report: Generating DSP prod, operation Mode is: A*B.
DSP Report: operator prod is absorbed into DSP prod.
DSP Report: Generating DSP prod, operation Mode is: A*B.
DSP Report: operator prod is absorbed into DSP prod.
DSP Report: Generating DSP prod, operation Mode is: A*B.
DSP Report: operator prod is absorbed into DSP prod.
DSP Report: Generating DSP prod, operation Mode is: A*B.
DSP Report: operator prod is absorbed into DSP prod.
DSP Report: Generating DSP agu/idx_a, operation Mode is: C+A*B.
DSP Report: operator agu/idx_a is absorbed into DSP agu/idx_a.
DSP Report: operator agu/group_offset is absorbed into DSP agu/idx_a.
DSP Report: Generating DSP agu/k, operation Mode is: A*B.
DSP Report: operator agu/k is absorbed into DSP agu/k.
WARNING: [Synth 8-7129] Port in[10] in module bit_reverse is either unconnected or has no load
INFO: [Synth 8-3971] The signal "fp16_fft_256_top/core/mem/b1_sub0_reg" was recognized as a true dual port RAM template.
INFO: [Synth 8-3971] The signal "fp16_fft_256_top/core/mem/b1_sub1_reg" was recognized as a true dual port RAM template.
INFO: [Synth 8-3971] The signal "fp16_fft_256_top/core/mem/b0_sub0_reg" was recognized as a true dual port RAM template.
INFO: [Synth 8-3971] The signal "fp16_fft_256_top/core/mem/b0_sub1_reg" was recognized as a true dual port RAM template.
---------------------------------------------------------------------------------
Finished Cross Boundary and Area Optimization : Time (s): cpu = 00:00:30 ; elapsed = 00:00:30 . Memory (MB): peak = 2862.797 ; gain = 918.805 ; free physical = 13809 ; free virtual = 51023
---------------------------------------------------------------------------------
 Sort Area is  prod_0 : 0 0 : 863 863 : Used 1 time 100
 Sort Area is  prod_2 : 0 0 : 863 863 : Used 1 time 100
 Sort Area is  prod_3 : 0 0 : 863 863 : Used 1 time 100
 Sort Area is  prod_4 : 0 0 : 863 863 : Used 1 time 100
 Sort Area is  agu/idx_a_5 : 0 0 : 895 895 : Used 1 time 0
 Sort Area is  agu/k_7 : 0 0 : 651 651 : Used 1 time 0
---------------------------------------------------------------------------------
Start ROM, RAM, DSP, Shift Register and Retiming Reporting
---------------------------------------------------------------------------------

ROM: Preliminary Mapping Report
+--------------------+----------------------+---------------+----------------+
|Module Name         | RTL Object           | Depth x Width | Implemented As | 
+--------------------+----------------------+---------------+----------------+
|twiddle_factor_fp16 | raw_data             | 512x31        | LUT            | 
|fp16_fft_256_core   | twiddle_gen/raw_data | 512x31        | LUT            | 
+--------------------+----------------------+---------------+----------------+


Block RAM: Preliminary Mapping Report (see note below)
+-----------------+----------------------+------------------------+---+---+------------------------+---+---+------------------+--------+--------+
|Module Name      | RTL Object           | PORT A (Depth x Width) | W | R | PORT B (Depth x Width) | W | R | Ports driving FF | RAMB18 | RAMB36 | 
+-----------------+----------------------+------------------------+---+---+------------------------+---+---+------------------+--------+--------+
|fp16_fft_256_top | core/mem/b1_sub0_reg | 128 x 32(READ_FIRST)   | W | R | 128 x 32(READ_FIRST)   | W | R | Port A and B     | 0      | 1      | 
|fp16_fft_256_top | core/mem/b1_sub1_reg | 128 x 32(READ_FIRST)   | W | R | 128 x 32(READ_FIRST)   | W | R | Port A and B     | 0      | 1      | 
|fp16_fft_256_top | core/mem/b0_sub0_reg | 128 x 32(READ_FIRST)   | W | R | 128 x 32(READ_FIRST)   | W | R | Port A and B     | 0      | 1      | 
|fp16_fft_256_top | core/mem/b0_sub1_reg | 128 x 32(READ_FIRST)   | W | R | 128 x 32(READ_FIRST)   | W | R | Port A and B     | 0      | 1      | 
+-----------------+----------------------+------------------------+---+---+------------------------+---+---+------------------+--------+--------+

Note: The table above is a preliminary report that shows the Block RAMs at the current stage of the synthesis flow. Some Block RAMs may be reimplemented as non Block RAM primitives later in the synthesis flow. Multiple instantiated Block RAMs are reported only once. 

DSP: Preliminary Mapping Report (see note below. The ' indicates corresponding REG is set)
+----------------------+-------------+--------+--------+--------+--------+--------+------+------+------+------+-------+------+------+
|Module Name           | DSP Mapping | A Size | B Size | C Size | D Size | P Size | AREG | BREG | CREG | DREG | ADREG | MREG | PREG | 
+----------------------+-------------+--------+--------+--------+--------+--------+------+------+------+------+-------+------+------+
|fp16_mul              | A*B         | 11     | 11     | -      | -      | 22     | 0    | 0    | -    | -    | -     | 0    | 0    | 
|fp16_mul              | A*B         | 11     | 11     | -      | -      | 22     | 0    | 0    | -    | -    | -     | 0    | 0    | 
|fp16_mul              | A*B         | 11     | 11     | -      | -      | 22     | 0    | 0    | -    | -    | -     | 0    | 0    | 
|fp16_mul              | A*B         | 11     | 11     | -      | -      | 22     | 0    | 0    | -    | -    | -     | 0    | 0    | 
|dit_fft_agu_streaming | C+A*B       | 11     | 11     | 11     | -      | 11     | 0    | 0    | 0    | -    | -     | 0    | 0    | 
|dit_fft_agu_streaming | A*B         | 11     | 9      | -      | -      | 20     | 0    | 0    | -    | -    | -     | 0    | 0    | 
+----------------------+-------------+--------+--------+--------+--------+--------+------+------+------+------+-------+------+------+

Note: The table above is a preliminary report that shows the DSPs inferred at the current stage of the synthesis flow. Some DSP may be reimplemented as non DSP primitives later in the synthesis flow. Multiple instantiated DSPs are reported only once.
---------------------------------------------------------------------------------
Finished ROM, RAM, DSP, Shift Register and Retiming Reporting
---------------------------------------------------------------------------------
---------------------------------------------------------------------------------
Start Applying XDC Timing Constraints
---------------------------------------------------------------------------------
---------------------------------------------------------------------------------
Finished Applying XDC Timing Constraints : Time (s): cpu = 00:00:33 ; elapsed = 00:00:33 . Memory (MB): peak = 2862.797 ; gain = 918.805 ; free physical = 13813 ; free virtual = 51026
---------------------------------------------------------------------------------
---------------------------------------------------------------------------------
Start Timing Optimization
---------------------------------------------------------------------------------
---------------------------------------------------------------------------------
Finished Timing Optimization : Time (s): cpu = 00:00:35 ; elapsed = 00:00:36 . Memory (MB): peak = 2884.812 ; gain = 940.820 ; free physical = 13791 ; free virtual = 51004
---------------------------------------------------------------------------------
---------------------------------------------------------------------------------
Start ROM, RAM, DSP, Shift Register and Retiming Reporting
---------------------------------------------------------------------------------

Block RAM: Final Mapping Report
+-----------------+----------------------+------------------------+---+---+------------------------+---+---+------------------+--------+--------+
|Module Name      | RTL Object           | PORT A (Depth x Width) | W | R | PORT B (Depth x Width) | W | R | Ports driving FF | RAMB18 | RAMB36 | 
+-----------------+----------------------+------------------------+---+---+------------------------+---+---+------------------+--------+--------+
|fp16_fft_256_top | core/mem/b1_sub0_reg | 128 x 32(READ_FIRST)   | W | R | 128 x 32(READ_FIRST)   | W | R | Port A and B     | 0      | 1      | 
|fp16_fft_256_top | core/mem/b1_sub1_reg | 128 x 32(READ_FIRST)   | W | R | 128 x 32(READ_FIRST)   | W | R | Port A and B     | 0      | 1      | 
|fp16_fft_256_top | core/mem/b0_sub0_reg | 128 x 32(READ_FIRST)   | W | R | 128 x 32(READ_FIRST)   | W | R | Port A and B     | 0      | 1      | 
|fp16_fft_256_top | core/mem/b0_sub1_reg | 128 x 32(READ_FIRST)   | W | R | 128 x 32(READ_FIRST)   | W | R | Port A and B     | 0      | 1      | 
+-----------------+----------------------+------------------------+---+---+------------------------+---+---+------------------+--------+--------+

---------------------------------------------------------------------------------
Finished ROM, RAM, DSP, Shift Register and Retiming Reporting
---------------------------------------------------------------------------------
---------------------------------------------------------------------------------
Start Technology Mapping
---------------------------------------------------------------------------------
INFO: [Synth 8-7052] The timing for the instance core/mem/b1_sub0_reg (implemented as a Block RAM) might be sub-optimal as no optional output register could be merged into the ram block. Providing additional output register may help in improving timing.
INFO: [Synth 8-7052] The timing for the instance core/mem/b1_sub0_reg (implemented as a Block RAM) might be sub-optimal as no optional output register could be merged into the ram block. Providing additional output register may help in improving timing.
INFO: [Synth 8-7052] The timing for the instance core/mem/b1_sub1_reg (implemented as a Block RAM) might be sub-optimal as no optional output register could be merged into the ram block. Providing additional output register may help in improving timing.
INFO: [Synth 8-7052] The timing for the instance core/mem/b1_sub1_reg (implemented as a Block RAM) might be sub-optimal as no optional output register could be merged into the ram block. Providing additional output register may help in improving timing.
INFO: [Synth 8-7052] The timing for the instance core/mem/b0_sub0_reg (implemented as a Block RAM) might be sub-optimal as no optional output register could be merged into the ram block. Providing additional output register may help in improving timing.
INFO: [Synth 8-7052] The timing for the instance core/mem/b0_sub0_reg (implemented as a Block RAM) might be sub-optimal as no optional output register could be merged into the ram block. Providing additional output register may help in improving timing.
INFO: [Synth 8-7052] The timing for the instance core/mem/b0_sub1_reg (implemented as a Block RAM) might be sub-optimal as no optional output register could be merged into the ram block. Providing additional output register may help in improving timing.
INFO: [Synth 8-7052] The timing for the instance core/mem/b0_sub1_reg (implemented as a Block RAM) might be sub-optimal as no optional output register could be merged into the ram block. Providing additional output register may help in improving timing.
---------------------------------------------------------------------------------
Finished Technology Mapping : Time (s): cpu = 00:00:36 ; elapsed = 00:00:37 . Memory (MB): peak = 2943.820 ; gain = 999.828 ; free physical = 13732 ; free virtual = 50945
---------------------------------------------------------------------------------
---------------------------------------------------------------------------------
Start IO Insertion
---------------------------------------------------------------------------------
---------------------------------------------------------------------------------
Start Flattening Before IO Insertion
---------------------------------------------------------------------------------
---------------------------------------------------------------------------------
Finished Flattening Before IO Insertion
---------------------------------------------------------------------------------
---------------------------------------------------------------------------------
Start Final Netlist Cleanup
---------------------------------------------------------------------------------
---------------------------------------------------------------------------------
Finished Final Netlist Cleanup
---------------------------------------------------------------------------------
---------------------------------------------------------------------------------
Finished IO Insertion : Time (s): cpu = 00:00:38 ; elapsed = 00:00:38 . Memory (MB): peak = 3021.633 ; gain = 1077.641 ; free physical = 13668 ; free virtual = 50881
---------------------------------------------------------------------------------
---------------------------------------------------------------------------------
Start Renaming Generated Instances
---------------------------------------------------------------------------------
---------------------------------------------------------------------------------
Finished Renaming Generated Instances : Time (s): cpu = 00:00:38 ; elapsed = 00:00:38 . Memory (MB): peak = 3021.633 ; gain = 1077.641 ; free physical = 13668 ; free virtual = 50881
---------------------------------------------------------------------------------
---------------------------------------------------------------------------------
Start Rebuilding User Hierarchy
---------------------------------------------------------------------------------
---------------------------------------------------------------------------------
Finished Rebuilding User Hierarchy : Time (s): cpu = 00:00:38 ; elapsed = 00:00:39 . Memory (MB): peak = 3021.633 ; gain = 1077.641 ; free physical = 13668 ; free virtual = 50881
---------------------------------------------------------------------------------
---------------------------------------------------------------------------------
Start Renaming Generated Ports
---------------------------------------------------------------------------------
---------------------------------------------------------------------------------
Finished Renaming Generated Ports : Time (s): cpu = 00:00:38 ; elapsed = 00:00:39 . Memory (MB): peak = 3021.633 ; gain = 1077.641 ; free physical = 13668 ; free virtual = 50881
---------------------------------------------------------------------------------
---------------------------------------------------------------------------------
Start Handling Custom Attributes
---------------------------------------------------------------------------------
---------------------------------------------------------------------------------
Finished Handling Custom Attributes : Time (s): cpu = 00:00:38 ; elapsed = 00:00:39 . Memory (MB): peak = 3024.602 ; gain = 1080.609 ; free physical = 13661 ; free virtual = 50875
---------------------------------------------------------------------------------
---------------------------------------------------------------------------------
Start Renaming Generated Nets
---------------------------------------------------------------------------------
---------------------------------------------------------------------------------
Finished Renaming Generated Nets : Time (s): cpu = 00:00:38 ; elapsed = 00:00:39 . Memory (MB): peak = 3024.602 ; gain = 1080.609 ; free physical = 13661 ; free virtual = 50875
---------------------------------------------------------------------------------
---------------------------------------------------------------------------------
Start ROM, RAM, DSP, Shift Register and Retiming Reporting
---------------------------------------------------------------------------------

Static Shift Register Report:
+-----------------+------------------------------------+--------+-------+--------------+--------------------+-------------------+--------+---------+
|Module Name      | RTL Name                           | Length | Width | Reset Signal | Pull out first Reg | Pull out last Reg | SRL16E | SRLC32E | 
+-----------------+------------------------------------+--------+-------+--------------+--------------------+-------------------+--------+---------+
|fp16_fft_256_top | core/B_32_pipe_reg[9][31]          | 10     | 32    | NO           | NO                 | NO                | 32     | 0       | 
|fp16_fft_256_top | core/shared_bf/bf/A_stage2_reg[31] | 12     | 32    | NO           | NO                 | YES               | 32     | 0       | 
|fp16_fft_256_top | core/wr_addr_a_pipe_reg[12][7]     | 13     | 8     | YES          | NO                 | YES               | 8      | 0       | 
|fp16_fft_256_top | core/wr_addr_b_pipe_reg[12][7]     | 13     | 8     | YES          | NO                 | YES               | 8      | 0       | 
|fp16_fft_256_top | core/twiddle_pipe_reg[10][31]      | 11     | 30    | YES          | NO                 | YES               | 30     | 0       | 
|fp16_fft_256_top | core/wr_en_pipe_reg[10]            | 11     | 1     | YES          | NO                 | YES               | 1      | 0       | 
+-----------------+------------------------------------+--------+-------+--------------+--------------------+-------------------+--------+---------+

---------------------------------------------------------------------------------
Finished ROM, RAM, DSP, Shift Register and Retiming Reporting
---------------------------------------------------------------------------------
---------------------------------------------------------------------------------
Start Writing Synthesis Report
---------------------------------------------------------------------------------

DSP Final Report (the ' indicates corresponding REG is set)
+----------------------+-------------+--------+--------+--------+--------+--------+------+------+------+------+-------+------+------+
|Module Name           | DSP Mapping | A Size | B Size | C Size | D Size | P Size | AREG | BREG | CREG | DREG | ADREG | MREG | PREG | 
+----------------------+-------------+--------+--------+--------+--------+--------+------+------+------+------+-------+------+------+
|dit_fft_agu_streaming | C+A*B       | 11     | 11     | 11     | -      | 11     | 0    | 0    | 0    | -    | -     | 0    | 0    | 
|dit_fft_agu_streaming | A*B         | 11     | 9      | -      | -      | 20     | 0    | 0    | -    | -    | -     | 0    | 0    | 
|fp16_mul              | A*B         | 11     | 11     | -      | -      | 22     | 0    | 0    | -    | -    | -     | 0    | 0    | 
|fp16_mul              | A*B         | 11     | 11     | -      | -      | 22     | 0    | 0    | -    | -    | -     | 0    | 0    | 
|fp16_mul              | A*B         | 11     | 11     | -      | -      | 22     | 0    | 0    | -    | -    | -     | 0    | 0    | 
|fp16_mul              | A*B         | 11     | 11     | -      | -      | 22     | 0    | 0    | -    | -    | -     | 0    | 0    | 
+----------------------+-------------+--------+--------+--------+--------+--------+------+------+------+------+-------+------+------+


Report BlackBoxes: 
+-+--------------+----------+
| |BlackBox name |Instances |
+-+--------------+----------+
+-+--------------+----------+

Report Cell Usage: 
+------+---------+------+
|      |Cell     |Count |
+------+---------+------+
|1     |CARRY4   |    95|
|2     |DSP48E1  |     6|
|4     |LUT1     |     9|
|5     |LUT2     |   284|
|6     |LUT3     |   562|
|7     |LUT4     |   506|
|8     |LUT5     |   629|
|9     |LUT6     |  1498|
|10    |MUXF7    |    29|
|11    |MUXF8    |    14|
|12    |RAMB36E1 |     4|
|13    |SRL16E   |   111|
|14    |FDCE     |   122|
|15    |FDPE     |     1|
|16    |FDRE     |   158|
|17    |FDSE     |    20|
+------+---------+------+
---------------------------------------------------------------------------------
Finished Writing Synthesis Report : Time (s): cpu = 00:00:38 ; elapsed = 00:00:39 . Memory (MB): peak = 3024.602 ; gain = 1080.609 ; free physical = 13661 ; free virtual = 50875
---------------------------------------------------------------------------------
Synthesis finished with 0 errors, 0 critical warnings and 1 warnings.
Synthesis Optimization Runtime : Time (s): cpu = 00:00:37 ; elapsed = 00:00:38 . Memory (MB): peak = 3024.602 ; gain = 975.836 ; free physical = 13661 ; free virtual = 50874
Synthesis Optimization Complete : Time (s): cpu = 00:00:38 ; elapsed = 00:00:39 . Memory (MB): peak = 3024.609 ; gain = 1080.609 ; free physical = 13661 ; free virtual = 50874
INFO: [Project 1-571] Translating synthesized netlist
Netlist sorting complete. Time (s): cpu = 00:00:00.02 ; elapsed = 00:00:00.01 . Memory (MB): peak = 3035.508 ; gain = 0.000 ; free physical = 13816 ; free virtual = 51029
INFO: [Netlist 29-17] Analyzing 148 Unisim elements for replacement
INFO: [Netlist 29-28] Unisim Transformation completed in 0 CPU seconds
INFO: [Project 1-570] Preparing netlist for logic optimization
Parsing XDC File [/tmp/fp16_fft_256_constr.xdc]
Finished Parsing XDC File [/tmp/fp16_fft_256_constr.xdc]
INFO: [Opt 31-138] Pushed 0 inverter(s) to 0 load pin(s).
Netlist sorting complete. Time (s): cpu = 00:00:00 ; elapsed = 00:00:00 . Memory (MB): peak = 3094.504 ; gain = 0.000 ; free physical = 13808 ; free virtual = 51021
INFO: [Project 1-111] Unisim Transformation Summary:
No Unisim elements were transformed.

Synth Design complete | Checksum: b6685ee6
INFO: [Common 17-83] Releasing license: Synthesis
55 Infos, 4 Warnings, 0 Critical Warnings and 0 Errors encountered.
synth_design completed successfully
synth_design: Time (s): cpu = 00:00:42 ; elapsed = 00:00:41 . Memory (MB): peak = 3094.539 ; gain = 1257.914 ; free physical = 13808 ; free virtual = 51022
INFO: [Common 17-2834] synth_design peak Physical Memory [PSS] (MB): overall = 2251.395; main = 2247.042; forked = 352.062
INFO: [Common 17-2834] synth_design peak Virtual Memory [VSS] (MB): overall = 4503.914; main = 3094.508; forked = 1641.113
# if { [catch { opt_design -directive Explore } emsg] } {
#     puts "WARNING: opt_design -directive Explore failed ($emsg); retrying default"
#     if { [catch { opt_design } emsg2] } {
#         puts "CRITICAL: opt_design unavailable ($emsg2). LUT counts are PRE-OPT"
#         puts "CRITICAL: estimates and carry a ~3% noise band. Record this."
#         set opt_ran 0
#     } else { set opt_ran 1 }
# } else { set opt_ran 1 }
Command: opt_design -directive Explore
INFO: [Vivado_Tcl 4-136] Directive used for opt_design is: Explore
Attempting to get a license for feature 'Implementation' and/or device 'xc7a35t'
INFO: [Common 17-349] Got license for feature 'Implementation' and/or device 'xc7a35t'
Running DRC as a precondition to command opt_design

Starting DRC Task
INFO: [DRC 23-27] Running DRC with 8 threads
WARNING: [DRC 23-814] Not all possible (connectivity based) DRCs may have been run because this design is seen as Out of Context.
INFO: [Project 1-461] DRC finished with 0 Errors
INFO: [Project 1-462] Please refer to the DRC report (report_drc) for more information.

Time (s): cpu = 00:00:00.41 ; elapsed = 00:00:00.2 . Memory (MB): peak = 3094.539 ; gain = 0.000 ; free physical = 13809 ; free virtual = 51022

Starting Logic Optimization Task

Phase 1 Initialization

Phase 1.1 Core Generation And Design Setup
Phase 1.1 Core Generation And Design Setup | Checksum: 27fbe7fe8

Time (s): cpu = 00:00:00 ; elapsed = 00:00:00 . Memory (MB): peak = 3094.539 ; gain = 0.000 ; free physical = 13806 ; free virtual = 51020

Phase 1.2 Setup Constraints And Sort Netlist
Phase 1.2 Setup Constraints And Sort Netlist | Checksum: 27fbe7fe8

Time (s): cpu = 00:00:00 ; elapsed = 00:00:00 . Memory (MB): peak = 3094.539 ; gain = 0.000 ; free physical = 13806 ; free virtual = 51020
Phase 1 Initialization | Checksum: 27fbe7fe8

Time (s): cpu = 00:00:00 ; elapsed = 00:00:00 . Memory (MB): peak = 3094.539 ; gain = 0.000 ; free physical = 13806 ; free virtual = 51020

Phase 2 Timer Update And Timing Data Collection

Phase 2.1 Detect if minReqCache needed
Phase 2.1 Detect if minReqCache needed | Checksum: 27fbe7fe8

Time (s): cpu = 00:00:00 ; elapsed = 00:00:00.01 . Memory (MB): peak = 3094.539 ; gain = 0.000 ; free physical = 13806 ; free virtual = 51020

Phase 2.2 Timer Update
INFO: [Timing 38-35] Done setting XDC timing constraints.
Phase 2.2 Timer Update | Checksum: 27fbe7fe8

Time (s): cpu = 00:00:03 ; elapsed = 00:00:03 . Memory (MB): peak = 3110.504 ; gain = 15.965 ; free physical = 13795 ; free virtual = 51008
Phase 2 Timer Update And Timing Data Collection | Checksum: 27fbe7fe8

Time (s): cpu = 00:00:03 ; elapsed = 00:00:03 . Memory (MB): peak = 3110.504 ; gain = 15.965 ; free physical = 13795 ; free virtual = 51008

Phase 3 Retarget
INFO: [Opt 31-1851] Number of loadless carry chains removed were: 0
INFO: [Opt 31-1834] Total Chains To Be Transformed Were: 0 AND Number of Transformed insts Created are: 0
INFO: [Opt 31-1566] Pulled 2 inverters resulting in an inversion of 4 pins
INFO: [Opt 31-138] Pushed 0 inverter(s) to 0 load pin(s).
INFO: [Opt 31-49] Retargeted 0 cell(s).
Phase 3 Retarget | Checksum: 217dc8fbc

Time (s): cpu = 00:00:03 ; elapsed = 00:00:03 . Memory (MB): peak = 3110.504 ; gain = 15.965 ; free physical = 13795 ; free virtual = 51008
Retarget | Checksum: 217dc8fbc
INFO: [Opt 31-389] Phase Retarget created 1 cells and removed 3 cells

Phase 4 Constant propagation
INFO: [Opt 31-138] Pushed 0 inverter(s) to 0 load pin(s).
Phase 4 Constant propagation | Checksum: 217dc8fbc

Time (s): cpu = 00:00:03 ; elapsed = 00:00:03 . Memory (MB): peak = 3110.504 ; gain = 15.965 ; free physical = 13795 ; free virtual = 51008
Constant propagation | Checksum: 217dc8fbc
INFO: [Opt 31-389] Phase Constant propagation created 0 cells and removed 0 cells

Phase 5 Sweep
INFO: [Constraints 18-11670] Building netlist checker database with flags, 0x8
Done building netlist checker database: Time (s): cpu = 00:00:00 ; elapsed = 00:00:00 . Memory (MB): peak = 3110.504 ; gain = 0.000 ; free physical = 13795 ; free virtual = 51008
Phase 5 Sweep | Checksum: 1f047e531

Time (s): cpu = 00:00:03 ; elapsed = 00:00:03 . Memory (MB): peak = 3110.504 ; gain = 15.965 ; free physical = 13795 ; free virtual = 51008
Sweep | Checksum: 1f047e531
INFO: [Opt 31-389] Phase Sweep created 0 cells and removed 0 cells

Phase 6 BUFG optimization
Phase 6 BUFG optimization | Checksum: 1f047e531

Time (s): cpu = 00:00:03 ; elapsed = 00:00:03 . Memory (MB): peak = 3142.520 ; gain = 47.980 ; free physical = 13795 ; free virtual = 51008
BUFG optimization | Checksum: 1f047e531
INFO: [Opt 31-662] Phase BUFG optimization created 0 cells of which 0 are BUFGs and removed 0 cells.

Phase 7 Shift Register Optimization
INFO: [Opt 31-1064] SRL Remap converted 0 SRLs to 0 registers and converted 0 registers of register chains to 0 SRLs
Phase 7 Shift Register Optimization | Checksum: 1f047e531

Time (s): cpu = 00:00:03 ; elapsed = 00:00:03 . Memory (MB): peak = 3142.520 ; gain = 47.980 ; free physical = 13795 ; free virtual = 51008
Shift Register Optimization | Checksum: 1f047e531
INFO: [Opt 31-389] Phase Shift Register Optimization created 0 cells and removed 0 cells
INFO: [Opt 31-1555] control_set_opt supports Versal devices only, and device 7a35t is unsupported

Phase 8 Post Processing Netlist
Phase 8 Post Processing Netlist | Checksum: 1f047e531

Time (s): cpu = 00:00:03 ; elapsed = 00:00:03 . Memory (MB): peak = 3142.520 ; gain = 47.980 ; free physical = 13795 ; free virtual = 51008
Post Processing Netlist | Checksum: 1f047e531
INFO: [Opt 31-389] Phase Post Processing Netlist created 0 cells and removed 0 cells

Phase 9 Finalization

Phase 9.1 Finalizing Design Cores and Updating Shapes
Phase 9.1 Finalizing Design Cores and Updating Shapes | Checksum: 2918075df

Time (s): cpu = 00:00:03 ; elapsed = 00:00:03 . Memory (MB): peak = 3142.520 ; gain = 47.980 ; free physical = 13795 ; free virtual = 51008

Phase 9.2 Verifying Netlist Connectivity

Starting Connectivity Check Task

Time (s): cpu = 00:00:00 ; elapsed = 00:00:00 . Memory (MB): peak = 3142.520 ; gain = 0.000 ; free physical = 13795 ; free virtual = 51008
Phase 9.2 Verifying Netlist Connectivity | Checksum: 2918075df

Time (s): cpu = 00:00:03 ; elapsed = 00:00:03 . Memory (MB): peak = 3142.520 ; gain = 47.980 ; free physical = 13795 ; free virtual = 51008
Phase 9 Finalization | Checksum: 2918075df

Time (s): cpu = 00:00:03 ; elapsed = 00:00:03 . Memory (MB): peak = 3142.520 ; gain = 47.980 ; free physical = 13795 ; free virtual = 51008
Opt_design Change Summary
=========================


-------------------------------------------------------------------------------------------------------------------------
|  Phase                        |  #Cells created  |  #Cells Removed  |  #Constrained objects preventing optimizations  |
-------------------------------------------------------------------------------------------------------------------------
|  Retarget                     |               1  |               3  |                                              0  |
|  Constant propagation         |               0  |               0  |                                              0  |
|  Sweep                        |               0  |               0  |                                              0  |
|  BUFG optimization            |               0  |               0  |                                              0  |
|  Shift Register Optimization  |               0  |               0  |                                              0  |
|  Post Processing Netlist      |               0  |               0  |                                              0  |
-------------------------------------------------------------------------------------------------------------------------


Ending Logic Optimization Task | Checksum: 2918075df

Time (s): cpu = 00:00:03 ; elapsed = 00:00:03 . Memory (MB): peak = 3142.520 ; gain = 47.980 ; free physical = 13795 ; free virtual = 51008
Netlist sorting complete. Time (s): cpu = 00:00:00 ; elapsed = 00:00:00 . Memory (MB): peak = 3142.520 ; gain = 0.000 ; free physical = 13795 ; free virtual = 51008
INFO: [Common 17-83] Releasing license: Implementation
22 Infos, 1 Warnings, 0 Critical Warnings and 0 Errors encountered.
opt_design completed successfully
# puts "INFO: opt_design ran = $opt_ran (fix F2)"
INFO: opt_design ran = 1 (fix F2)
# set forensic {}
# foreach m {fp4_mul fp8_mul fp4_cmul fp8_cmul fp4_add_sub fp8_add_sub \
#            fp4_complex_add_sub fp8_complex_add_sub butterfly_wrapper \
#            butterfly_wrapper_gated complex_fp8_to_fp4 complex_fp4_to_fp8} {
#     set n [llength [get_cells -hier -filter "REF_NAME =~ *${m}*" -quiet]]
#     dict set forensic $m $n
#     puts "FORENSIC: ${m} instances kept = $n"
# }
FORENSIC: fp4_mul instances kept = 0
FORENSIC: fp8_mul instances kept = 0
FORENSIC: fp4_cmul instances kept = 0
FORENSIC: fp8_cmul instances kept = 0
FORENSIC: fp4_add_sub instances kept = 0
FORENSIC: fp8_add_sub instances kept = 0
FORENSIC: fp4_complex_add_sub instances kept = 0
FORENSIC: fp8_complex_add_sub instances kept = 0
FORENSIC: butterfly_wrapper instances kept = 1
FORENSIC: butterfly_wrapper_gated instances kept = 0
FORENSIC: complex_fp8_to_fp4 instances kept = 0
FORENSIC: complex_fp4_to_fp8 instances kept = 0
# set n_dsp_prim [llength [get_cells -hier -filter {PRIMITIVE_TYPE =~ MULT.*} -quiet]]
# puts "FORENSIC: DSP48 primitives = $n_dsp_prim"
FORENSIC: DSP48 primitives = 6
# set bf_nets [get_nets -hier -quiet *bf_mult_prec*]
# puts "FORENSIC: bf_mult_prec nets present = [llength $bf_nets] (0 is expected - net is absorbed)"
FORENSIC: bf_mult_prec nets present = 0 (0 is expected - net is absorbed)
# foreach n $bf_nets {
#     puts "FORENSIC:   $n type=[get_property -quiet TYPE $n]"
# }
# report_utilization -hierarchical -hierarchical_depth 6 \
#     -file /tmp/${design_name}_util_hier.rpt
# set util_rpt_file "/tmp/${design_name}_util.rpt"
# report_utilization -file $util_rpt_file
# set lut_count 0 
# set lutram_count 0 
# set dsp_count 0
# set bram_count 0 
# set ff_count 0    
# set io_count 0
# set content ""
# if {[file exists $util_rpt_file]} {
#     set fp [open $util_rpt_file r]; set content [read $fp]; close $fp
# }
# set lines [split $content "\n"]
# foreach line $lines {
#     if {[regexp {^\|\s*(CLB LUTs|Slice LUTs|Slice LUTs\*)\s*\|\s*(\d+)\s*\|} $line -> _l v]} {
#         set lut_count [string trim $v]; break
#     }
# }
# foreach line $lines {
#     if {[regexp {^\|\s*LUT as Memory\s*\|\s*(\d+)\s*\|} $line -> v]} {
#         set lutram_count [string trim $v]; break
#     }
# }
# if {$lut_count == 0} {
#     set ll 0; set lm 0
#     foreach line $lines {
#         if {[regexp {^\|\s*LUT as Logic\s*\|\s*(\d+)\s*\|} $line -> v]}  { set ll [string trim $v] }
#         if {[regexp {^\|\s*LUT as Memory\s*\|\s*(\d+)\s*\|} $line -> v]} { set lm [string trim $v] }
#     }
#     set lut_count [expr {$ll + $lm}]; set lutram_count $lm
# }
# foreach line $lines {
#     if {[regexp {^\|\s*(DSPs|DSP48E\w*)\s*\|\s*(\d+)\s*\|} $line -> _l v]} {
#         set dsp_count [string trim $v]; break
#     }
# }
# foreach line $lines {
#     if {[regexp {^\|\s*Block RAM Tile\s*\|\s*([0-9.]+)\s*\|} $line -> v]} {
#         set bram_count [string trim $v]; break
#     }
# }
# foreach line $lines {
#     if {[regexp {^\|\s*(CLB Registers|Slice Registers|Register as Flip Flop)\s*\|\s*(\d+)\s*\|} $line -> _l v]} {
#         set ff_count [string trim $v]; break
#     }
# }
# foreach line $lines {
#     if {[regexp {^\|\s*Bonded IOB\s*\|\s*(\d+)\s*\|} $line -> v]} {
#         set io_count [string trim $v]; break
#     }
# }
# proc parse_power { rpt } {
#     set tot 0.0 ; set dyn 0.0 ; set sta 0.0
#     if {[file exists $rpt]} {
#         set fp [open $rpt r]; set pc [read $fp]; close $fp
#         foreach line [split $pc "\n"] {
#             if {[regexp {Total On-Chip Power \(W\)\s*\|\s*([0-9.]+)} $line -> v]} { set tot [string trim $v] }
#             if {[regexp {Dynamic \(W\)\s*\|\s*([0-9.]+)}             $line -> v]} { set dyn [string trim $v] }
#             if {[regexp {Device Static \(W\)\s*\|\s*([0-9.]+)}       $line -> v]} { set sta [string trim $v] }
#         }
#     }
#     return [list $tot $dyn $sta]
# }
# set power_rpt_vl "/tmp/${design_name}_power_vectorless.rpt"
# report_power -file $power_rpt_vl
Command: report_power -file /tmp/fp16_fft_256_power_vectorless.rpt
INFO: [Timing 38-35] Done setting XDC timing constraints.
Running Vector-less Activity Propagation...
WARNING: [Timing 38-242] The property HD.CLK_SRC of clock port "clk" is not set. In out-of-context mode, this prevents timing estimation for clock delay/skew
Resolution: Set the HD.CLK_SRC property of the out-of-context port to the location of the clock buffer instance in the top-level design

Finished Running Vector-less Activity Propagation
1 Infos, 1 Warnings, 0 Critical Warnings and 0 Errors encountered.
report_power completed successfully
# lassign [parse_power $power_rpt_vl] tot_vl dyn_vl sta_vl
# puts "INFO: vectorless baseline: dynamic = $dyn_vl W  static = $sta_vl W"
INFO: vectorless baseline: dynamic = 0.037 W  static = 0.069 W
# set saif_used 0
# set saif_read 0
# if { $saif_file ne "" && [file exists $saif_file] } {
#     if { [catch { read_saif -strip_path $saif_strip_path $saif_file } emsg] } {
#         puts "WARNING: read_saif failed ($emsg) - power stays VECTORLESS"
#     } else {
#         set saif_read 1
#         puts "INFO: read_saif returned OK (strip_path = $saif_strip_path)"
#     }
# } else {
#     puts "WARNING: no SAIF - power is VECTORLESS and will NOT vary with the"
#     puts "WARNING: chromosome. Do not use it as an optimisation objective."
# }
WARNING: no SAIF - power is VECTORLESS and will NOT vary with the
WARNING: chromosome. Do not use it as an optimisation objective.
# set power_rpt_file "/tmp/${design_name}_power.rpt"
# report_power -file $power_rpt_file
Command: report_power -file /tmp/fp16_fft_256_power.rpt
Running Vector-less Activity Propagation...

Finished Running Vector-less Activity Propagation
0 Infos, 0 Warnings, 0 Critical Warnings and 0 Errors encountered.
report_power completed successfully
# lassign [parse_power $power_rpt_file] total_power dynamic_power static_power
# if { $saif_read } {
#     if { [expr {abs(double($dynamic_power) - double($dyn_vl))}] < 1e-9 } {
#         set saif_used 0
#         puts "CRITICAL: SAIF annotated NOTHING - dynamic power is identical to the"
#         puts "CRITICAL: vectorless baseline ($dyn_vl W). saif_used = 0. Check the"
#         puts "CRITICAL: -strip_path (currently '$saif_strip_path') against the"
#         puts "CRITICAL: (INSTANCE ...) hierarchy at the top of the SAIF file, and"
#         puts "CRITICAL: remember an RTL SAIF cannot match a post-synthesis netlist"
#         puts "CRITICAL: for renamed/absorbed nets. DO NOT use this power number."
#     } else {
#         set saif_used 1
#         puts "INFO: SAIF is EFFECTIVE - dynamic power moved $dyn_vl W -> $dynamic_power W (fix F3)"
#     }
# }
# set p_fp8_cone 0.0 
# set p_fp4_cone 0.0
# catch {
#     set c8 [get_cells -hier -filter {REF_NAME =~ *fp8_cmul*} -quiet]
#     if { [llength $c8] } {
#         report_power -instance $c8 -file /tmp/${design_name}_power_fp8.rpt
#     }
#     set c4 [get_cells -hier -filter {REF_NAME =~ *fp4_cmul*} -quiet]
#     if { [llength $c4] } {
#         report_power -instance $c4 -file /tmp/${design_name}_power_fp4.rpt
#     }
# }
# set timing_rpt_file "/tmp/${design_name}_timing.rpt"
# report_timing_summary -file $timing_rpt_file -delay_type max -max_paths 10
INFO: [Timing 38-91] UpdateTimingParams: Speed grade: -1, Delay Type: max.
INFO: [Timing 38-191] Multithreading enabled for timing update using a maximum of 8 CPUs
# report_timing -delay_type max -max_paths 1 -nworst 1 -sort_by slack \
#               -file /tmp/${design_name}_timing_worst.rpt
INFO: [Timing 38-91] UpdateTimingParams: Speed grade: -1, Delay Type: max.
INFO: [Timing 38-191] Multithreading enabled for timing update using a maximum of 8 CPUs
INFO: [Timing 38-78] ReportTimingParams: -max_paths 1 -nworst 1 -delay_type max -sort_by slack.
# set wns "N/A"
# set critical_path_delay 100.0
# catch {
#     set wns [get_property -quiet SLACK [lindex [get_timing_paths -max_paths 1 -delay_type max] 0]]
# }
# if { $wns eq "" || $wns eq "N/A" } {
#     if {[file exists $timing_rpt_file]} {
#         set fp [open $timing_rpt_file r]; set tc [read $fp]; close $fp
#         if {[regexp {WNS\(ns\)[^\n]*\n[^\n]*\n\s*([-0-9.]+)} $tc -> v]} { set wns [string trim $v] }
#     }
# }
# if { $wns ne "N/A" && $wns ne "" } {
#     set critical_path_delay [expr {double($clock_period) - double($wns)}]
# }
# set fmax_mhz 0.0
# if { $critical_path_delay > 0 } {
#     set fmax_mhz [expr {1000.0 / $critical_path_delay}]
# }
# set csv_dir [file dirname $csv_output]
# file mkdir $csv_dir
# set fp [open $csv_output w]
# puts $fp "Metric,Value"
# puts $fp "design_name,$design_name"
# puts $fp "top_module,$top_module"
# puts $fp "lut_count,$lut_count"
# puts $fp "lutram_count,$lutram_count"
# puts $fp "dsp_count,$dsp_count"
# puts $fp "bram_count,$bram_count"
# puts $fp "ff_count,$ff_count"
# puts $fp "io_count,$io_count"
# puts $fp "total_power_w,$total_power"
# puts $fp "wns_ns,$wns"
# puts $fp "critical_path_delay_ns,$critical_path_delay"
# puts $fp "clock_period_ns,$clock_period"
# puts $fp "dynamic_power_w,$dynamic_power"
# puts $fp "static_power_w,$static_power"
# puts $fp "saif_used,$saif_used"
# puts $fp "saif_read,$saif_read"
# puts $fp "saif_strip_path,$saif_strip_path"
# puts $fp "dynamic_power_vectorless_w,$dyn_vl"
# puts $fp "opt_design_ran,$opt_ran"
# puts $fp "fmax_mhz,$fmax_mhz"
# puts $fp "dsp48_primitives,$n_dsp_prim"
# puts $fp "use_dsp,$use_dsp"
# dict for {m n} $forensic { puts $fp "kept_$m,$n" }
# close $fp
# puts stdout "INFO: Synthesis complete  : $design_name"
INFO: Synthesis complete  : fp16_fft_256
# puts stdout "INFO:   LUTs            = $lut_count   (opt_design ran = $opt_ran)"
INFO:   LUTs            = 2977   (opt_design ran = 1)
# puts stdout "INFO:   DSPs            = $dsp_count"
INFO:   DSPs            = 6
# puts stdout "INFO:   FFs             = $ff_count"
INFO:   FFs             = 301
# puts stdout "INFO:   Power total     = $total_power W   (SAIF used = $saif_used)"
INFO:   Power total     = 0.106 W   (SAIF used = 0)
# puts stdout "INFO:   Power dynamic   = $dynamic_power W  <-- the objective (saif_used = $saif_used)"
INFO:   Power dynamic   = 0.037 W  <-- the objective (saif_used = 0)
# puts stdout "INFO:   Power dyn (vecless) = $dyn_vl W  <-- must DIFFER if the SAIF worked"
INFO:   Power dyn (vecless) = 0.037 W  <-- must DIFFER if the SAIF worked
# puts stdout "INFO:   Power static    = $static_power W"
INFO:   Power static    = 0.069 W
# puts stdout "INFO:   WNS             = $wns ns"
INFO:   WNS             = -0.323 ns
# puts stdout "INFO:   Crit path       = $critical_path_delay ns  ($fmax_mhz MHz)"
INFO:   Crit path       = 26.143 ns  (38.2511570975022 MHz)
# puts stdout "INFO:   fp8_mul kept    = [dict get $forensic fp8_mul]"
INFO:   fp8_mul kept    = 0
# puts stdout "INFO:   fp4_mul kept    = [dict get $forensic fp4_mul]"
INFO:   fp4_mul kept    = 0
# puts stdout "INFO:   CSV             = $csv_output"
INFO:   CSV             = /home/digital-1/SRIP2026/Updated-FFT-Processor/synth_mixed/constraint_sweep/fp16/n256/p25.82/fp16_fft_256_metrics.csv
INFO: [Common 17-206] Exiting Vivado at Mon Oct  5 13:21:15 2026...
