#-----------------------------------------------------------
# Vivado v2025.2 (64-bit)
# SW Build 6299465 on Fri Nov 14 12:34:56 MST 2025
# IP Build 6300035 on Fri Nov 14 10:48:45 MST 2025
# SharedData Build 6298862 on Thu Nov 13 04:50:51 MST 2025
# Start of session at: Mon Oct  5 13:13:03 2026
# Process ID         : 2987396
# Current directory  : /home/digital-1/SRIP2026/Updated-FFT-Processor
# Command line       : vivado -mode batch -source /home/digital-1/SRIP2026/Updated-FFT-Processor/vivado_synthesis_v2.tcl -nojournal -log /home/digital-1/SRIP2026/Updated-FFT-Processor/synth_mixed/constraint_sweep/fp32/n256/p10.00/fp32_fft_256/pwr_vivado.log -tclargs fp32_fft_256 /home/digital-1/SRIP2026/Updated-FFT-Processor/synth_mixed/constraint_sweep/fp32/n256/p10.00/fp32_fft_256_metrics.csv 10.0 /home/digital-1/SRIP2026/Updated-FFT-Processor/fp32_baseline/generated_cores/fp32_fft_256/fp32_fft_256_core.v /home/digital-1/SRIP2026/Updated-FFT-Processor/fp32_baseline/generated_cores/fp32_fft_256/fp32_fft_256_top.v /home/digital-1/SRIP2026/Updated-FFT-Processor/synth_mixed/constraint_sweep/fp32/n256/p10.00/fp32_fft_256/srcs xc7a35tcpg236-1  1 tb_fp32_power/uut
# Log file           : /home/digital-1/SRIP2026/Updated-FFT-Processor/synth_mixed/constraint_sweep/fp32/n256/p10.00/fp32_fft_256/pwr_vivado.log
# Journal file       : 
# Running On         : redhatacademy301rr
# Platform           : RedHatEnterprise
# Operating System   : Red Hat Enterprise Linux release 8.10 (Ootpa)
# Processor Detail   : 12th Gen Intel(R) Core(TM) i9-12900K
# CPU Frequency      : 3200.000 MHz
# CPU Physical cores : 16
# CPU Logical cores  : 24
# Host memory        : 67013 MB
# Swap memory        : 33709 MB
# Total Virtual      : 100723 MB
# Available Virtual  : 55089 MB
#-----------------------------------------------------------
Sourcing tcl script '/home/digital-1/.Xilinx/Vivado/Vivado_init.tcl'
source /home/digital-1/SRIP2026/Updated-FFT-Processor/vivado_synthesis_v2.tcl
# set design_name  [lindex $argv 0]
# set csv_output   [lindex $argv 1]
# set clock_period [lindex $argv 2]
# set core_file    [lindex $argv 3]
# set top_file     [lindex $argv 4]
# set verilog_dir  [lindex $argv 5]
# set fpga_part "xc7a35tcpg236-1"
# if { [llength $argv] >= 7 } { set fpga_part [lindex $argv 6] }
# set saif_file ""
# if { [llength $argv] >= 8 } { set saif_file [lindex $argv 7] }
# set use_dsp 1
# if { [llength $argv] >= 9 } { set use_dsp [lindex $argv 8] }
# set saif_strip_path "tb_fft_power/uut"
# if { [llength $argv] >= 10 } { set saif_strip_path [lindex $argv 9] }
# set top_module "${design_name}_top"
# puts "INFO: design_name  = $design_name"
INFO: design_name  = fp32_fft_256
# puts "INFO: top_module   = $top_module"
INFO: top_module   = fp32_fft_256_top
# puts "INFO: clock_period = $clock_period ns  ([format %.2f [expr {1000.0/$clock_period}]] MHz)"
INFO: clock_period = 10.0 ns  (100.00 MHz)
# puts "INFO: target_part  = $fpga_part"
INFO: target_part  = xc7a35tcpg236-1
# puts "INFO: saif_file    = [expr {$saif_file eq "" ? "<none - power will be VECTORLESS>" : $saif_file}]"
INFO: saif_file    = <none - power will be VECTORLESS>
# puts "INFO: use_dsp      = $use_dsp"
INFO: use_dsp      = 1
# create_project -in_memory -part $fpga_part
WARNING: [Board 49-91] Board repository path '<extracted path>/vivado-boards/new/board_files' does not exist, it will not be used to search board files.
# foreach f [glob -nocomplain ${verilog_dir}/*.v] {
#     if { [string match "*tb_*" [file tail $f]] == 0 } {
#         add_files -norecurse $f
#     }
# }
# add_files -norecurse $core_file
# add_files -norecurse $top_file
# set_property include_dirs $verilog_dir [current_fileset]
# set_property top $top_module [current_fileset]
# update_compile_order -fileset sources_1
# set xdc_file "/tmp/${design_name}_constr.xdc"
# set xfp [open $xdc_file w]
# puts $xfp "create_clock -period $clock_period -name clk \[get_ports clk\]"
# puts $xfp "set_input_delay  -clock clk 0.500 \[get_ports -filter {DIRECTION == IN && NAME != clk}\]"
# puts $xfp "set_output_delay -clock clk 0.500 \[all_outputs\]"
# close $xfp
# read_xdc $xdc_file
# puts "INFO: constraints attached BEFORE synthesis (fix F1)"
INFO: constraints attached BEFORE synthesis (fix F1)
# set synth_args [list -top $top_module -part $fpga_part -mode out_of_context]
# if { $use_dsp == 0 } {
#     lappend synth_args -max_dsp 0
#     puts "INFO: -max_dsp 0 : DSP48E1 inference disabled (fix F6)"
# }
# eval synth_design $synth_args
Command: synth_design -top fp32_fft_256_top -part xc7a35tcpg236-1 -mode out_of_context
Starting synth_design
Attempting to get a license for feature 'Synthesis' and/or device 'xc7a35t'
INFO: [Common 17-349] Got license for feature 'Synthesis' and/or device 'xc7a35t'
INFO: [Device 21-403] Loading part xc7a35tcpg236-1
INFO: [Common 17-41] Interrupt caught. Command should exit soon.
INFO: [Common 17-41] Interrupt caught. Command should exit soon.
INFO: [Common 17-83] Releasing license: Synthesis
5 Infos, 0 Warnings, 0 Critical Warnings and 1 Errors encountered.
synth_design failed
INFO: [Common 17-344] 'source' was cancelled
INFO: [Common 17-206] Exiting Vivado at Mon Oct  5 13:13:07 2026...
