mixed_dual_bank_memory_concurrent__GB0 507DB540
muxpart__2061_mixed_dual_bank_memory_concurrent 507DBD00
mixed_dual_bank_memory_concurrent__GB3 32BF9FA0
mixed_dual_bank_memory_concurrent__GB4 3148E0E0
mixed_dual_bank_memory_concurrent__GB5 3FEF1D80
mixed_dual_bank_memory_concurrent__GB6 35FEA5A0
muxpart__4114_mixed_dual_bank_memory_concurrent 35FEA5E0
mixed_dual_bank_memory_concurrent__GB9 419B5B40
mixed_dual_bank_memory_concurrent__GB10 47BBE800
mixed_dual_bank_memory_concurrent__GB11 419B4AE0
mixed_dual_bank_memory_concurrent__GB12 408F8860
muxpart__4116_mixed_dual_bank_memory_concurrent 408F88A0
mixed_dual_bank_memory_concurrent__GB15 48700860
mixed_dual_bank_memory_concurrent__GB16 33534A40
mixed_dual_bank_memory_concurrent__GB17 43DEC860
mixed_dual_bank_memory_concurrent__GB18 35525BE0
muxpart__4117_mixed_dual_bank_memory_concurrent 35BF40E0
mixed_dual_bank_memory_concurrent__GB21 4D602660
mixed_dual_bank_memory_concurrent__GB22 4BF9D060
mixed_dual_bank_memory_concurrent__GB23 4BF9C220
mixed_dual_bank_memory_concurrent__GB2 32F827A0
mixed_dual_bank_memory_concurrent__GB8 4DAB2460
mixed_dual_bank_memory_concurrent__GB14 4D42FD80
mixed_dual_bank_memory_concurrent__GB20 4DAB9A80
mixed_dual_bank_memory_concurrent__GB24 4C6C4C40
fft_1024_sol24_gen3_core__GC0 1BAE3FC0
fft_1024_sol24_gen3_top__GC0 4B987CE0
